Component: ARM Compiler 5.05 update 1 (build 106) Tool: armlink [4d0efa]

==============================================================================

Section Cross References

    system_stm32f1xx.o(i.SystemCoreClockUpdate) refers to system_stm32f1xx.o(.data) for .data
    system_stm32f1xx.o(i.SystemCoreClockUpdate) refers to system_stm32f1xx.o(.constdata) for .constdata
    wenyu_tmp_ctl_bsp.o(i.BSP_BUZZER_Init) refers to stm32f1xx_hal_gpio.o(i.HAL_GPIO_Init) for HAL_GPIO_Init
    wenyu_tmp_ctl_bsp.o(i.BSP_BUZZER_Init) refers to stm32f1xx_hal_gpio.o(i.HAL_GPIO_WritePin) for HAL_GPIO_WritePin
    wenyu_tmp_ctl_bsp.o(i.BSP_BUZZER_Init) refers to wenyu_tmp_ctl_bsp.o(.constdata) for .constdata
    wenyu_tmp_ctl_bsp.o(i.BSP_BUZZER_Init) refers to wenyu_tmp_ctl_bsp.o(.data) for .data
    wenyu_tmp_ctl_bsp.o(i.BSP_BUZZER_Off) refers to stm32f1xx_hal_gpio.o(i.HAL_GPIO_WritePin) for HAL_GPIO_WritePin
    wenyu_tmp_ctl_bsp.o(i.BSP_BUZZER_Off) refers to wenyu_tmp_ctl_bsp.o(.constdata) for .constdata
    wenyu_tmp_ctl_bsp.o(i.BSP_BUZZER_Off) refers to wenyu_tmp_ctl_bsp.o(.data) for .data
    wenyu_tmp_ctl_bsp.o(i.BSP_BUZZER_On) refers to stm32f1xx_hal_gpio.o(i.HAL_GPIO_WritePin) for HAL_GPIO_WritePin
    wenyu_tmp_ctl_bsp.o(i.BSP_BUZZER_On) refers to wenyu_tmp_ctl_bsp.o(.constdata) for .constdata
    wenyu_tmp_ctl_bsp.o(i.BSP_BUZZER_On) refers to wenyu_tmp_ctl_bsp.o(.data) for .data
    wenyu_tmp_ctl_bsp.o(i.BSP_BUZZER_Toggle) refers to stm32f1xx_hal_gpio.o(i.HAL_GPIO_TogglePin) for HAL_GPIO_TogglePin
    wenyu_tmp_ctl_bsp.o(i.BSP_BUZZER_Toggle) refers to wenyu_tmp_ctl_bsp.o(.constdata) for .constdata
    wenyu_tmp_ctl_bsp.o(i.BSP_BUZZER_Toggle) refers to wenyu_tmp_ctl_bsp.o(.data) for .data
    wenyu_tmp_ctl_bsp.o(i.BSP_DS18B20_Get_Temp) refers to wenyu_tmp_ctl_bsp.o(i.BSP_DS18B20_Rst) for BSP_DS18B20_Rst
    wenyu_tmp_ctl_bsp.o(i.BSP_DS18B20_Get_Temp) refers to wenyu_tmp_ctl_bsp.o(i.BSP_DS18B20_Presence) for BSP_DS18B20_Presence
    wenyu_tmp_ctl_bsp.o(i.BSP_DS18B20_Get_Temp) refers to wenyu_tmp_ctl_bsp.o(i.BSP_DS18B20_Write_Byte) for BSP_DS18B20_Write_Byte
    wenyu_tmp_ctl_bsp.o(i.BSP_DS18B20_Get_Temp) refers to wenyu_tmp_ctl_bsp.o(i.BSP_DS18B20_Read_Byte) for BSP_DS18B20_Read_Byte
    wenyu_tmp_ctl_bsp.o(i.BSP_DS18B20_Get_Temp) refers to dflti.o(.text) for __aeabi_i2d
    wenyu_tmp_ctl_bsp.o(i.BSP_DS18B20_Get_Temp) refers to dmul.o(.text) for __aeabi_dmul
    wenyu_tmp_ctl_bsp.o(i.BSP_DS18B20_Get_Temp) refers to d2f.o(.text) for __aeabi_d2f
    wenyu_tmp_ctl_bsp.o(i.BSP_DS18B20_Init) refers to wenyu_tmp_ctl_bsp.o(i.BSP_DS18B20_Rst) for BSP_DS18B20_Rst
    wenyu_tmp_ctl_bsp.o(i.BSP_DS18B20_Init) refers to wenyu_tmp_ctl_bsp.o(i.BSP_DS18B20_Presence) for BSP_DS18B20_Presence
    wenyu_tmp_ctl_bsp.o(i.BSP_DS18B20_Mode_IPU) refers to stm32f1xx_hal_gpio.o(i.HAL_GPIO_Init) for HAL_GPIO_Init
    wenyu_tmp_ctl_bsp.o(i.BSP_DS18B20_Mode_Out_PP) refers to stm32f1xx_hal_gpio.o(i.HAL_GPIO_Init) for HAL_GPIO_Init
    wenyu_tmp_ctl_bsp.o(i.BSP_DS18B20_Presence) refers to wenyu_tmp_ctl_bsp.o(i.BSP_DS18B20_Mode_IPU) for BSP_DS18B20_Mode_IPU
    wenyu_tmp_ctl_bsp.o(i.BSP_DS18B20_Presence) refers to wenyu_tmp_ctl_bsp.o(i.BSP_udelay) for BSP_udelay
    wenyu_tmp_ctl_bsp.o(i.BSP_DS18B20_Presence) refers to stm32f1xx_hal_gpio.o(i.HAL_GPIO_ReadPin) for HAL_GPIO_ReadPin
    wenyu_tmp_ctl_bsp.o(i.BSP_DS18B20_Read_Byte) refers to wenyu_tmp_ctl_bsp.o(i.BSP_DS18B20_Mode_Out_PP) for BSP_DS18B20_Mode_Out_PP
    wenyu_tmp_ctl_bsp.o(i.BSP_DS18B20_Read_Byte) refers to stm32f1xx_hal_gpio.o(i.HAL_GPIO_WritePin) for HAL_GPIO_WritePin
    wenyu_tmp_ctl_bsp.o(i.BSP_DS18B20_Read_Byte) refers to wenyu_tmp_ctl_bsp.o(i.BSP_udelay) for BSP_udelay
    wenyu_tmp_ctl_bsp.o(i.BSP_DS18B20_Read_Byte) refers to wenyu_tmp_ctl_bsp.o(i.BSP_DS18B20_Mode_IPU) for BSP_DS18B20_Mode_IPU
    wenyu_tmp_ctl_bsp.o(i.BSP_DS18B20_Read_Byte) refers to stm32f1xx_hal_gpio.o(i.HAL_GPIO_ReadPin) for HAL_GPIO_ReadPin
    wenyu_tmp_ctl_bsp.o(i.BSP_DS18B20_Rst) refers to wenyu_tmp_ctl_bsp.o(i.BSP_DS18B20_Mode_Out_PP) for BSP_DS18B20_Mode_Out_PP
    wenyu_tmp_ctl_bsp.o(i.BSP_DS18B20_Rst) refers to stm32f1xx_hal_gpio.o(i.HAL_GPIO_WritePin) for HAL_GPIO_WritePin
    wenyu_tmp_ctl_bsp.o(i.BSP_DS18B20_Rst) refers to wenyu_tmp_ctl_bsp.o(i.BSP_udelay) for BSP_udelay
    wenyu_tmp_ctl_bsp.o(i.BSP_DS18B20_Start) refers to wenyu_tmp_ctl_bsp.o(i.BSP_DS18B20_Rst) for BSP_DS18B20_Rst
    wenyu_tmp_ctl_bsp.o(i.BSP_DS18B20_Start) refers to wenyu_tmp_ctl_bsp.o(i.BSP_DS18B20_Presence) for BSP_DS18B20_Presence
    wenyu_tmp_ctl_bsp.o(i.BSP_DS18B20_Start) refers to wenyu_tmp_ctl_bsp.o(i.BSP_DS18B20_Write_Byte) for BSP_DS18B20_Write_Byte
    wenyu_tmp_ctl_bsp.o(i.BSP_DS18B20_Write_Byte) refers to wenyu_tmp_ctl_bsp.o(i.BSP_DS18B20_Mode_Out_PP) for BSP_DS18B20_Mode_Out_PP
    wenyu_tmp_ctl_bsp.o(i.BSP_DS18B20_Write_Byte) refers to stm32f1xx_hal_gpio.o(i.HAL_GPIO_WritePin) for HAL_GPIO_WritePin
    wenyu_tmp_ctl_bsp.o(i.BSP_DS18B20_Write_Byte) refers to wenyu_tmp_ctl_bsp.o(i.BSP_udelay) for BSP_udelay
[...]
    Removing stm32f1xx_hal_tim.o(.rev16_text), (4 bytes).
    Removing stm32f1xx_hal_tim.o(.revsh_text), (4 bytes).
    Removing stm32f1xx_hal_tim.o(.rrx_text), (6 bytes).
    Removing stm32f1xx_hal_tim.o(i.HAL_TIM_Base_DeInit), (56 bytes).
    Removing stm32f1xx_hal_tim.o(i.HAL_TIM_Base_GetState), (6 bytes).
    Removing stm32f1xx_hal_tim.o(i.HAL_TIM_Base_Init), (56 bytes).
    Removing stm32f1xx_hal_tim.o(i.HAL_TIM_Base_MspDeInit), (2 bytes).
    Removing stm32f1xx_hal_tim.o(i.HAL_TIM_Base_MspInit), (2 bytes).
    Removing stm32f1xx_hal_tim.o(i.HAL_TIM_Base_Start), (26 bytes).
    Removing stm32f1xx_hal_tim.o(i.HAL_TIM_Base_Start_DMA), (100 bytes).
    Removing stm32f1xx_hal_tim.o(i.HAL_TIM_Base_Start_IT), (24 bytes).
    Removing stm32f1xx_hal_tim.o(i.HAL_TIM_Base_Stop), (44 bytes).
    Removing stm32f1xx_hal_tim.o(i.HAL_TIM_Base_Stop_DMA), (48 bytes).
    Removing stm32f1xx_hal_tim.o(i.HAL_TIM_Base_Stop_IT), (42 bytes).
    Removing stm32f1xx_hal_tim.o(i.HAL_TIM_ConfigClockSource), (272 bytes).
    Removing stm32f1xx_hal_tim.o(i.HAL_TIM_ConfigOCrefClear), (216 bytes).
    Removing stm32f1xx_hal_tim.o(i.HAL_TIM_ConfigTI1Input), (16 bytes).
    Removing stm32f1xx_hal_tim.o(i.HAL_TIM_DMABurst_ReadStart), (344 bytes).
    Removing stm32f1xx_hal_tim.o(i.HAL_TIM_DMABurst_ReadStop), (120 bytes).
    Removing stm32f1xx_hal_tim.o(i.HAL_TIM_DMABurst_WriteStart), (336 bytes).
    Removing stm32f1xx_hal_tim.o(i.HAL_TIM_DMABurst_WriteStop), (120 bytes).
    Removing stm32f1xx_hal_tim.o(i.HAL_TIM_Encoder_DeInit), (56 bytes).
    Removing stm32f1xx_hal_tim.o(i.HAL_TIM_Encoder_GetState), (6 bytes).
    Removing stm32f1xx_hal_tim.o(i.HAL_TIM_Encoder_Init), (186 bytes).
    Removing stm32f1xx_hal_tim.o(i.HAL_TIM_Encoder_MspDeInit), (2 bytes).
    Removing stm32f1xx_hal_tim.o(i.HAL_TIM_Encoder_MspInit), (2 bytes).
    Removing stm32f1xx_hal_tim.o(i.HAL_TIM_Encoder_Start), (66 bytes).
    Removing stm32f1xx_hal_tim.o(i.HAL_TIM_Encoder_Start_DMA), (292 bytes).
    Removing stm32f1xx_hal_tim.o(i.HAL_TIM_Encoder_Start_IT), (106 bytes).
    Removing stm32f1xx_hal_tim.o(i.HAL_TIM_Encoder_Stop), (84 bytes).
    Removing stm32f1xx_hal_tim.o(i.HAL_TIM_Encoder_Stop_DMA), (130 bytes).
    Removing stm32f1xx_hal_tim.o(i.HAL_TIM_Encoder_Stop_IT), (130 bytes).
    Removing stm32f1xx_hal_tim.o(i.HAL_TIM_ErrorCallback), (2 bytes).
    Removing stm32f1xx_hal_tim.o(i.HAL_TIM_GenerateEvent), (42 bytes).
    Removing stm32f1xx_hal_tim.o(i.HAL_TIM_IC_CaptureCallback), (2 bytes).
    Removing stm32f1xx_hal_tim.o(i.HAL_TIM_IC_ConfigChannel), (190 bytes).
    Removing stm32f1xx_hal_tim.o(i.HAL_TIM_IC_DeInit), (56 bytes).
    Removing stm32f1xx_hal_tim.o(i.HAL_TIM_IC_GetState), (6 bytes).
    Removing stm32f1xx_hal_tim.o(i.HAL_TIM_IC_Init), (56 bytes).
    Removing stm32f1xx_hal_tim.o(i.HAL_TIM_IC_MspDeInit), (2 bytes).
    Removing stm32f1xx_hal_tim.o(i.HAL_TIM_IC_MspInit), (2 bytes).
    Removing stm32f1xx_hal_tim.o(i.HAL_TIM_IC_Start), (26 bytes).
    Removing stm32f1xx_hal_tim.o(i.HAL_TIM_IC_Start_DMA), (232 bytes).
    Removing stm32f1xx_hal_tim.o(i.HAL_TIM_IC_Start_IT), (84 bytes).
    Removing stm32f1xx_hal_tim.o(i.HAL_TIM_IC_Stop), (44 bytes).
    Removing stm32f1xx_hal_tim.o(i.HAL_TIM_IC_Stop_DMA), (108 bytes).
    Removing stm32f1xx_hal_tim.o(i.HAL_TIM_IC_Stop_IT), (102 bytes).
    Removing stm32f1xx_hal_tim.o(i.HAL_TIM_IRQHandler), (372 bytes).
    Removing stm32f1xx_hal_tim.o(i.HAL_TIM_OC_ConfigChannel), (86 bytes).
    Removing stm32f1xx_hal_tim.o(i.HAL_TIM_OC_DeInit), (56 bytes).
    Removing stm32f1xx_hal_tim.o(i.HAL_TIM_OC_DelayElapsedCallback), (2 bytes).
    Removing stm32f1xx_hal_tim.o(i.HAL_TIM_OC_GetState), (6 bytes).
    Removing stm32f1xx_hal_tim.o(i.HAL_TIM_OC_Init), (56 bytes).
    Removing stm32f1xx_hal_tim.o(i.HAL_TIM_OC_MspDeInit), (2 bytes).
    Removing stm32f1xx_hal_tim.o(i.HAL_TIM_OC_MspInit), (2 bytes).
    Removing stm32f1xx_hal_tim.o(i.HAL_TIM_OC_Start), (46 bytes).
    Removing stm32f1xx_hal_tim.o(i.HAL_TIM_OC_Start_DMA), (256 bytes).
    Removing stm32f1xx_hal_tim.o(i.HAL_TIM_OC_Start_IT), (104 bytes).
    Removing stm32f1xx_hal_tim.o(i.HAL_TIM_OC_Stop), (76 bytes).
    Removing stm32f1xx_hal_tim.o(i.HAL_TIM_OC_Stop_DMA), (140 bytes).
    Removing stm32f1xx_hal_tim.o(i.HAL_TIM_OC_Stop_IT), (134 bytes).
    Removing stm32f1xx_hal_tim.o(i.HAL_TIM_OnePulse_ConfigChannel), (246 bytes).
    Removing stm32f1xx_hal_tim.o(i.HAL_TIM_OnePulse_DeInit), (56 bytes).
    Removing stm32f1xx_hal_tim.o(i.HAL_TIM_OnePulse_GetState), (6 bytes).
    Removing stm32f1xx_hal_tim.o(i.HAL_TIM_OnePulse_Init), (76 bytes).
    Removing stm32f1xx_hal_tim.o(i.HAL_TIM_OnePulse_MspDeInit), (2 bytes).
    Removing stm32f1xx_hal_tim.o(i.HAL_TIM_OnePulse_MspInit), (2 bytes).
    Removing stm32f1xx_hal_tim.o(i.HAL_TIM_OnePulse_Start), (48 bytes).
    Removing stm32f1xx_hal_tim.o(i.HAL_TIM_OnePulse_Start_IT), (68 bytes).
    Removing stm32f1xx_hal_tim.o(i.HAL_TIM_OnePulse_Stop), (88 bytes).
    Removing stm32f1xx_hal_tim.o(i.HAL_TIM_OnePulse_Stop_IT), (108 bytes).
    Removing stm32f1xx_hal_tim.o(i.HAL_TIM_PWM_DeInit), (56 bytes).
    Removing stm32f1xx_hal_tim.o(i.HAL_TIM_PWM_GetState), (6 bytes).
    Removing stm32f1xx_hal_tim.o(i.HAL_TIM_PWM_MspDeInit), (2 bytes).
    Removing stm32f1xx_hal_tim.o(i.HAL_TIM_PWM_MspInit), (2 bytes).
    Removing stm32f1xx_hal_tim.o(i.HAL_TIM_PWM_PulseFinishedCallback), (2 bytes).
    Removing stm32f1xx_hal_tim.o(i.HAL_TIM_PWM_Start), (46 bytes).
    Removing stm32f1xx_hal_tim.o(i.HAL_TIM_PWM_Start_DMA), (256 bytes).
    Removing stm32f1xx_hal_tim.o(i.HAL_TIM_PWM_Start_IT), (104 bytes).
    Removing stm32f1xx_hal_tim.o(i.HAL_TIM_PWM_Stop), (82 bytes).
    Removing stm32f1xx_hal_tim.o(i.HAL_TIM_PWM_Stop_DMA), (140 bytes).
    Removing stm32f1xx_hal_tim.o(i.HAL_TIM_PWM_Stop_IT), (134 bytes).
    Removing stm32f1xx_hal_tim.o(i.HAL_TIM_PeriodElapsedCallback), (2 bytes).
    Removing stm32f1xx_hal_tim.o(i.HAL_TIM_ReadCapturedValue), (68 bytes).
    Removing stm32f1xx_hal_tim.o(i.HAL_TIM_SlaveConfigSynchronization), (66 bytes).
    Removing stm32f1xx_hal_tim.o(i.HAL_TIM_SlaveConfigSynchronization_IT), (66 bytes).
    Removing stm32f1xx_hal_tim.o(i.HAL_TIM_TriggerCallback), (2 bytes).
    Removing stm32f1xx_hal_tim.o(i.TIM_CCxChannelCmd), (26 bytes).
    Removing stm32f1xx_hal_tim.o(i.TIM_DMACaptureCplt), (66 bytes).
    Removing stm32f1xx_hal_tim.o(i.TIM_DMADelayPulseCplt), (66 bytes).
    Removing stm32f1xx_hal_tim.o(i.TIM_DMAError), (16 bytes).
    Removing stm32f1xx_hal_tim.o(i.TIM_DMAPeriodElapsedCplt), (16 bytes).
    Removing stm32f1xx_hal_tim.o(i.TIM_DMATriggerCplt), (16 bytes).
    Removing stm32f1xx_hal_tim.o(i.TIM_ETR_SetConfig), (22 bytes).
    Removing stm32f1xx_hal_tim.o(i.TIM_ITRx_SetConfig), (16 bytes).
    Removing stm32f1xx_hal_tim.o(i.TIM_SlaveTimer_SetConfig), (128 bytes).
    Removing stm32f1xx_hal_tim.o(i.TIM_TI1_ConfigInputStage), (38 bytes).
    Removing stm32f1xx_hal_tim.o(i.TIM_TI1_SetConfig), (94 bytes).
    Removing stm32f1xx_hal_tim.o(i.TIM_TI2_ConfigInputStage), (36 bytes).
    Removing stm32f1xx_hal_tim.o(i.TIM_TI2_SetConfig), (64 bytes).
    Removing stm32f1xx_hal_tim.o(i.TIM_TI3_SetConfig), (60 bytes).
    Removing stm32f1xx_hal_tim.o(i.TIM_TI4_SetConfig), (64 bytes).
    Removing main.o(.rev16_text), (4 bytes).
    Removing main.o(.revsh_text), (4 bytes).
    Removing main.o(.rrx_text), (6 bytes).
    Removing stm32f1xx_it.o(.rev16_text), (4 bytes).
    Removing stm32f1xx_it.o(.revsh_text), (4 bytes).
    Removing stm32f1xx_it.o(.rrx_text), (6 bytes).
    Removing stm32f1xx_hal_msp.o(.rev16_text), (4 bytes).
    Removing stm32f1xx_hal_msp.o(.revsh_text), (4 bytes).
    Removing stm32f1xx_hal_msp.o(.rrx_text), (6 bytes).
    Removing stm32f1xx_hal_msp.o(i.HAL_ADC_MspDeInit), (40 bytes).
    Removing stm32f1xx_hal_msp.o(i.HAL_RTC_MspDeInit), (42 bytes).
    Removing stm32f1xx_hal_msp.o(i.HAL_SPI_MspDeInit), (40 bytes).
    Removing stm32f1xx_hal_msp.o(i.HAL_TIM_PWM_MspDeInit), (40 bytes).
    Removing stm32f1xx_hal_msp.o(i.HAL_UART_MspDeInit), (44 bytes).
    Removing stm32f1xx_hal_msp.o(i.HAL_WWDG_MspDeInit), (28 bytes).
    Removing tmp_ctl.o(.rev16_text), (4 bytes).
    Removing tmp_ctl.o(.revsh_text), (4 bytes).
    Removing tmp_ctl.o(.rrx_text), (6 bytes).
    Removing tmp_ctl.o(i.BuzzerOFF), (6 bytes).
    Removing tmp_ctl.o(i.BuzzerON), (6 bytes).
    Removing tmp_ctl.o(i.BuzzerOutPut), (32 bytes).
    Removing tmp_ctl.o(i.GetTemp), (12 bytes).
    Removing tmp_ctl.o(i.Init), (2 bytes).
    Removing tmp_ctl.o(i.PWMOutPut), (2 bytes).
    Removing tmp_ctl.o(i.SetBuzzer), (12 bytes).
    Removing tmp_ctl.o(i.SetTemp), (12 bytes).
    Removing tmp_ctl.o(i.SwitchOFF), (24 bytes).
    Removing tmp_ctl.o(.bss), (60 bytes).
    Removing tmp_ctl.o(.data), (6 bytes).
    Removing tmp_ctl.o(.data), (6 bytes).
    Removing tmp_ctl.o(.data), (6 bytes).
    Removing tmp_ctl.o(.data), (4 bytes).
    Removing tmp_ctl.o(.data), (4 bytes).
    Removing tmp_ctl.o(.data), (4 bytes).
    Removing tmp_ctl.o(.data), (4 bytes).
    Removing tmp_ctl.o(.data), (4 bytes).
    Removing tmp_ctl.o(.data), (4 bytes).
    Removing tmp_ctl.o(.data), (4 bytes).
    Removing tmp_ctl.o(.data), (4 bytes).
    Removing startup_stm32f103xb.o(HEAP), (512 bytes).
    Removing tasks.o(i.prvListTaskWithinSingleList), (126 bytes).
    Removing tasks.o(i.prvTaskCheckFreeStackSpace), (24 bytes).
    Removing tasks.o(i.prvTaskIsTaskSuspended), (48 bytes).
    Removing tasks.o(i.pvTaskIncrementMutexHeldCount), (24 bytes).
    Removing tasks.o(i.ulTaskNotifyTake), (144 bytes).
    Removing tasks.o(i.uxTaskGetNumberOfTasks), (12 bytes).
    Removing tasks.o(i.uxTaskGetSystemState), (152 bytes).
    Removing tasks.o(i.uxTaskGetTaskNumber), (12 bytes).
    Removing tasks.o(i.uxTaskPriorityGet), (28 bytes).
    Removing tasks.o(i.uxTaskPriorityGetFromISR), (32 bytes).
    Removing tasks.o(i.uxTaskResetEventItemValue), (24 bytes).
    Removing tasks.o(i.vTaskDelete), (148 bytes).
    Removing tasks.o(i.vTaskEndScheduler), (24 bytes).
    Removing tasks.o(i.vTaskMissedYield), (12 bytes).
    Removing tasks.o(i.vTaskNotifyGiveFromISR), (156 bytes).
    Removing tasks.o(i.vTaskPlaceOnEventList), (96 bytes).
    Removing tasks.o(i.vTaskPlaceOnUnorderedEventList), (116 bytes).
    Removing tasks.o(i.vTaskPriorityInherit), (140 bytes).
    Removing tasks.o(i.vTaskPrioritySet), (196 bytes).
    Removing tasks.o(i.vTaskResume), (104 bytes).
    Removing tasks.o(i.vTaskSetTaskNumber), (8 bytes).
    Removing tasks.o(i.vTaskSetTimeOutState), (28 bytes).
    Removing tasks.o(i.vTaskSuspend), (156 bytes).
    Removing tasks.o(i.xTaskCheckForTimeOut), (100 bytes).
    Removing tasks.o(i.xTaskGenericNotify), (172 bytes).
    Removing tasks.o(i.xTaskGetCurrentTaskHandle), (12 bytes).
    Removing tasks.o(i.xTaskGetTickCount), (12 bytes).
    Removing tasks.o(i.xTaskGetTickCountFromISR), (16 bytes).
    Removing tasks.o(i.xTaskNotifyFromISR), (200 bytes).
    Removing tasks.o(i.xTaskNotifyWait), (180 bytes).
    Removing tasks.o(i.xTaskPriorityDisinherit), (136 bytes).
    Removing tasks.o(i.xTaskRemoveFromEventList), (112 bytes).
    Removing tasks.o(i.xTaskRemoveFromUnorderedEventList), (100 bytes).
    Removing tasks.o(i.xTaskResumeFromISR), (128 bytes).
    Removing queue.o(i.prvCopyDataFromQueue), (36 bytes).
    Removing queue.o(i.prvCopyDataToQueue), (112 bytes).
    Removing queue.o(i.prvIsQueueEmpty), (26 bytes).
    Removing queue.o(i.prvIsQueueFull), (30 bytes).
    Removing queue.o(i.prvUnlockQueue), (104 bytes).
    Removing queue.o(i.ucQueueGetQueueType), (6 bytes).
    Removing queue.o(i.uxQueueGetQueueNumber), (4 bytes).
    Removing queue.o(i.uxQueueMessagesWaiting), (28 bytes).
    Removing queue.o(i.uxQueueMessagesWaitingFromISR), (16 bytes).
    Removing queue.o(i.uxQueueSpacesAvailable), (32 bytes).
    Removing queue.o(i.vQueueAddToRegistry), (40 bytes).
    Removing queue.o(i.vQueueDelete), (30 bytes).
    Removing queue.o(i.vQueueSetQueueNumber), (4 bytes).
    Removing queue.o(i.vQueueUnregisterQueue), (36 bytes).
    Removing queue.o(i.xQueueCreateCountingSemaphore), (48 bytes).
    Removing queue.o(i.xQueueCreateMutex), (82 bytes).
    Removing queue.o(i.xQueueGenericCreate), (84 bytes).
    Removing queue.o(i.xQueueGenericReceive), (312 bytes).
    Removing queue.o(i.xQueueGenericReset), (112 bytes).
    Removing queue.o(i.xQueueGenericSend), (284 bytes).
    Removing queue.o(i.xQueueGenericSendFromISR), (144 bytes).
    Removing queue.o(i.xQueueGiveFromISR), (122 bytes).
    Removing queue.o(i.xQueueGiveMutexRecursive), (54 bytes).
    Removing queue.o(i.xQueueIsQueueEmptyFromISR), (24 bytes).
    Removing queue.o(i.xQueueIsQueueFullFromISR), (28 bytes).
    Removing queue.o(i.xQueuePeekFromISR), (86 bytes).
    Removing queue.o(i.xQueueReceiveFromISR), (122 bytes).
    Removing queue.o(i.xQueueTakeMutexRecursive), (60 bytes).
    Removing queue.o(.bss), (64 bytes).
    Removing port.o(i.vPortEndScheduler), (24 bytes).
    Removing port.o(i.vPortValidateInterruptPriority), (64 bytes).
    Removing cmsis_os.o(i.inHandlerMode), (16 bytes).
    Removing cmsis_os.o(i.makeCmsisPriority), (14 bytes).
    Removing cmsis_os.o(i.osDelayUntil), (4 bytes).
    Removing cmsis_os.o(i.osKernelRunning), (18 bytes).
    Removing cmsis_os.o(i.osKernelSysTick), (24 bytes).
    Removing cmsis_os.o(i.osMailAlloc), (14 bytes).
    Removing cmsis_os.o(i.osMailCAlloc), (24 bytes).
    Removing cmsis_os.o(i.osMailCreate), (112 bytes).
    Removing cmsis_os.o(i.osMailFree), (14 bytes).
    Removing cmsis_os.o(i.osMailGet), (172 bytes).
    Removing cmsis_os.o(i.osMailPut), (96 bytes).
    Removing cmsis_os.o(i.osMessageCreate), (10 bytes).
    Removing cmsis_os.o(i.osMessageGet), (164 bytes).
    Removing cmsis_os.o(i.osMessagePeek), (96 bytes).
    Removing cmsis_os.o(i.osMessagePut), (92 bytes).
    Removing cmsis_os.o(i.osMutexCreate), (6 bytes).
    Removing cmsis_os.o(i.osMutexDelete), (24 bytes).
    Removing cmsis_os.o(i.osMutexRelease), (72 bytes).
    Removing cmsis_os.o(i.osMutexWait), (100 bytes).
    Removing cmsis_os.o(i.osPoolAlloc), (102 bytes).
    Removing cmsis_os.o(i.osPoolCAlloc), (16 bytes).
    Removing cmsis_os.o(i.osPoolCreate), (110 bytes).
    Removing cmsis_os.o(i.osPoolFree), (66 bytes).
    Removing cmsis_os.o(i.osRecursiveMutexCreate), (6 bytes).
    Removing cmsis_os.o(i.osRecursiveMutexRelease), (18 bytes).
    Removing cmsis_os.o(i.osRecursiveMutexWait), (46 bytes).
    Removing cmsis_os.o(i.osSemaphoreCreate), (48 bytes).
    Removing cmsis_os.o(i.osSemaphoreDelete), (24 bytes).
    Removing cmsis_os.o(i.osSemaphoreRelease), (72 bytes).
    Removing cmsis_os.o(i.osSemaphoreWait), (100 bytes).
    Removing cmsis_os.o(i.osSignalSet), (80 bytes).
    Removing cmsis_os.o(i.osSignalWait), (104 bytes).
    Removing cmsis_os.o(i.osThreadGetId), (4 bytes).
    Removing cmsis_os.o(i.osThreadGetPriority), (38 bytes).
    Removing cmsis_os.o(i.osThreadList), (4 bytes).
    Removing cmsis_os.o(i.osThreadResume), (44 bytes).
    Removing cmsis_os.o(i.osThreadResumeAll), (18 bytes).
    Removing cmsis_os.o(i.osThreadSetPriority), (22 bytes).
    Removing cmsis_os.o(i.osThreadSuspend), (10 bytes).
    Removing cmsis_os.o(i.osThreadSuspendAll), (10 bytes).
    Removing cmsis_os.o(i.osThreadTerminate), (10 bytes).
    Removing cmsis_os.o(i.osThreadYield), (10 bytes).
    Removing cmsis_os.o(i.osTimerCreate), (4 bytes).
    Removing cmsis_os.o(i.osTimerDelete), (4 bytes).
    Removing cmsis_os.o(i.osTimerStart), (4 bytes).
    Removing cmsis_os.o(i.osTimerStop), (4 bytes).
    Removing event_groups.o(i.prvTestWaitCondition), (24 bytes).
    Removing event_groups.o(i.uxEventGroupGetNumber), (12 bytes).
    Removing event_groups.o(i.vEventGroupClearBitsCallback), (4 bytes).
    Removing event_groups.o(i.vEventGroupDelete), (58 bytes).
    Removing event_groups.o(i.vEventGroupSetBitsCallback), (4 bytes).
    Removing event_groups.o(i.xEventGroupClearBits), (48 bytes).
    Removing event_groups.o(i.xEventGroupCreate), (26 bytes).
    Removing event_groups.o(i.xEventGroupGetBitsFromISR), (18 bytes).
    Removing event_groups.o(i.xEventGroupSetBits), (146 bytes).
    Removing event_groups.o(i.xEventGroupSync), (158 bytes).
    Removing event_groups.o(i.xEventGroupWaitBits), (210 bytes).
    Removing heap_4.o(i.vPortInitialiseBlocks), (2 bytes).
    Removing heap_4.o(i.xPortGetFreeHeapSize), (12 bytes).
    Removing heap_4.o(i.xPortGetMinimumEverFreeHeapSize), (12 bytes).

629 unused section(s) (total 41150 bytes) removed from the image.

==============================================================================

Image Symbol Table

    Local Symbols

    Symbol Name                              Value     Ov Type        Size  Object(Section)

    ../Drivers/CMSIS/Device/ST/STM32F1xx/Source/Templates/arm/startup_stm32f103xb.s 0x00000000   Number         0  startup_stm32f103xb.o ABSOLUTE
    ../Drivers/CMSIS/Device/ST/STM32F1xx/Source/Templates/system_stm32f1xx.c 0x00000000   Number         0  system_stm32f1xx.o ABSOLUTE
    ../Drivers/STM32F1xx_HAL_Driver/Src/stm32f1xx_hal.c 0x00000000   Number         0  stm32f1xx_hal.o ABSOLUTE
    ../Drivers/STM32F1xx_HAL_Driver/Src/stm32f1xx_hal_adc.c 0x00000000   Number         0  stm32f1xx_hal_adc.o ABSOLUTE
    ../Drivers/STM32F1xx_HAL_Driver/Src/stm32f1xx_hal_adc_ex.c 0x00000000   Number         0  stm32f1xx_hal_adc_ex.o ABSOLUTE
    ../Drivers/STM32F1xx_HAL_Driver/Src/stm32f1xx_hal_cortex.c 0x00000000   Number         0  stm32f1xx_hal_cortex.o ABSOLUTE
    ../Drivers/STM32F1xx_HAL_Driver/Src/stm32f1xx_hal_dma.c 0x00000000   Number         0  stm32f1xx_hal_dma.o ABSOLUTE
    ../Drivers/STM32F1xx_HAL_Driver/Src/stm32f1xx_hal_flash.c 0x00000000   Number         0  stm32f1xx_hal_flash.o ABSOLUTE
    ../Drivers/STM32F1xx_HAL_Driver/Src/stm32f1xx_hal_flash_ex.c 0x00000000   Number         0  stm32f1xx_hal_flash_ex.o ABSOLUTE
    ../Drivers/STM32F1xx_HAL_Driver/Src/stm32f1xx_hal_gpio.c 0x00000000   Number         0  stm32f1xx_hal_gpio.o ABSOLUTE
    ../Drivers/STM32F1xx_HAL_Driver/Src/stm32f1xx_hal_gpio_ex.c 0x00000000   Number         0  stm32f1xx_hal_gpio_ex.o ABSOLUTE
    ../Drivers/STM32F1xx_HAL_Driver/Src/stm32f1xx_hal_iwdg.c 0x00000000   Number         0  stm32f1xx_hal_iwdg.o ABSOLUTE
    ../Drivers/STM32F1xx_HAL_Driver/Src/stm32f1xx_hal_pwr.c 0x00000000   Number         0  stm32f1xx_hal_pwr.o ABSOLUTE
    ../Drivers/STM32F1xx_HAL_Driver/Src/stm32f1xx_hal_rcc.c 0x00000000   Number         0  stm32f1xx_hal_rcc.o ABSOLUTE
    ../Drivers/STM32F1xx_HAL_Driver/Src/stm32f1xx_hal_rcc_ex.c 0x00000000   Number         0  stm32f1xx_hal_rcc_ex.o ABSOLUTE
    ../Drivers/STM32F1xx_HAL_Driver/Src/stm32f1xx_hal_rtc.c 0x00000000   Number         0  stm32f1xx_hal_rtc.o ABSOLUTE
    ../Drivers/STM32F1xx_HAL_Driver/Src/stm32f1xx_hal_rtc_ex.c 0x00000000   Number         0  stm32f1xx_hal_rtc_ex.o ABSOLUTE
    ../Drivers/STM32F1xx_HAL_Driver/Src/stm32f1xx_hal_spi.c 0x00000000   Number         0  stm32f1xx_hal_spi.o ABSOLUTE
    ../Drivers/STM32F1xx_HAL_Driver/Src/stm32f1xx_hal_spi_ex.c 0x00000000   Number         0  stm32f1xx_hal_spi_ex.o ABSOLUTE
    ../Drivers/STM32F1xx_HAL_Driver/Src/stm32f1xx_hal_tim.c 0x00000000   Number         0  stm32f1xx_hal_tim.o ABSOLUTE
    ../Drivers/STM32F1xx_HAL_Driver/Src/stm32f1xx_hal_tim_ex.c 0x00000000   Number         0  stm32f1xx_hal_tim_ex.o ABSOLUTE
    ../Drivers/STM32F1xx_HAL_Driver/Src/stm32f1xx_hal_uart.c 0x00000000   Number         0  stm32f1xx_hal_uart.o ABSOLUTE
    ../Drivers/STM32F1xx_HAL_Driver/Src/stm32f1xx_hal_wwdg.c 0x00000000   Number         0  stm32f1xx_hal_wwdg.o ABSOLUTE
    ../Middlewares/Third_Party/FreeRTOS/Source/CMSIS_RTOS/cmsis_os.c 0x00000000   Number         0  cmsis_os.o ABSOLUTE
    ../Middlewares/Third_Party/FreeRTOS/Source/croutine.c 0x00000000   Number         0  croutine.o ABSOLUTE
    ../Middlewares/Third_Party/FreeRTOS/Source/event_groups.c 0x00000000   Number         0  event_groups.o ABSOLUTE
    ../Middlewares/Third_Party/FreeRTOS/Source/list.c 0x00000000   Number         0  list.o ABSOLUTE
    ../Middlewares/Third_Party/FreeRTOS/Source/portable/MemMang/heap_4.c 0x00000000   Number         0  heap_4.o ABSOLUTE
    ../Middlewares/Third_Party/FreeRTOS/Source/portable/RVDS/ARM_CM3/port.c 0x00000000   Number         0  port.o ABSOLUTE
    ../Middlewares/Third_Party/FreeRTOS/Source/queue.c 0x00000000   Number         0  queue.o ABSOLUTE
    ../Middlewares/Third_Party/FreeRTOS/Source/tasks.c 0x00000000   Number         0  tasks.o ABSOLUTE
    ../Middlewares/Third_Party/FreeRTOS/Source/timers.c 0x00000000   Number         0  timers.o ABSOLUTE
    ../Src/freertos.c                        0x00000000   Number         0  freertos.o ABSOLUTE
    ../Src/main.c                            0x00000000   Number         0  main.o ABSOLUTE
    ../Src/stm32f1xx_hal_msp.c               0x00000000   Number         0  stm32f1xx_hal_msp.o ABSOLUTE
    ../Src/stm32f1xx_it.c                    0x00000000   Number         0  stm32f1xx_it.o ABSOLUTE
    ../clib/microlib/init/entry.s            0x00000000   Number         0  entry7a.o ABSOLUTE
    ../clib/microlib/init/entry.s            0x00000000   Number         0  entry5.o ABSOLUTE
    ../clib/microlib/init/entry.s            0x00000000   Number         0  entry10a.o ABSOLUTE
    ../clib/microlib/init/entry.s            0x00000000   Number         0  entry.o ABSOLUTE
    ../clib/microlib/init/entry.s            0x00000000   Number         0  entry11b.o ABSOLUTE
    ../clib/microlib/init/entry.s            0x00000000   Number         0  entry11a.o ABSOLUTE
    ../clib/microlib/init/entry.s            0x00000000   Number         0  entry10b.o ABSOLUTE
    ../clib/microlib/init/entry.s            0x00000000   Number         0  entry2.o ABSOLUTE
    ../clib/microlib/init/entry.s            0x00000000   Number         0  entry9b.o ABSOLUTE
    ../clib/microlib/init/entry.s            0x00000000   Number         0  entry9a.o ABSOLUTE
    ../clib/microlib/init/entry.s            0x00000000   Number         0  entry8b.o ABSOLUTE
    ../clib/microlib/init/entry.s            0x00000000   Number         0  entry8a.o ABSOLUTE
    ../clib/microlib/init/entry.s            0x00000000   Number         0  entry7b.o ABSOLUTE
    ../clib/microlib/longlong.c              0x00000000   Number         0  llushr.o ABSOLUTE
    ../clib/microlib/longlong.c              0x00000000   Number         0  llshl.o ABSOLUTE
    ../clib/microlib/string/memcpy.c         0x00000000   Number         0  memcpya.o ABSOLUTE
    ../clib/microlib/string/memcpy.c         0x00000000   Number         0  memcpyb.o ABSOLUTE
    ../clib/microlib/string/memset.c         0x00000000   Number         0  memseta.o ABSOLUTE
    ../clib/microlib/stubs.s                 0x00000000   Number         0  iusefp.o ABSOLUTE
    ../fplib/microlib/d2f.c                  0x00000000   Number         0  d2f.o ABSOLUTE
    ../fplib/microlib/fpepilogue.c           0x00000000   Number         0  depilogue.o ABSOLUTE
    ../fplib/microlib/fpepilogue.c           0x00000000   Number         0  fepilogue.o ABSOLUTE
    ../fplib/microlib/fpflt.c                0x00000000   Number         0  dflti.o ABSOLUTE
    ../fplib/microlib/fpmul.c                0x00000000   Number         0  dmul.o ABSOLUTE
    ..\Drivers\BSP\wenyu_tmp_ctl_bsp.c       0x00000000   Number         0  wenyu_tmp_ctl_bsp.o ABSOLUTE
    ..\Drivers\CMSIS\Device\ST\STM32F1xx\Source\Templates\system_stm32f1xx.c 0x00000000   Number         0  system_stm32f1xx.o ABSOLUTE
    ..\Drivers\STM32F1xx_HAL_Driver\Src\stm32f1xx_hal.c 0x00000000   Number         0  stm32f1xx_hal.o ABSOLUTE
    ..\Drivers\STM32F1xx_HAL_Driver\Src\stm32f1xx_hal_adc.c 0x00000000   Number         0  stm32f1xx_hal_adc.o ABSOLUTE
    ..\Drivers\STM32F1xx_HAL_Driver\Src\stm32f1xx_hal_adc_ex.c 0x00000000   Number         0  stm32f1xx_hal_adc_ex.o ABSOLUTE
    ..\Drivers\STM32F1xx_HAL_Driver\Src\stm32f1xx_hal_cortex.c 0x00000000   Number         0  stm32f1xx_hal_cortex.o ABSOLUTE
    ..\Drivers\STM32F1xx_HAL_Driver\Src\stm32f1xx_hal_dma.c 0x00000000   Number         0  stm32f1xx_hal_dma.o ABSOLUTE
    ..\Drivers\STM32F1xx_HAL_Driver\Src\stm32f1xx_hal_flash.c 0x00000000   Number         0  stm32f1xx_hal_flash.o ABSOLUTE
    ..\Drivers\STM32F1xx_HAL_Driver\Src\stm32f1xx_hal_flash_ex.c 0x00000000   Number         0  stm32f1xx_hal_flash_ex.o ABSOLUTE
    ..\Drivers\STM32F1xx_HAL_Driver\Src\stm32f1xx_hal_gpio.c 0x00000000   Number         0  stm32f1xx_hal_gpio.o ABSOLUTE
    ..\Drivers\STM32F1xx_HAL_Driver\Src\stm32f1xx_hal_gpio_ex.c 0x00000000   Number         0  stm32f1xx_hal_gpio_ex.o ABSOLUTE
    ..\Drivers\STM32F1xx_HAL_Driver\Src\stm32f1xx_hal_iwdg.c 0x00000000   Number         0  stm32f1xx_hal_iwdg.o ABSOLUTE
    ..\Drivers\STM32F1xx_HAL_Driver\Src\stm32f1xx_hal_pwr.c 0x00000000   Number         0  stm32f1xx_hal_pwr.o ABSOLUTE
    ..\Drivers\STM32F1xx_HAL_Driver\Src\stm32f1xx_hal_rcc.c 0x00000000   Number         0  stm32f1xx_hal_rcc.o ABSOLUTE
    ..\Drivers\STM32F1xx_HAL_Driver\Src\stm32f1xx_hal_rcc_ex.c 0x00000000   Number         0  stm32f1xx_hal_rcc_ex.o ABSOLUTE
    ..\Drivers\STM32F1xx_HAL_Driver\Src\stm32f1xx_hal_rtc.c 0x00000000   Number         0  stm32f1xx_hal_rtc.o ABSOLUTE
    ..\Drivers\STM32F1xx_HAL_Driver\Src\stm32f1xx_hal_rtc_ex.c 0x00000000   Number         0  stm32f1xx_hal_rtc_ex.o ABSOLUTE
    ..\Drivers\STM32F1xx_HAL_Driver\Src\stm32f1xx_hal_spi.c 0x00000000   Number         0  stm32f1xx_hal_spi.o ABSOLUTE
    ..\Drivers\STM32F1xx_HAL_Driver\Src\stm32f1xx_hal_spi_ex.c 0x00000000   Number         0  stm32f1xx_hal_spi_ex.o ABSOLUTE
    ..\Drivers\STM32F1xx_HAL_Driver\Src\stm32f1xx_hal_tim.c 0x00000000   Number         0  stm32f1xx_hal_tim.o ABSOLUTE
    ..\Drivers\STM32F1xx_HAL_Driver\Src\stm32f1xx_hal_tim_ex.c 0x00000000   Number         0  stm32f1xx_hal_tim_ex.o ABSOLUTE
    ..\Drivers\STM32F1xx_HAL_Driver\Src\stm32f1xx_hal_uart.c 0x00000000   Number         0  stm32f1xx_hal_uart.o ABSOLUTE
    ..\Drivers\STM32F1xx_HAL_Driver\Src\stm32f1xx_hal_wwdg.c 0x00000000   Number         0  stm32f1xx_hal_wwdg.o ABSOLUTE
    ..\Middlewares\Third_Party\FreeRTOS\Source\portable\RVDS\ARM_CM3\port.c 0x00000000   Number         0  port.o ABSOLUTE
    ..\Src\main.c                            0x00000000   Number         0  main.o ABSOLUTE
    ..\Src\stm32f1xx_hal_msp.c               0x00000000   Number         0  stm32f1xx_hal_msp.o ABSOLUTE
    ..\Src\stm32f1xx_it.c                    0x00000000   Number         0  stm32f1xx_it.o ABSOLUTE
    ..\Src\tmp_ctl.c                         0x00000000   Number         0  tmp_ctl.o ABSOLUTE
    ..\\Drivers\\BSP\\wenyu_tmp_ctl_bsp.c    0x00000000   Number         0  wenyu_tmp_ctl_bsp.o ABSOLUTE
    ..\\Src\\tmp_ctl.c                       0x00000000   Number         0  tmp_ctl.o ABSOLUTE
    dc.s                                     0x00000000   Number         0  dc.o ABSOLUTE
    handlers.s                               0x00000000   Number         0  handlers.o ABSOLUTE
    init.s                                   0x00000000   Number         0  init.o ABSOLUTE
    RESET                                    0x08000000   Section      236  startup_stm32f103xb.o(RESET)
    .ARM.Collect$$$$00000000                 0x080000ec   Section        0  entry.o(.ARM.Collect$$$$00000000)
    .ARM.Collect$$$$00000001                 0x080000ec   Section        4  entry2.o(.ARM.Collect$$$$00000001)
    .ARM.Collect$$$$00000004                 0x080000f0   Section        4  entry5.o(.ARM.Collect$$$$00000004)
    .ARM.Collect$$$$00000008                 0x080000f4   Section        0  entry7b.o(.ARM.Collect$$$$00000008)
    .ARM.Collect$$$$0000000A                 0x080000f4   Section        0  entry8b.o(.ARM.Collect$$$$0000000A)
    .ARM.Collect$$$$0000000B                 0x080000f4   Section        8  entry9a.o(.ARM.Collect$$$$0000000B)
    .ARM.Collect$$$$0000000D                 0x080000fc   Section        0  entry10a.o(.ARM.Collect$$$$0000000D)
    .ARM.Collect$$$$0000000F                 0x080000fc   Section        0  entry11a.o(.ARM.Collect$$$$0000000F)
    .ARM.Collect$$$$00002712                 0x080000fc   Section        4  entry2.o(.ARM.Collect$$$$00002712)
    __lit__00000000                          0x080000fc   Data           4  entry2.o(.ARM.Collect$$$$00002712)
    .emb_text                                0x08000100   Section      162  port.o(.emb_text)
    .text                                    0x080001a4   Section       36  startup_stm32f103xb.o(.text)
    .text                                    0x080001c8   Section        0  llushr.o(.text)
    .text                                    0x080001e8   Section        0  memseta.o(.text)
    .text                                    0x0800020c   Section        0  dmul.o(.text)
    .text                                    0x080002f0   Section        0  dflti.o(.text)
    .text                                    0x08000312   Section        0  d2f.o(.text)
    .text                                    0x0800034a   Section        0  iusefp.o(.text)
    .text                                    0x0800034a   Section        0  fepilogue.o(.text)
    .text                                    0x080003b8   Section        0  depilogue.o(.text)
    .text                                    0x08000474   Section       36  init.o(.text)
    .text                                    0x08000498   Section        0  llshl.o(.text)
    i.ADC_ConversionStop_Disable             0x080004b6   Section        0  stm32f1xx_hal_adc.o(i.ADC_ConversionStop_Disable)
    i.BSP_BUZZER_Off                         0x08000508   Section        0  wenyu_tmp_ctl_bsp.o(i.BSP_BUZZER_Off)
    i.BSP_BUZZER_On                          0x08000524   Section        0  wenyu_tmp_ctl_bsp.o(i.BSP_BUZZER_On)
    i.BSP_DS18B20_Get_Temp                   0x08000540   Section        0  wenyu_tmp_ctl_bsp.o(i.BSP_DS18B20_Get_Temp)
    i.BSP_DS18B20_Init                       0x0800059c   Section        0  wenyu_tmp_ctl_bsp.o(i.BSP_DS18B20_Init)
    i.BSP_DS18B20_Mode_IPU                   0x080005ac   Section        0  wenyu_tmp_ctl_bsp.o(i.BSP_DS18B20_Mode_IPU)
    BSP_DS18B20_Mode_IPU                     0x080005ad   Thumb Code    24  wenyu_tmp_ctl_bsp.o(i.BSP_DS18B20_Mode_IPU)
    i.BSP_DS18B20_Mode_Out_PP                0x080005c8   Section        0  wenyu_tmp_ctl_bsp.o(i.BSP_DS18B20_Mode_Out_PP)
    BSP_DS18B20_Mode_Out_PP                  0x080005c9   Thumb Code    28  wenyu_tmp_ctl_bsp.o(i.BSP_DS18B20_Mode_Out_PP)
    i.BSP_DS18B20_Presence                   0x080005e8   Section        0  wenyu_tmp_ctl_bsp.o(i.BSP_DS18B20_Presence)
    BSP_DS18B20_Presence                     0x080005e9   Thumb Code    84  wenyu_tmp_ctl_bsp.o(i.BSP_DS18B20_Presence)
    i.BSP_DS18B20_Read_Byte                  0x08000640   Section        0  wenyu_tmp_ctl_bsp.o(i.BSP_DS18B20_Read_Byte)
    i.BSP_DS18B20_Rst                        0x08000694   Section        0  wenyu_tmp_ctl_bsp.o(i.BSP_DS18B20_Rst)
    BSP_DS18B20_Rst                          0x08000695   Thumb Code    46  wenyu_tmp_ctl_bsp.o(i.BSP_DS18B20_Rst)
    i.BSP_DS18B20_Write_Byte                 0x080006c8   Section        0  wenyu_tmp_ctl_bsp.o(i.BSP_DS18B20_Write_Byte)
    i.BSP_udelay                             0x08000728   Section        0  wenyu_tmp_ctl_bsp.o(i.BSP_udelay)
    i.HAL_ADC_ConfigChannel                  0x08000764   Section        0  stm32f1xx_hal_adc.o(i.HAL_ADC_ConfigChannel)
    i.HAL_ADC_Init                           0x080008fc   Section        0  stm32f1xx_hal_adc.o(i.HAL_ADC_Init)
    i.HAL_ADC_MspInit                        0x08000a38   Section        0  stm32f1xx_hal_msp.o(i.HAL_ADC_MspInit)
    i.HAL_Delay                              0x08000a74   Section        0  stm32f1xx_hal.o(i.HAL_Delay)
    i.HAL_GPIO_Init                          0x08000a8c   Section        0  stm32f1xx_hal_gpio.o(i.HAL_GPIO_Init)
    i.HAL_GPIO_ReadPin                       0x08000c70   Section        0  stm32f1xx_hal_gpio.o(i.HAL_GPIO_ReadPin)
    i.HAL_GPIO_WritePin                      0x08000c7e   Section        0  stm32f1xx_hal_gpio.o(i.HAL_GPIO_WritePin)
    i.HAL_GetTick                            0x08000c8c   Section        0  stm32f1xx_hal.o(i.HAL_GetTick)
    i.HAL_IWDG_Init                          0x08000c98   Section        0  stm32f1xx_hal_iwdg.o(i.HAL_IWDG_Init)
    i.HAL_IWDG_MspInit                       0x08000cf8   Section        0  stm32f1xx_hal_msp.o(i.HAL_IWDG_MspInit)
    i.HAL_IncTick                            0x08000cfc   Section        0  stm32f1xx_hal.o(i.HAL_IncTick)
    i.HAL_Init                               0x08000d0c   Section        0  stm32f1xx_hal.o(i.HAL_Init)
    i.HAL_InitTick                           0x08000d30   Section        0  stm32f1xx_hal.o(i.HAL_InitTick)
    i.HAL_MspInit                            0x08000d54   Section        0  stm32f1xx_hal_msp.o(i.HAL_MspInit)
    i.HAL_NVIC_SetPriority                   0x08000d8c   Section        0  stm32f1xx_hal_cortex.o(i.HAL_NVIC_SetPriority)
    i.HAL_NVIC_SetPriorityGrouping           0x08000df4   Section        0  stm32f1xx_hal_cortex.o(i.HAL_NVIC_SetPriorityGrouping)
    i.HAL_PWR_EnableBkUpAccess               0x08000e18   Section        0  stm32f1xx_hal_pwr.o(i.HAL_PWR_EnableBkUpAccess)
    i.HAL_RCCEx_GetPeriphCLKFreq             0x08000e34   Section        0  stm32f1xx_hal_rcc_ex.o(i.HAL_RCCEx_GetPeriphCLKFreq)
    i.HAL_RCCEx_PeriphCLKConfig              0x08000f5c   Section        0  stm32f1xx_hal_rcc_ex.o(i.HAL_RCCEx_PeriphCLKConfig)
    i.HAL_RCC_ClockConfig                    0x080010e4   Section        0  stm32f1xx_hal_rcc.o(i.HAL_RCC_ClockConfig)
    i.HAL_RCC_GetHCLKFreq                    0x08001404   Section        0  stm32f1xx_hal_rcc.o(i.HAL_RCC_GetHCLKFreq)
    i.HAL_RCC_GetPCLK1Freq                   0x08001438   Section        0  stm32f1xx_hal_rcc.o(i.HAL_RCC_GetPCLK1Freq)
    i.HAL_RCC_GetPCLK2Freq                   0x08001464   Section        0  stm32f1xx_hal_rcc.o(i.HAL_RCC_GetPCLK2Freq)
    i.HAL_RCC_GetSysClockFreq                0x08001490   Section        0  stm32f1xx_hal_rcc.o(i.HAL_RCC_GetSysClockFreq)
    i.HAL_RCC_OscConfig                      0x08001528   Section        0  stm32f1xx_hal_rcc.o(i.HAL_RCC_OscConfig)
    i.HAL_RTCEx_SetTamper                    0x08001ec4   Section        0  stm32f1xx_hal_rtc_ex.o(i.HAL_RTCEx_SetTamper)
    i.HAL_RTC_Init                           0x08001f2c   Section        0  stm32f1xx_hal_rtc.o(i.HAL_RTC_Init)
    i.HAL_RTC_MspInit                        0x08001fe4   Section        0  stm32f1xx_hal_msp.o(i.HAL_RTC_MspInit)
    i.HAL_RTC_SetDate                        0x08002028   Section        0  stm32f1xx_hal_rtc.o(i.HAL_RTC_SetDate)
    i.HAL_RTC_SetTime                        0x08002108   Section        0  stm32f1xx_hal_rtc.o(i.HAL_RTC_SetTime)
    i.HAL_RTC_WaitForSynchro                 0x080021ca   Section        0  stm32f1xx_hal_rtc.o(i.HAL_RTC_WaitForSynchro)
    i.HAL_SPI_Init                           0x08002210   Section        0  stm32f1xx_hal_spi_ex.o(i.HAL_SPI_Init)
    i.HAL_SPI_MspInit                        0x0800229c   Section        0  stm32f1xx_hal_msp.o(i.HAL_SPI_MspInit)
    i.HAL_SYSTICK_CLKSourceConfig            0x080022f4   Section        0  stm32f1xx_hal_cortex.o(i.HAL_SYSTICK_CLKSourceConfig)
    i.HAL_SYSTICK_Config                     0x08002310   Section        0  stm32f1xx_hal_cortex.o(i.HAL_SYSTICK_Config)
    i.HAL_TIMEx_MasterConfigSynchronization  0x08002338   Section        0  stm32f1xx_hal_tim_ex.o(i.HAL_TIMEx_MasterConfigSynchronization)
    i.HAL_TIM_PWM_ConfigChannel              0x0800239e   Section        0  stm32f1xx_hal_tim.o(i.HAL_TIM_PWM_ConfigChannel)
    i.HAL_TIM_PWM_Init                       0x0800247a   Section        0  stm32f1xx_hal_tim.o(i.HAL_TIM_PWM_Init)
    i.HAL_TIM_PWM_MspInit                    0x080024b4   Section        0  stm32f1xx_hal_msp.o(i.HAL_TIM_PWM_MspInit)
    i.HAL_UART_Init                          0x08002508   Section        0  stm32f1xx_hal_uart.o(i.HAL_UART_Init)
    i.HAL_UART_MspInit                       0x08002568   Section        0  stm32f1xx_hal_msp.o(i.HAL_UART_MspInit)
    i.HAL_WWDG_Init                          0x080025c0   Section        0  stm32f1xx_hal_wwdg.o(i.HAL_WWDG_Init)
    i.HAL_WWDG_MspInit                       0x0800260c   Section        0  stm32f1xx_hal_msp.o(i.HAL_WWDG_MspInit)
    i.MX_ADC1_Init                           0x08002634   Section        0  main.o(i.MX_ADC1_Init)
    MX_ADC1_Init                             0x08002635   Thumb Code    52  main.o(i.MX_ADC1_Init)
    i.MX_GPIO_Init                           0x08002670   Section        0  main.o(i.MX_GPIO_Init)
    MX_GPIO_Init                             0x08002671   Thumb Code   148  main.o(i.MX_GPIO_Init)
    i.MX_IWDG_Init                           0x08002714   Section        0  main.o(i.MX_IWDG_Init)
    MX_IWDG_Init                             0x08002715   Thumb Code    20  main.o(i.MX_IWDG_Init)
    i.MX_RTC_Init                            0x08002730   Section        0  main.o(i.MX_RTC_Init)
    MX_RTC_Init                              0x08002731   Thumb Code    92  main.o(i.MX_RTC_Init)
    i.MX_SPI1_Init                           0x08002794   Section        0  main.o(i.MX_SPI1_Init)
    MX_SPI1_Init                             0x08002795   Thumb Code    44  main.o(i.MX_SPI1_Init)
    i.MX_TIM3_Init                           0x080027c8   Section        0  main.o(i.MX_TIM3_Init)
    MX_TIM3_Init                             0x080027c9   Thumb Code    60  main.o(i.MX_TIM3_Init)
    i.MX_USART1_UART_Init                    0x0800280c   Section        0  main.o(i.MX_USART1_UART_Init)
    MX_USART1_UART_Init                      0x0800280d   Thumb Code    32  main.o(i.MX_USART1_UART_Init)
    i.MX_WWDG_Init                           0x08002834   Section        0  main.o(i.MX_WWDG_Init)
    MX_WWDG_Init                             0x08002835   Thumb Code    20  main.o(i.MX_WWDG_Init)
    i.RTC_Bcd2ToByte                         0x08002850   Section        0  stm32f1xx_hal_rtc.o(i.RTC_Bcd2ToByte)
    RTC_Bcd2ToByte                           0x08002851   Thumb Code    18  stm32f1xx_hal_rtc.o(i.RTC_Bcd2ToByte)
    i.RTC_EnterInitMode                      0x08002862   Section        0  stm32f1xx_hal_rtc.o(i.RTC_EnterInitMode)
    RTC_EnterInitMode                        0x08002863   Thumb Code    60  stm32f1xx_hal_rtc.o(i.RTC_EnterInitMode)
    i.RTC_ExitInitMode                       0x0800289e   Section        0  stm32f1xx_hal_rtc.o(i.RTC_ExitInitMode)
    RTC_ExitInitMode                         0x0800289f   Thumb Code    60  stm32f1xx_hal_rtc.o(i.RTC_ExitInitMode)
    i.RTC_ReadAlarmCounter                   0x080028da   Section        0  stm32f1xx_hal_rtc.o(i.RTC_ReadAlarmCounter)
    RTC_ReadAlarmCounter                     0x080028db   Thumb Code    14  stm32f1xx_hal_rtc.o(i.RTC_ReadAlarmCounter)
    i.RTC_ReadTimeCounter                    0x080028e8   Section        0  stm32f1xx_hal_rtc.o(i.RTC_ReadTimeCounter)
    RTC_ReadTimeCounter                      0x080028e9   Thumb Code    32  stm32f1xx_hal_rtc.o(i.RTC_ReadTimeCounter)
    i.RTC_WeekDayNum                         0x08002908   Section        0  stm32f1xx_hal_rtc.o(i.RTC_WeekDayNum)
    RTC_WeekDayNum                           0x08002909   Thumb Code   126  stm32f1xx_hal_rtc.o(i.RTC_WeekDayNum)
    i.RTC_WriteAlarmCounter                  0x08002990   Section        0  stm32f1xx_hal_rtc.o(i.RTC_WriteAlarmCounter)
    RTC_WriteAlarmCounter                    0x08002991   Thumb Code    46  stm32f1xx_hal_rtc.o(i.RTC_WriteAlarmCounter)
    i.RTC_WriteTimeCounter                   0x080029be   Section        0  stm32f1xx_hal_rtc.o(i.RTC_WriteTimeCounter)
    RTC_WriteTimeCounter                     0x080029bf   Thumb Code    46  stm32f1xx_hal_rtc.o(i.RTC_WriteTimeCounter)
    i.StartDefaultTask                       0x080029ec   Section        0  main.o(i.StartDefaultTask)
    i.SysTick_Handler                        0x08002a50   Section        0  stm32f1xx_it.o(i.SysTick_Handler)
    i.SystemClock_Config                     0x08002a5e   Section        0  main.o(i.SystemClock_Config)
    i.SystemInit                             0x08002ac0   Section        0  system_stm32f1xx.o(i.SystemInit)
    i.TIM_Base_SetConfig                     0x08002b08   Section        0  stm32f1xx_hal_tim.o(i.TIM_Base_SetConfig)
    i.TIM_OC1_SetConfig                      0x08002b70   Section        0  stm32f1xx_hal_tim.o(i.TIM_OC1_SetConfig)
    TIM_OC1_SetConfig                        0x08002b71   Thumb Code    98  stm32f1xx_hal_tim.o(i.TIM_OC1_SetConfig)
    i.TIM_OC2_SetConfig                      0x08002bd8   Section        0  stm32f1xx_hal_tim.o(i.TIM_OC2_SetConfig)
    i.TIM_OC3_SetConfig                      0x08002c40   Section        0  stm32f1xx_hal_tim.o(i.TIM_OC3_SetConfig)
    TIM_OC3_SetConfig                        0x08002c41   Thumb Code   100  stm32f1xx_hal_tim.o(i.TIM_OC3_SetConfig)
    i.TIM_OC4_SetConfig                      0x08002ca8   Section        0  stm32f1xx_hal_tim.o(i.TIM_OC4_SetConfig)
    TIM_OC4_SetConfig                        0x08002ca9   Thumb Code    78  stm32f1xx_hal_tim.o(i.TIM_OC4_SetConfig)
    i.UART_SetConfig                         0x08002cf8   Section        0  stm32f1xx_hal_uart.o(i.UART_SetConfig)
    UART_SetConfig                           0x08002cf9   Thumb Code   284  stm32f1xx_hal_uart.o(i.UART_SetConfig)
    i.__scatterload_copy                     0x08002e18   Section       14  handlers.o(i.__scatterload_copy)
    i.__scatterload_null                     0x08002e26   Section        2  handlers.o(i.__scatterload_null)
    i.__scatterload_zeroinit                 0x08002e28   Section       14  handlers.o(i.__scatterload_zeroinit)
    i.main                                   0x08002e38   Section        0  main.o(i.main)
    i.makeFreeRtosPriority                   0x08002e90   Section        0  cmsis_os.o(i.makeFreeRtosPriority)
    makeFreeRtosPriority                     0x08002e91   Thumb Code    12  cmsis_os.o(i.makeFreeRtosPriority)
    i.osDelay                                0x08002e9c   Section        0  cmsis_os.o(i.osDelay)
    i.osKernelStart                          0x08002eac   Section        0  cmsis_os.o(i.osKernelStart)
    i.osSystickHandler                       0x08002eb6   Section        0  cmsis_os.o(i.osSystickHandler)
    i.osThreadCreate                         0x08002eca   Section        0  cmsis_os.o(i.osThreadCreate)
    i.prvAddCurrentTaskToDelayedList         0x08002f04   Section        0  tasks.o(i.prvAddCurrentTaskToDelayedList)
    prvAddCurrentTaskToDelayedList           0x08002f05   Thumb Code    50  tasks.o(i.prvAddCurrentTaskToDelayedList)
    i.prvAllocateTCBAndStack                 0x08002f3c   Section        0  tasks.o(i.prvAllocateTCBAndStack)
    prvAllocateTCBAndStack                   0x08002f3d   Thumb Code    62  tasks.o(i.prvAllocateTCBAndStack)
    i.prvCheckTasksWaitingTermination        0x08002f7c   Section        0  tasks.o(i.prvCheckTasksWaitingTermination)
    prvCheckTasksWaitingTermination          0x08002f7d   Thumb Code    78  tasks.o(i.prvCheckTasksWaitingTermination)
    i.prvDeleteTCB                           0x08002fd4   Section        0  tasks.o(i.prvDeleteTCB)
    prvDeleteTCB                             0x08002fd5   Thumb Code    20  tasks.o(i.prvDeleteTCB)
    i.prvHeapInit                            0x08002fe8   Section        0  heap_4.o(i.prvHeapInit)
    prvHeapInit                              0x08002fe9   Thumb Code    70  heap_4.o(i.prvHeapInit)
    i.prvIdleTask                            0x08003038   Section        0  tasks.o(i.prvIdleTask)
    prvIdleTask                              0x08003039   Thumb Code    18  tasks.o(i.prvIdleTask)
    i.prvInitialiseTCBVariables              0x08003050   Section        0  tasks.o(i.prvInitialiseTCBVariables)
    prvInitialiseTCBVariables                0x08003051   Thumb Code    76  tasks.o(i.prvInitialiseTCBVariables)
    i.prvInitialiseTaskLists                 0x0800309c   Section        0  tasks.o(i.prvInitialiseTaskLists)
    prvInitialiseTaskLists                   0x0800309d   Thumb Code    66  tasks.o(i.prvInitialiseTaskLists)
    i.prvInsertBlockIntoFreeList             0x080030fc   Section        0  heap_4.o(i.prvInsertBlockIntoFreeList)
    prvInsertBlockIntoFreeList               0x080030fd   Thumb Code    84  heap_4.o(i.prvInsertBlockIntoFreeList)
    i.prvResetNextTaskUnblockTime            0x08003158   Section        0  tasks.o(i.prvResetNextTaskUnblockTime)
    prvResetNextTaskUnblockTime              0x08003159   Thumb Code    30  tasks.o(i.prvResetNextTaskUnblockTime)
    i.prvTaskExitError                       0x0800317c   Section        0  port.o(i.prvTaskExitError)
    prvTaskExitError                         0x0800317d   Thumb Code    22  port.o(i.prvTaskExitError)
    i.pvPortMalloc                           0x08003198   Section        0  heap_4.o(i.pvPortMalloc)
    i.pxPortInitialiseStack                  0x0800325c   Section        0  port.o(i.pxPortInitialiseStack)
    i.uxListRemove                           0x0800327c   Section        0  list.o(i.uxListRemove)
    i.vListInitialise                        0x080032a0   Section        0  list.o(i.vListInitialise)
    i.vListInitialiseItem                    0x080032b6   Section        0  list.o(i.vListInitialiseItem)
    i.vListInsert                            0x080032bc   Section        0  list.o(i.vListInsert)
    i.vListInsertEnd                         0x080032f2   Section        0  list.o(i.vListInsertEnd)
    i.vPortEnterCritical                     0x0800330c   Section        0  port.o(i.vPortEnterCritical)
    i.vPortExitCritical                      0x08003344   Section        0  port.o(i.vPortExitCritical)
    i.vPortFree                              0x0800336c   Section        0  heap_4.o(i.vPortFree)
    i.vPortSetupTimerInterrupt               0x080033b4   Section        0  port.o(i.vPortSetupTimerInterrupt)
    i.vPortYield                             0x080033d4   Section        0  port.o(i.vPortYield)
    i.vTaskDelay                             0x080033ec   Section        0  tasks.o(i.vTaskDelay)
    i.vTaskStartScheduler                    0x08003444   Section        0  tasks.o(i.vTaskStartScheduler)
    i.vTaskSuspendAll                        0x08003498   Section        0  tasks.o(i.vTaskSuspendAll)
    i.vTaskSwitchContext                     0x080034a8   Section        0  tasks.o(i.vTaskSwitchContext)
    i.xPortStartScheduler                    0x08003500   Section        0  port.o(i.xPortStartScheduler)
    i.xPortSysTickHandler                    0x08003584   Section        0  port.o(i.xPortSysTickHandler)
    i.xTaskGenericCreate                     0x080035a8   Section        0  tasks.o(i.xTaskGenericCreate)
    i.xTaskGetSchedulerState                 0x08003690   Section        0  tasks.o(i.xTaskGetSchedulerState)
    i.xTaskIncrementTick                     0x080036ac   Section        0  tasks.o(i.xTaskIncrementTick)
    i.xTaskResumeAll                         0x08003774   Section        0  tasks.o(i.xTaskResumeAll)
    .constdata                               0x08003824   Section        2  wenyu_tmp_ctl_bsp.o(.constdata)
    .constdata                               0x08003826   Section       16  stm32f1xx_hal_rcc.o(.constdata)
    .constdata                               0x08003838   Section       20  main.o(.constdata)
    .conststring                             0x0800384c   Section       12  main.o(.conststring)
    .data                                    0x20000000   Section        4  system_stm32f1xx.o(.data)
    .data                                    0x20000004   Section        4  wenyu_tmp_ctl_bsp.o(.data)
    .data                                    0x20000008   Section        1  stm32f1xx_hal_spi_ex.o(.data)
    .data                                    0x2000000c   Section        4  stm32f1xx_hal.o(.data)
    uwTick                                   0x2000000c   Data           4  stm32f1xx_hal.o(.data)
    .data                                    0x20000010   Section        4  main.o(.data)
    .data                                    0x20000014   Section       56  tasks.o(.data)
    uxTasksDeleted                           0x20000018   Data           4  tasks.o(.data)
    uxCurrentNumberOfTasks                   0x2000001c   Data           4  tasks.o(.data)
    xTickCount                               0x20000020   Data           4  tasks.o(.data)
    uxTopReadyPriority                       0x20000024   Data           4  tasks.o(.data)
    xSchedulerRunning                        0x20000028   Data           4  tasks.o(.data)
    uxPendedTicks                            0x2000002c   Data           4  tasks.o(.data)
    xYieldPending                            0x20000030   Data           4  tasks.o(.data)
    xNumOfOverflows                          0x20000034   Data           4  tasks.o(.data)
    uxTaskNumber                             0x20000038   Data           4  tasks.o(.data)
    xNextTaskUnblockTime                     0x2000003c   Data           4  tasks.o(.data)
    uxSchedulerSuspended                     0x20000040   Data           4  tasks.o(.data)
    pxDelayedTaskList                        0x20000044   Data           4  tasks.o(.data)
    pxOverflowDelayedTaskList                0x20000048   Data           4  tasks.o(.data)
    .data                                    0x2000004c   Section       12  port.o(.data)
    ucMaxSysCallPriority                     0x2000004c   Data           1  port.o(.data)
    uxCriticalNesting                        0x20000050   Data           4  port.o(.data)
    ulMaxPRIGROUPValue                       0x20000054   Data           4  port.o(.data)
    .data                                    0x20000058   Section       24  heap_4.o(.data)
    pxEnd                                    0x20000058   Data           4  heap_4.o(.data)
    xFreeBytesRemaining                      0x2000005c   Data           4  heap_4.o(.data)
    xMinimumEverFreeBytesRemaining           0x20000060   Data           4  heap_4.o(.data)
    xBlockAllocatedBit                       0x20000064   Data           4  heap_4.o(.data)
    xStart                                   0x20000068   Data           8  heap_4.o(.data)
    .bss                                     0x20000070   Section      316  main.o(.bss)
    .bss                                     0x200001ac   Section      240  tasks.o(.bss)
    pxReadyTasksLists                        0x200001ac   Data         140  tasks.o(.bss)
    xDelayedTaskList1                        0x20000238   Data          20  tasks.o(.bss)
    xDelayedTaskList2                        0x2000024c   Data          20  tasks.o(.bss)
    xPendingReadyList                        0x20000260   Data          20  tasks.o(.bss)
    xTasksWaitingTermination                 0x20000274   Data          20  tasks.o(.bss)
    xSuspendedTaskList                       0x20000288   Data          20  tasks.o(.bss)
    .bss                                     0x2000029c   Section     3072  heap_4.o(.bss)
    ucHeap                                   0x2000029c   Data        3072  heap_4.o(.bss)
    STACK                                    0x20000ea0   Section     1024  startup_stm32f103xb.o(STACK)

    Global Symbols

    Symbol Name                              Value     Ov Type        Size  Object(Section)

    BuildAttributes$$THM_ISAv4$P$D$K$B$S$PE$A:L22UL41UL21$X:L11$S22US41US21$IEEE1$IW$USESV6$~STKCKD$USESV7$~SHL$OTIME$ROPI$EBA8$MICROLIB$REQ8$PRES8$EABIv2 0x00000000   Number         0  anon$$obj.o ABSOLUTE
    __ARM_use_no_argv                        0x00000000   Number         0  main.o ABSOLUTE
    __cpp_initialize__aeabi_                  - Undefined Weak Reference
    __cxa_finalize                            - Undefined Weak Reference
    __decompress                              - Undefined Weak Reference
    _clock_init                               - Undefined Weak Reference
    _microlib_exit                            - Undefined Weak Reference
    __Vectors_Size                           0x000000ec   Number         0  startup_stm32f103xb.o ABSOLUTE
    __Vectors                                0x08000000   Data           4  startup_stm32f103xb.o(RESET)
    __Vectors_End                            0x080000ec   Data           0  startup_stm32f103xb.o(RESET)
    __main                                   0x080000ed   Thumb Code     0  entry.o(.ARM.Collect$$$$00000000)
    _main_stk                                0x080000ed   Thumb Code     0  entry2.o(.ARM.Collect$$$$00000001)
    _main_scatterload                        0x080000f1   Thumb Code     0  entry5.o(.ARM.Collect$$$$00000004)
    __main_after_scatterload                 0x080000f5   Thumb Code     0  entry5.o(.ARM.Collect$$$$00000004)
    _main_clock                              0x080000f5   Thumb Code     0  entry7b.o(.ARM.Collect$$$$00000008)
    _main_cpp_init                           0x080000f5   Thumb Code     0  entry8b.o(.ARM.Collect$$$$0000000A)
    _main_init                               0x080000f5   Thumb Code     0  entry9a.o(.ARM.Collect$$$$0000000B)
    __rt_final_cpp                           0x080000fd   Thumb Code     0  entry10a.o(.ARM.Collect$$$$0000000D)
    __rt_final_exit                          0x080000fd   Thumb Code     0  entry11a.o(.ARM.Collect$$$$0000000F)
    SVC_Handler                              0x08000101   Thumb Code    32  port.o(.emb_text)
    __asm___6_port_c_39a90d8d__prvStartFirstTask 0x08000125   Thumb Code    28  port.o(.emb_text)
    PendSV_Handler                           0x08000145   Thumb Code    64  port.o(.emb_text)
    ulPortSetInterruptMask                   0x08000189   Thumb Code    14  port.o(.emb_text)
    vPortClearInterruptMask                  0x08000197   Thumb Code     6  port.o(.emb_text)
    vPortGetIPSR                             0x0800019d   Thumb Code     6  port.o(.emb_text)
    Reset_Handler                            0x080001a5   Thumb Code     8  startup_stm32f103xb.o(.text)
    NMI_Handler                              0x080001ad   Thumb Code     2  startup_stm32f103xb.o(.text)
    HardFault_Handler                        0x080001af   Thumb Code     2  startup_stm32f103xb.o(.text)
    MemManage_Handler                        0x080001b1   Thumb Code     2  startup_stm32f103xb.o(.text)
    BusFault_Handler                         0x080001b3   Thumb Code     2  startup_stm32f103xb.o(.text)
    UsageFault_Handler                       0x080001b5   Thumb Code     2  startup_stm32f103xb.o(.text)
    DebugMon_Handler                         0x080001b9   Thumb Code     2  startup_stm32f103xb.o(.text)
    ADC1_2_IRQHandler                        0x080001bf   Thumb Code     0  startup_stm32f103xb.o(.text)
    CAN1_RX1_IRQHandler                      0x080001bf   Thumb Code     0  startup_stm32f103xb.o(.text)
    CAN1_SCE_IRQHandler                      0x080001bf   Thumb Code     0  startup_stm32f103xb.o(.text)
    DMA1_Channel1_IRQHandler                 0x080001bf   Thumb Code     0  startup_stm32f103xb.o(.text)
    DMA1_Channel2_IRQHandler                 0x080001bf   Thumb Code     0  startup_stm32f103xb.o(.text)
    DMA1_Channel3_IRQHandler                 0x080001bf   Thumb Code     0  startup_stm32f103xb.o(.text)
    DMA1_Channel4_IRQHandler                 0x080001bf   Thumb Code     0  startup_stm32f103xb.o(.text)
    DMA1_Channel5_IRQHandler                 0x080001bf   Thumb Code     0  startup_stm32f103xb.o(.text)
    DMA1_Channel6_IRQHandler                 0x080001bf   Thumb Code     0  startup_stm32f103xb.o(.text)
    DMA1_Channel7_IRQHandler                 0x080001bf   Thumb Code     0  startup_stm32f103xb.o(.text)
    EXTI0_IRQHandler                         0x080001bf   Thumb Code     0  startup_stm32f103xb.o(.text)
    EXTI15_10_IRQHandler                     0x080001bf   Thumb Code     0  startup_stm32f103xb.o(.text)
    EXTI1_IRQHandler                         0x080001bf   Thumb Code     0  startup_stm32f103xb.o(.text)
    EXTI2_IRQHandler                         0x080001bf   Thumb Code     0  startup_stm32f103xb.o(.text)
    EXTI3_IRQHandler                         0x080001bf   Thumb Code     0  startup_stm32f103xb.o(.text)
    EXTI4_IRQHandler                         0x080001bf   Thumb Code     0  startup_stm32f103xb.o(.text)
    EXTI9_5_IRQHandler                       0x080001bf   Thumb Code     0  startup_stm32f103xb.o(.text)
    FLASH_IRQHandler                         0x080001bf   Thumb Code     0  startup_stm32f103xb.o(.text)
    I2C1_ER_IRQHandler                       0x080001bf   Thumb Code     0  startup_stm32f103xb.o(.text)
    I2C1_EV_IRQHandler                       0x080001bf   Thumb Code     0  startup_stm32f103xb.o(.text)
    I2C2_ER_IRQHandler                       0x080001bf   Thumb Code     0  startup_stm32f103xb.o(.text)
    I2C2_EV_IRQHandler                       0x080001bf   Thumb Code     0  startup_stm32f103xb.o(.text)
    PVD_IRQHandler                           0x080001bf   Thumb Code     0  startup_stm32f103xb.o(.text)
    RCC_IRQHandler                           0x080001bf   Thumb Code     0  startup_stm32f103xb.o(.text)
    RTC_Alarm_IRQHandler                     0x080001bf   Thumb Code     0  startup_stm32f103xb.o(.text)
    RTC_IRQHandler                           0x080001bf   Thumb Code     0  startup_stm32f103xb.o(.text)
    SPI1_IRQHandler                          0x080001bf   Thumb Code     0  startup_stm32f103xb.o(.text)
    SPI2_IRQHandler                          0x080001bf   Thumb Code     0  startup_stm32f103xb.o(.text)
    TAMPER_IRQHandler                        0x080001bf   Thumb Code     0  startup_stm32f103xb.o(.text)
    TIM1_BRK_IRQHandler                      0x080001bf   Thumb Code     0  startup_stm32f103xb.o(.text)
    TIM1_CC_IRQHandler                       0x080001bf   Thumb Code     0  startup_stm32f103xb.o(.text)
    TIM1_TRG_COM_IRQHandler                  0x080001bf   Thumb Code     0  startup_stm32f103xb.o(.text)
    TIM1_UP_IRQHandler                       0x080001bf   Thumb Code     0  startup_stm32f103xb.o(.text)
    TIM2_IRQHandler                          0x080001bf   Thumb Code     0  startup_stm32f103xb.o(.text)
    TIM3_IRQHandler                          0x080001bf   Thumb Code     0  startup_stm32f103xb.o(.text)
    TIM4_IRQHandler                          0x080001bf   Thumb Code     0  startup_stm32f103xb.o(.text)
    USART1_IRQHandler                        0x080001bf   Thumb Code     0  startup_stm32f103xb.o(.text)
    USART2_IRQHandler                        0x080001bf   Thumb Code     0  startup_stm32f103xb.o(.text)
    USART3_IRQHandler                        0x080001bf   Thumb Code     0  startup_stm32f103xb.o(.text)
    USBWakeUp_IRQHandler                     0x080001bf   Thumb Code     0  startup_stm32f103xb.o(.text)
    USB_HP_CAN1_TX_IRQHandler                0x080001bf   Thumb Code     0  startup_stm32f103xb.o(.text)
    USB_LP_CAN1_RX0_IRQHandler               0x080001bf   Thumb Code     0  startup_stm32f103xb.o(.text)
    WWDG_IRQHandler                          0x080001bf   Thumb Code     0  startup_stm32f103xb.o(.text)
    __aeabi_llsr                             0x080001c9   Thumb Code    32  llushr.o(.text)
    _ll_ushift_r                             0x080001c9   Thumb Code     0  llushr.o(.text)
    __aeabi_memset                           0x080001e9   Thumb Code    14  memseta.o(.text)
    __aeabi_memset4                          0x080001e9   Thumb Code     0  memseta.o(.text)
    __aeabi_memset8                          0x080001e9   Thumb Code     0  memseta.o(.text)
    __aeabi_memclr                           0x080001f7   Thumb Code     4  memseta.o(.text)
    __aeabi_memclr4                          0x080001f7   Thumb Code     0  memseta.o(.text)
    __aeabi_memclr8                          0x080001f7   Thumb Code     0  memseta.o(.text)
    _memset$wrapper                          0x080001fb   Thumb Code    18  memseta.o(.text)
    __aeabi_dmul                             0x0800020d   Thumb Code   228  dmul.o(.text)
    __aeabi_i2d                              0x080002f1   Thumb Code    34  dflti.o(.text)
    __aeabi_d2f                              0x08000313   Thumb Code    56  d2f.o(.text)
    __I$use$fp                               0x0800034b   Thumb Code     0  iusefp.o(.text)
    _float_round                             0x0800034b   Thumb Code    18  fepilogue.o(.text)
    _float_epilogue                          0x0800035d   Thumb Code    92  fepilogue.o(.text)
    _double_round                            0x080003b9   Thumb Code    30  depilogue.o(.text)
    _double_epilogue                         0x080003d7   Thumb Code   156  depilogue.o(.text)
    __scatterload                            0x08000475   Thumb Code    28  init.o(.text)
    __scatterload_rt2                        0x08000475   Thumb Code     0  init.o(.text)
    __aeabi_llsl                             0x08000499   Thumb Code    30  llshl.o(.text)
    _ll_shift_l                              0x08000499   Thumb Code     0  llshl.o(.text)
    ADC_ConversionStop_Disable               0x080004b7   Thumb Code    82  stm32f1xx_hal_adc.o(i.ADC_ConversionStop_Disable)
    BSP_BUZZER_Off                           0x08000509   Thumb Code    18  wenyu_tmp_ctl_bsp.o(i.BSP_BUZZER_Off)
    BSP_BUZZER_On                            0x08000525   Thumb Code    18  wenyu_tmp_ctl_bsp.o(i.BSP_BUZZER_On)
    BSP_DS18B20_Get_Temp                     0x08000541   Thumb Code    88  wenyu_tmp_ctl_bsp.o(i.BSP_DS18B20_Get_Temp)
    BSP_DS18B20_Init                         0x0800059d   Thumb Code    14  wenyu_tmp_ctl_bsp.o(i.BSP_DS18B20_Init)
    BSP_DS18B20_Read_Byte                    0x08000641   Thumb Code    80  wenyu_tmp_ctl_bsp.o(i.BSP_DS18B20_Read_Byte)
    BSP_DS18B20_Write_Byte                   0x080006c9   Thumb Code    92  wenyu_tmp_ctl_bsp.o(i.BSP_DS18B20_Write_Byte)
    BSP_udelay                               0x08000729   Thumb Code    58  wenyu_tmp_ctl_bsp.o(i.BSP_udelay)
    HAL_ADC_ConfigChannel                    0x08000765   Thumb Code   400  stm32f1xx_hal_adc.o(i.HAL_ADC_ConfigChannel)
    HAL_ADC_Init                             0x080008fd   Thumb Code   308  stm32f1xx_hal_adc.o(i.HAL_ADC_Init)
    HAL_ADC_MspInit                          0x08000a39   Thumb Code    52  stm32f1xx_hal_msp.o(i.HAL_ADC_MspInit)
    HAL_Delay                                0x08000a75   Thumb Code    22  stm32f1xx_hal.o(i.HAL_Delay)
    HAL_GPIO_Init                            0x08000a8d   Thumb Code   472  stm32f1xx_hal_gpio.o(i.HAL_GPIO_Init)
    HAL_GPIO_ReadPin                         0x08000c71   Thumb Code    14  stm32f1xx_hal_gpio.o(i.HAL_GPIO_ReadPin)
    HAL_GPIO_WritePin                        0x08000c7f   Thumb Code    14  stm32f1xx_hal_gpio.o(i.HAL_GPIO_WritePin)
    HAL_GetTick                              0x08000c8d   Thumb Code     6  stm32f1xx_hal.o(i.HAL_GetTick)
    HAL_IWDG_Init                            0x08000c99   Thumb Code    96  stm32f1xx_hal_iwdg.o(i.HAL_IWDG_Init)
    HAL_IWDG_MspInit                         0x08000cf9   Thumb Code     2  stm32f1xx_hal_msp.o(i.HAL_IWDG_MspInit)
    HAL_IncTick                              0x08000cfd   Thumb Code    10  stm32f1xx_hal.o(i.HAL_IncTick)
    HAL_Init                                 0x08000d0d   Thumb Code    32  stm32f1xx_hal.o(i.HAL_Init)
    HAL_InitTick                             0x08000d31   Thumb Code    34  stm32f1xx_hal.o(i.HAL_InitTick)
    HAL_MspInit                              0x08000d55   Thumb Code    48  stm32f1xx_hal_msp.o(i.HAL_MspInit)
    HAL_NVIC_SetPriority                     0x08000d8d   Thumb Code    98  stm32f1xx_hal_cortex.o(i.HAL_NVIC_SetPriority)
    HAL_NVIC_SetPriorityGrouping             0x08000df5   Thumb Code    30  stm32f1xx_hal_cortex.o(i.HAL_NVIC_SetPriorityGrouping)
    HAL_PWR_EnableBkUpAccess                 0x08000e19   Thumb Code    26  stm32f1xx_hal_pwr.o(i.HAL_PWR_EnableBkUpAccess)
    HAL_RCCEx_GetPeriphCLKFreq               0x08000e35   Thumb Code   258  stm32f1xx_hal_rcc_ex.o(i.HAL_RCCEx_GetPeriphCLKFreq)
    HAL_RCCEx_PeriphCLKConfig                0x08000f5d   Thumb Code   384  stm32f1xx_hal_rcc_ex.o(i.HAL_RCCEx_PeriphCLKConfig)
    HAL_RCC_ClockConfig                      0x080010e5   Thumb Code   790  stm32f1xx_hal_rcc.o(i.HAL_RCC_ClockConfig)
    HAL_RCC_GetHCLKFreq                      0x08001405   Thumb Code    38  stm32f1xx_hal_rcc.o(i.HAL_RCC_GetHCLKFreq)
    HAL_RCC_GetPCLK1Freq                     0x08001439   Thumb Code    36  stm32f1xx_hal_rcc.o(i.HAL_RCC_GetPCLK1Freq)
    HAL_RCC_GetPCLK2Freq                     0x08001465   Thumb Code    36  stm32f1xx_hal_rcc.o(i.HAL_RCC_GetPCLK2Freq)
    HAL_RCC_GetSysClockFreq                  0x08001491   Thumb Code   120  stm32f1xx_hal_rcc.o(i.HAL_RCC_GetSysClockFreq)
    HAL_RCC_OscConfig                        0x08001529   Thumb Code  2456  stm32f1xx_hal_rcc.o(i.HAL_RCC_OscConfig)
    HAL_RTCEx_SetTamper                      0x08001ec5   Thumb Code    96  stm32f1xx_hal_rtc_ex.o(i.HAL_RTCEx_SetTamper)
    HAL_RTC_Init                             0x08001f2d   Thumb Code   176  stm32f1xx_hal_rtc.o(i.HAL_RTC_Init)
    HAL_RTC_MspInit                          0x08001fe5   Thumb Code    64  stm32f1xx_hal_msp.o(i.HAL_RTC_MspInit)
    HAL_RTC_SetDate                          0x08002029   Thumb Code   216  stm32f1xx_hal_rtc.o(i.HAL_RTC_SetDate)
    HAL_RTC_SetTime                          0x08002109   Thumb Code   194  stm32f1xx_hal_rtc.o(i.HAL_RTC_SetTime)
    HAL_RTC_WaitForSynchro                   0x080021cb   Thumb Code    70  stm32f1xx_hal_rtc.o(i.HAL_RTC_WaitForSynchro)
    HAL_SPI_Init                             0x08002211   Thumb Code   134  stm32f1xx_hal_spi_ex.o(i.HAL_SPI_Init)
    HAL_SPI_MspInit                          0x0800229d   Thumb Code    78  stm32f1xx_hal_msp.o(i.HAL_SPI_MspInit)
    HAL_SYSTICK_CLKSourceConfig              0x080022f5   Thumb Code    28  stm32f1xx_hal_cortex.o(i.HAL_SYSTICK_CLKSourceConfig)
    HAL_SYSTICK_Config                       0x08002311   Thumb Code    36  stm32f1xx_hal_cortex.o(i.HAL_SYSTICK_Config)
    HAL_TIMEx_MasterConfigSynchronization    0x08002339   Thumb Code   102  stm32f1xx_hal_tim_ex.o(i.HAL_TIMEx_MasterConfigSynchronization)
    HAL_TIM_PWM_ConfigChannel                0x0800239f   Thumb Code   220  stm32f1xx_hal_tim.o(i.HAL_TIM_PWM_ConfigChannel)
    HAL_TIM_PWM_Init                         0x0800247b   Thumb Code    56  stm32f1xx_hal_tim.o(i.HAL_TIM_PWM_Init)
    HAL_TIM_PWM_MspInit                      0x080024b5   Thumb Code    70  stm32f1xx_hal_msp.o(i.HAL_TIM_PWM_MspInit)
    HAL_UART_Init                            0x08002509   Thumb Code    96  stm32f1xx_hal_uart.o(i.HAL_UART_Init)
    HAL_UART_MspInit                         0x08002569   Thumb Code    80  stm32f1xx_hal_msp.o(i.HAL_UART_MspInit)
    HAL_WWDG_Init                            0x080025c1   Thumb Code    74  stm32f1xx_hal_wwdg.o(i.HAL_WWDG_Init)
    HAL_WWDG_MspInit                         0x0800260d   Thumb Code    36  stm32f1xx_hal_msp.o(i.HAL_WWDG_MspInit)
    StartDefaultTask                         0x080029ed   Thumb Code    94  main.o(i.StartDefaultTask)
    SysTick_Handler                          0x08002a51   Thumb Code    14  stm32f1xx_it.o(i.SysTick_Handler)
    SystemClock_Config                       0x08002a5f   Thumb Code    98  main.o(i.SystemClock_Config)
    SystemInit                               0x08002ac1   Thumb Code    60  system_stm32f1xx.o(i.SystemInit)
    TIM_Base_SetConfig                       0x08002b09   Thumb Code    90  stm32f1xx_hal_tim.o(i.TIM_Base_SetConfig)
    TIM_OC2_SetConfig                        0x08002bd9   Thumb Code   100  stm32f1xx_hal_tim.o(i.TIM_OC2_SetConfig)
    __scatterload_copy                       0x08002e19   Thumb Code    14  handlers.o(i.__scatterload_copy)
    __scatterload_null                       0x08002e27   Thumb Code     2  handlers.o(i.__scatterload_null)
    __scatterload_zeroinit                   0x08002e29   Thumb Code    14  handlers.o(i.__scatterload_zeroinit)
    main                                     0x08002e39   Thumb Code    78  main.o(i.main)
    osDelay                                  0x08002e9d   Thumb Code    16  cmsis_os.o(i.osDelay)
    osKernelStart                            0x08002ead   Thumb Code    10  cmsis_os.o(i.osKernelStart)
    osSystickHandler                         0x08002eb7   Thumb Code    20  cmsis_os.o(i.osSystickHandler)
    osThreadCreate                           0x08002ecb   Thumb Code    58  cmsis_os.o(i.osThreadCreate)
    pvPortMalloc                             0x08003199   Thumb Code   186  heap_4.o(i.pvPortMalloc)
    pxPortInitialiseStack                    0x0800325d   Thumb Code    26  port.o(i.pxPortInitialiseStack)
    uxListRemove                             0x0800327d   Thumb Code    36  list.o(i.uxListRemove)
    vListInitialise                          0x080032a1   Thumb Code    22  list.o(i.vListInitialise)
    vListInitialiseItem                      0x080032b7   Thumb Code     6  list.o(i.vListInitialiseItem)
    vListInsert                              0x080032bd   Thumb Code    54  list.o(i.vListInsert)
    vListInsertEnd                           0x080032f3   Thumb Code    24  list.o(i.vListInsertEnd)
    vPortEnterCritical                       0x0800330d   Thumb Code    46  port.o(i.vPortEnterCritical)
    vPortExitCritical                        0x08003345   Thumb Code    34  port.o(i.vPortExitCritical)
    vPortFree                                0x0800336d   Thumb Code    68  heap_4.o(i.vPortFree)
    vPortSetupTimerInterrupt                 0x080033b5   Thumb Code    26  port.o(i.vPortSetupTimerInterrupt)
    vPortYield                               0x080033d5   Thumb Code    18  port.o(i.vPortYield)
    vTaskDelay                               0x080033ed   Thumb Code    84  tasks.o(i.vTaskDelay)
    vTaskStartScheduler                      0x08003445   Thumb Code    66  tasks.o(i.vTaskStartScheduler)
    vTaskSuspendAll                          0x08003499   Thumb Code    10  tasks.o(i.vTaskSuspendAll)
    vTaskSwitchContext                       0x080034a9   Thumb Code    78  tasks.o(i.vTaskSwitchContext)
    xPortStartScheduler                      0x08003501   Thumb Code   118  port.o(i.xPortStartScheduler)
    xPortSysTickHandler                      0x08003585   Thumb Code    30  port.o(i.xPortSysTickHandler)
    xTaskGenericCreate                       0x080035a9   Thumb Code   222  tasks.o(i.xTaskGenericCreate)
    xTaskGetSchedulerState                   0x08003691   Thumb Code    24  tasks.o(i.xTaskGetSchedulerState)
    xTaskIncrementTick                       0x080036ad   Thumb Code   192  tasks.o(i.xTaskIncrementTick)
    xTaskResumeAll                           0x08003775   Thumb Code   168  tasks.o(i.xTaskResumeAll)
    GPIO_PIN                                 0x08003824   Data           2  wenyu_tmp_ctl_bsp.o(.constdata)
    aAPBAHBPrescTable                        0x08003826   Data          16  stm32f1xx_hal_rcc.o(.constdata)
    Region$$Table$$Base                      0x08003858   Number         0  anon$$obj.o(Region$$Table)
    Region$$Table$$Limit                     0x08003878   Number         0  anon$$obj.o(Region$$Table)
    SystemCoreClock                          0x20000000   Data           4  system_stm32f1xx.o(.data)
    GPIO_PORT                                0x20000004   Data           4  wenyu_tmp_ctl_bsp.o(.data)
    uCRCErrorWorkaroundCheck                 0x20000008   Data           1  stm32f1xx_hal_spi_ex.o(.data)
    defaultTaskHandle                        0x20000010   Data           4  main.o(.data)
    pxCurrentTCB                             0x20000014   Data           4  tasks.o(.data)
    hadc1                                    0x20000070   Data          48  main.o(.bss)
    hiwdg                                    0x200000a0   Data          16  main.o(.bss)
    hrtc                                     0x200000b0   Data          20  main.o(.bss)
    hspi1                                    0x200000c4   Data          88  main.o(.bss)
    htim3                                    0x2000011c   Data          60  main.o(.bss)
    huart1                                   0x20000158   Data          64  main.o(.bss)
    hwwdg                                    0x20000198   Data          20  main.o(.bss)
    __initial_sp                             0x200012a0   Data           0  startup_stm32f103xb.o(STACK)



==============================================================================

Memory Map of the image

  Image Entry point : 0x080000ed

  Load Region LR_IROM1 (Base: 0x08000000, Size: 0x000038e8, Max: 0x00010000, ABSOLUTE)

    Execution Region ER_IROM1 (Base: 0x08000000, Size: 0x00003878, Max: 0x00010000, ABSOLUTE)

    Base Addr    Size         Type   Attr      Idx    E Section Name        Object

    0x08000000   0x000000ec   Data   RO         3575    RESET               startup_stm32f103xb.o
    0x080000ec   0x00000000   Code   RO         4632  * .ARM.Collect$$$$00000000  mc_w.l(entry.o)
    0x080000ec   0x00000004   Code   RO         4649    .ARM.Collect$$$$00000001  mc_w.l(entry2.o)
    0x080000f0   0x00000004   Code   RO         4652    .ARM.Collect$$$$00000004  mc_w.l(entry5.o)
    0x080000f4   0x00000000   Code   RO         4654    .ARM.Collect$$$$00000008  mc_w.l(entry7b.o)
    0x080000f4   0x00000000   Code   RO         4656    .ARM.Collect$$$$0000000A  mc_w.l(entry8b.o)
    0x080000f4   0x00000008   Code   RO         4657    .ARM.Collect$$$$0000000B  mc_w.l(entry9a.o)
    0x080000fc   0x00000000   Code   RO         4659    .ARM.Collect$$$$0000000D  mc_w.l(entry10a.o)
    0x080000fc   0x00000000   Code   RO         4661    .ARM.Collect$$$$0000000F  mc_w.l(entry11a.o)
    0x080000fc   0x00000004   Code   RO         4650    .ARM.Collect$$$$00002712  mc_w.l(entry2.o)
    0x08000100   0x000000a2   Code   RO         4111    .emb_text           port.o
    0x080001a2   0x00000002   PAD
    0x080001a4   0x00000024   Code   RO         3576    .text               startup_stm32f103xb.o
    0x080001c8   0x00000020   Code   RO         4635    .text               mc_w.l(llushr.o)
    0x080001e8   0x00000024   Code   RO         4639    .text               mc_w.l(memseta.o)
    0x0800020c   0x000000e4   Code   RO         4643    .text               mf_w.l(dmul.o)
    0x080002f0   0x00000022   Code   RO         4645    .text               mf_w.l(dflti.o)
    0x08000312   0x00000038   Code   RO         4647    .text               mf_w.l(d2f.o)
    0x0800034a   0x00000000   Code   RO         4663    .text               mc_w.l(iusefp.o)
    0x0800034a   0x0000006e   Code   RO         4664    .text               mf_w.l(fepilogue.o)
    0x080003b8   0x000000ba   Code   RO         4666    .text               mf_w.l(depilogue.o)
    0x08000472   0x00000002   PAD
    0x08000474   0x00000024   Code   RO         4668    .text               mc_w.l(init.o)
    0x08000498   0x0000001e   Code   RO         4670    .text               mc_w.l(llshl.o)
    0x080004b6   0x00000052   Code   RO         1818    i.ADC_ConversionStop_Disable  stm32f1xx_hal_adc.o
    0x08000508   0x0000001c   Code   RO          140    i.BSP_BUZZER_Off    wenyu_tmp_ctl_bsp.o
    0x08000524   0x0000001c   Code   RO          141    i.BSP_BUZZER_On     wenyu_tmp_ctl_bsp.o
    0x08000540   0x0000005c   Code   RO          143    i.BSP_DS18B20_Get_Temp  wenyu_tmp_ctl_bsp.o
    0x0800059c   0x0000000e   Code   RO          144    i.BSP_DS18B20_Init  wenyu_tmp_ctl_bsp.o
    0x080005aa   0x00000002   PAD
    0x080005ac   0x0000001c   Code   RO          145    i.BSP_DS18B20_Mode_IPU  wenyu_tmp_ctl_bsp.o
    0x080005c8   0x00000020   Code   RO          146    i.BSP_DS18B20_Mode_Out_PP  wenyu_tmp_ctl_bsp.o
    0x080005e8   0x00000058   Code   RO          147    i.BSP_DS18B20_Presence  wenyu_tmp_ctl_bsp.o
    0x08000640   0x00000054   Code   RO          148    i.BSP_DS18B20_Read_Byte  wenyu_tmp_ctl_bsp.o
    0x08000694   0x00000034   Code   RO          149    i.BSP_DS18B20_Rst   wenyu_tmp_ctl_bsp.o
    0x080006c8   0x00000060   Code   RO          151    i.BSP_DS18B20_Write_Byte  wenyu_tmp_ctl_bsp.o
    0x08000728   0x0000003a   Code   RO          152    i.BSP_udelay        wenyu_tmp_ctl_bsp.o
    0x08000762   0x00000002   PAD
    0x08000764   0x00000198   Code   RO         1824    i.HAL_ADC_ConfigChannel  stm32f1xx_hal_adc.o
    0x080008fc   0x0000013c   Code   RO         1833    i.HAL_ADC_Init      stm32f1xx_hal_adc.o
    0x08000a38   0x0000003c   Code   RO         3370    i.HAL_ADC_MspInit   stm32f1xx_hal_msp.o
    0x08000a74   0x00000016   Code   RO         2259    i.HAL_Delay         stm32f1xx_hal.o
    0x08000a8a   0x00000002   PAD
    0x08000a8c   0x000001e4   Code   RO          444    i.HAL_GPIO_Init     stm32f1xx_hal_gpio.o
    0x08000c70   0x0000000e   Code   RO          446    i.HAL_GPIO_ReadPin  stm32f1xx_hal_gpio.o
    0x08000c7e   0x0000000e   Code   RO          448    i.HAL_GPIO_WritePin  stm32f1xx_hal_gpio.o
    0x08000c8c   0x0000000c   Code   RO         2263    i.HAL_GetTick       stm32f1xx_hal.o
    0x08000c98   0x00000060   Code   RO          585    i.HAL_IWDG_Init     stm32f1xx_hal_iwdg.o
    0x08000cf8   0x00000002   Code   RO         3371    i.HAL_IWDG_MspInit  stm32f1xx_hal_msp.o
    0x08000cfa   0x00000002   PAD
    0x08000cfc   0x00000010   Code   RO         2264    i.HAL_IncTick       stm32f1xx_hal.o
    0x08000d0c   0x00000024   Code   RO         2265    i.HAL_Init          stm32f1xx_hal.o
    0x08000d30   0x00000022   Code   RO         2266    i.HAL_InitTick      stm32f1xx_hal.o
    0x08000d52   0x00000002   PAD
    0x08000d54   0x00000038   Code   RO         3372    i.HAL_MspInit       stm32f1xx_hal_msp.o
    0x08000d8c   0x00000068   Code   RO          301    i.HAL_NVIC_SetPriority  stm32f1xx_hal_cortex.o
    0x08000df4   0x00000024   Code   RO          302    i.HAL_NVIC_SetPriorityGrouping  stm32f1xx_hal_cortex.o
    0x08000e18   0x0000001a   Code   RO         2038    i.HAL_PWR_EnableBkUpAccess  stm32f1xx_hal_pwr.o
    0x08000e32   0x00000002   PAD
    0x08000e34   0x00000128   Code   RO          406    i.HAL_RCCEx_GetPeriphCLKFreq  stm32f1xx_hal_rcc_ex.o
    0x08000f5c   0x00000188   Code   RO          407    i.HAL_RCCEx_PeriphCLKConfig  stm32f1xx_hal_rcc_ex.o
    0x080010e4   0x00000320   Code   RO         1233    i.HAL_RCC_ClockConfig  stm32f1xx_hal_rcc.o
    0x08001404   0x00000034   Code   RO         1238    i.HAL_RCC_GetHCLKFreq  stm32f1xx_hal_rcc.o
    0x08001438   0x0000002c   Code   RO         1240    i.HAL_RCC_GetPCLK1Freq  stm32f1xx_hal_rcc.o
    0x08001464   0x0000002c   Code   RO         1241    i.HAL_RCC_GetPCLK2Freq  stm32f1xx_hal_rcc.o
    0x08001490   0x00000098   Code   RO         1242    i.HAL_RCC_GetSysClockFreq  stm32f1xx_hal_rcc.o
    0x08001528   0x0000099c   Code   RO         1245    i.HAL_RCC_OscConfig  stm32f1xx_hal_rcc.o
    0x08001ec4   0x00000068   Code   RO          720    i.HAL_RTCEx_SetTamper  stm32f1xx_hal_rtc_ex.o
    0x08001f2c   0x000000b8   Code   RO         1065    i.HAL_RTC_Init      stm32f1xx_hal_rtc.o
    0x08001fe4   0x00000044   Code   RO         3374    i.HAL_RTC_MspInit   stm32f1xx_hal_msp.o
    0x08002028   0x000000e0   Code   RO         1071    i.HAL_RTC_SetDate   stm32f1xx_hal_rtc.o
    0x08002108   0x000000c2   Code   RO         1072    i.HAL_RTC_SetTime   stm32f1xx_hal_rtc.o
    0x080021ca   0x00000046   Code   RO         1073    i.HAL_RTC_WaitForSynchro  stm32f1xx_hal_rtc.o
    0x08002210   0x0000008c   Code   RO         1998    i.HAL_SPI_Init      stm32f1xx_hal_spi_ex.o
    0x0800229c   0x00000058   Code   RO         3376    i.HAL_SPI_MspInit   stm32f1xx_hal_msp.o
    0x080022f4   0x0000001c   Code   RO          304    i.HAL_SYSTICK_CLKSourceConfig  stm32f1xx_hal_cortex.o
    0x08002310   0x00000028   Code   RO          306    i.HAL_SYSTICK_Config  stm32f1xx_hal_cortex.o
    0x08002338   0x00000066   Code   RO         2403    i.HAL_TIMEx_MasterConfigSynchronization  stm32f1xx_hal_tim_ex.o
    0x0800239e   0x000000dc   Code   RO         2687    i.HAL_TIM_PWM_ConfigChannel  stm32f1xx_hal_tim.o
    0x0800247a   0x00000038   Code   RO         2690    i.HAL_TIM_PWM_Init  stm32f1xx_hal_tim.o
    0x080024b2   0x00000002   PAD
    0x080024b4   0x00000054   Code   RO         3378    i.HAL_TIM_PWM_MspInit  stm32f1xx_hal_msp.o
    0x08002508   0x00000060   Code   RO         1592    i.HAL_UART_Init     stm32f1xx_hal_uart.o
    0x08002568   0x00000058   Code   RO         3380    i.HAL_UART_MspInit  stm32f1xx_hal_msp.o
    0x080025c0   0x0000004a   Code   RO          635    i.HAL_WWDG_Init     stm32f1xx_hal_wwdg.o
    0x0800260a   0x00000002   PAD
    0x0800260c   0x00000028   Code   RO         3382    i.HAL_WWDG_MspInit  stm32f1xx_hal_msp.o
    0x08002634   0x0000003c   Code   RO         3260    i.MX_ADC1_Init      main.o
    0x08002670   0x000000a4   Code   RO         3261    i.MX_GPIO_Init      main.o
    0x08002714   0x0000001c   Code   RO         3262    i.MX_IWDG_Init      main.o
    0x08002730   0x00000064   Code   RO         3263    i.MX_RTC_Init       main.o
    0x08002794   0x00000034   Code   RO         3264    i.MX_SPI1_Init      main.o
    0x080027c8   0x00000044   Code   RO         3265    i.MX_TIM3_Init      main.o
    0x0800280c   0x00000028   Code   RO         3266    i.MX_USART1_UART_Init  main.o
    0x08002834   0x0000001c   Code   RO         3267    i.MX_WWDG_Init      main.o
    0x08002850   0x00000012   Code   RO         1074    i.RTC_Bcd2ToByte    stm32f1xx_hal_rtc.o
    0x08002862   0x0000003c   Code   RO         1077    i.RTC_EnterInitMode  stm32f1xx_hal_rtc.o
    0x0800289e   0x0000003c   Code   RO         1078    i.RTC_ExitInitMode  stm32f1xx_hal_rtc.o
    0x080028da   0x0000000e   Code   RO         1080    i.RTC_ReadAlarmCounter  stm32f1xx_hal_rtc.o
    0x080028e8   0x00000020   Code   RO         1081    i.RTC_ReadTimeCounter  stm32f1xx_hal_rtc.o
    0x08002908   0x00000088   Code   RO         1082    i.RTC_WeekDayNum    stm32f1xx_hal_rtc.o
    0x08002990   0x0000002e   Code   RO         1083    i.RTC_WriteAlarmCounter  stm32f1xx_hal_rtc.o
    0x080029be   0x0000002e   Code   RO         1084    i.RTC_WriteTimeCounter  stm32f1xx_hal_rtc.o
    0x080029ec   0x00000064   Code   RO         3268    i.StartDefaultTask  main.o
    0x08002a50   0x0000000e   Code   RO         3342    i.SysTick_Handler   stm32f1xx_it.o
    0x08002a5e   0x00000062   Code   RO         3269    i.SystemClock_Config  main.o
    0x08002ac0   0x00000048   Code   RO            5    i.SystemInit        system_stm32f1xx.o
    0x08002b08   0x00000068   Code   RO         2705    i.TIM_Base_SetConfig  stm32f1xx_hal_tim.o
    0x08002b70   0x00000068   Code   RO         2714    i.TIM_OC1_SetConfig  stm32f1xx_hal_tim.o
    0x08002bd8   0x00000068   Code   RO         2715    i.TIM_OC2_SetConfig  stm32f1xx_hal_tim.o
    0x08002c40   0x00000068   Code   RO         2716    i.TIM_OC3_SetConfig  stm32f1xx_hal_tim.o
    0x08002ca8   0x0000004e   Code   RO         2717    i.TIM_OC4_SetConfig  stm32f1xx_hal_tim.o
    0x08002cf6   0x00000002   PAD
    0x08002cf8   0x00000120   Code   RO         1612    i.UART_SetConfig    stm32f1xx_hal_uart.o
    0x08002e18   0x0000000e   Code   RO         4674    i.__scatterload_copy  mc_w.l(handlers.o)
    0x08002e26   0x00000002   Code   RO         4675    i.__scatterload_null  mc_w.l(handlers.o)
    0x08002e28   0x0000000e   Code   RO         4676    i.__scatterload_zeroinit  mc_w.l(handlers.o)
    0x08002e36   0x00000002   PAD
    0x08002e38   0x00000058   Code   RO         3270    i.main              main.o
    0x08002e90   0x0000000c   Code   RO         4184    i.makeFreeRtosPriority  cmsis_os.o
    0x08002e9c   0x00000010   Code   RO         4185    i.osDelay           cmsis_os.o
    0x08002eac   0x0000000a   Code   RO         4188    i.osKernelStart     cmsis_os.o
    0x08002eb6   0x00000014   Code   RO         4217    i.osSystickHandler  cmsis_os.o
    0x08002eca   0x0000003a   Code   RO         4218    i.osThreadCreate    cmsis_os.o
    0x08002f04   0x00000038   Code   RO         3580    i.prvAddCurrentTaskToDelayedList  tasks.o
    0x08002f3c   0x0000003e   Code   RO         3581    i.prvAllocateTCBAndStack  tasks.o
    0x08002f7a   0x00000002   PAD
    0x08002f7c   0x00000058   Code   RO         3582    i.prvCheckTasksWaitingTermination  tasks.o
    0x08002fd4   0x00000014   Code   RO         3583    i.prvDeleteTCB      tasks.o
    0x08002fe8   0x00000050   Code   RO         4583    i.prvHeapInit       heap_4.o
    0x08003038   0x00000018   Code   RO         3584    i.prvIdleTask       tasks.o
    0x08003050   0x0000004c   Code   RO         3585    i.prvInitialiseTCBVariables  tasks.o
    0x0800309c   0x00000060   Code   RO         3586    i.prvInitialiseTaskLists  tasks.o
    0x080030fc   0x0000005c   Code   RO         4584    i.prvInsertBlockIntoFreeList  heap_4.o
    0x08003158   0x00000024   Code   RO         3588    i.prvResetNextTaskUnblockTime  tasks.o
    0x0800317c   0x0000001c   Code   RO         4112    i.prvTaskExitError  port.o
    0x08003198   0x000000c4   Code   RO         4585    i.pvPortMalloc      heap_4.o
    0x0800325c   0x00000020   Code   RO         4113    i.pxPortInitialiseStack  port.o
    0x0800327c   0x00000024   Code   RO         3903    i.uxListRemove      list.o
    0x080032a0   0x00000016   Code   RO         3904    i.vListInitialise   list.o
    0x080032b6   0x00000006   Code   RO         3905    i.vListInitialiseItem  list.o
    0x080032bc   0x00000036   Code   RO         3906    i.vListInsert       list.o
    0x080032f2   0x00000018   Code   RO         3907    i.vListInsertEnd    list.o
    0x0800330a   0x00000002   PAD
    0x0800330c   0x00000038   Code   RO         4115    i.vPortEnterCritical  port.o
    0x08003344   0x00000028   Code   RO         4116    i.vPortExitCritical  port.o
    0x0800336c   0x00000048   Code   RO         4586    i.vPortFree         heap_4.o
    0x080033b4   0x00000020   Code   RO         4117    i.vPortSetupTimerInterrupt  port.o
    0x080033d4   0x00000018   Code   RO         4119    i.vPortYield        port.o
    0x080033ec   0x00000058   Code   RO         3599    i.vTaskDelay        tasks.o
    0x08003444   0x00000054   Code   RO         3611    i.vTaskStartScheduler  tasks.o
    0x08003498   0x00000010   Code   RO         3613    i.vTaskSuspendAll   tasks.o
    0x080034a8   0x00000058   Code   RO         3614    i.vTaskSwitchContext  tasks.o
    0x08003500   0x00000084   Code   RO         4120    i.xPortStartScheduler  port.o
    0x08003584   0x00000024   Code   RO         4121    i.xPortSysTickHandler  port.o
    0x080035a8   0x000000e8   Code   RO         3616    i.xTaskGenericCreate  tasks.o
    0x08003690   0x0000001c   Code   RO         3619    i.xTaskGetSchedulerState  tasks.o
    0x080036ac   0x000000c8   Code   RO         3622    i.xTaskIncrementTick  tasks.o
    0x08003774   0x000000b0   Code   RO         3628    i.xTaskResumeAll    tasks.o
    0x08003824   0x00000002   Data   RO          153    .constdata          wenyu_tmp_ctl_bsp.o
    0x08003826   0x00000010   Data   RO         1246    .constdata          stm32f1xx_hal_rcc.o
    0x08003836   0x00000002   PAD
    0x08003838   0x00000014   Data   RO         3272    .constdata          main.o
    0x0800384c   0x0000000c   Data   RO         3273    .conststring        main.o
    0x08003858   0x00000020   Data   RO         4672    Region$$Table       anon$$obj.o


    Execution Region RW_IRAM1 (Base: 0x20000000, Size: 0x000012a0, Max: 0x00005000, ABSOLUTE)

    Base Addr    Size         Type   Attr      Idx    E Section Name        Object

    0x20000000   0x00000004   Data   RW            7    .data               system_stm32f1xx.o
    0x20000004   0x00000004   Data   RW          154    .data               wenyu_tmp_ctl_bsp.o
    0x20000008   0x00000001   Data   RW         2000    .data               stm32f1xx_hal_spi_ex.o
    0x20000009   0x00000003   PAD
    0x2000000c   0x00000004   Data   RW         2271    .data               stm32f1xx_hal.o
    0x20000010   0x00000004   Data   RW         3274    .data               main.o
    0x20000014   0x00000038   Data   RW         3631    .data               tasks.o
    0x2000004c   0x0000000c   Data   RW         4122    .data               port.o
    0x20000058   0x00000018   Data   RW         4591    .data               heap_4.o
    0x20000070   0x0000013c   Zero   RW         3271    .bss                main.o
    0x200001ac   0x000000f0   Zero   RW         3630    .bss                tasks.o
    0x2000029c   0x00000c00   Zero   RW         4590    .bss                heap_4.o
    0x20000e9c   0x00000004   PAD
    0x20000ea0   0x00000400   Zero   RW         3573    STACK               startup_stm32f103xb.o


==============================================================================

Image component sizes


      Code (inc. data)   RO Data    RW Data    ZI Data      Debug   Object Name

       116          0          0          0          0       7446   cmsis_os.o
       440         32          0         24       3072       4199   heap_4.o
       142          0          0          0          0       3278   list.o
       826         88         32          4        316       5945   main.o
       542         72          0         12          0       7565   port.o
        36          8        236          0       1024        864   startup_stm32f103xb.o
       120         16          0          4          0       3406   stm32f1xx_hal.o
       806         16          0          0          0       3208   stm32f1xx_hal_adc.o
       208         16          0          0          0      24932   stm32f1xx_hal_cortex.o
       512         12          0          0          0       3579   stm32f1xx_hal_gpio.o
        96          0          0          0          0       1060   stm32f1xx_hal_iwdg.o
       486         56          0          0          0       4683   stm32f1xx_hal_msp.o
        26          0          0          0          0        487   stm32f1xx_hal_pwr.o
      3552         82         16          0          0       7220   stm32f1xx_hal_rcc.o
       688         46          0          0          0       2673   stm32f1xx_hal_rcc_ex.o
      1084         26          0          0          0       8996   stm32f1xx_hal_rtc.o
       104          8          0          0          0       1238   stm32f1xx_hal_rtc_ex.o
       140          6          0          1          0       1282   stm32f1xx_hal_spi_ex.o
       770         28          0          0          0       5344   stm32f1xx_hal_tim.o
       102          0          0          0          0       1188   stm32f1xx_hal_tim_ex.o
       384          4          0          0          0       1644   stm32f1xx_hal_uart.o
        74          0          0          0          0        992   stm32f1xx_hal_wwdg.o
        14          0          0          0          0        438   stm32f1xx_it.o
        72         12          0          4          0     283361   system_stm32f1xx.o
      1370        126          0         56        240      15769   tasks.o
       600         50          2          4          0      27754   wenyu_tmp_ctl_bsp.o

    ----------------------------------------------------------------------
     13334        704        320        112       4656     428551   Object Totals
         0          0         32          0          0          0   (incl. Generated)
        24          0          2          3          4          0   (incl. Padding)

    ----------------------------------------------------------------------

      Code (inc. data)   RO Data    RW Data    ZI Data      Debug   Library Member Name

         0          0          0          0          0          0   entry.o
         0          0          0          0          0          0   entry10a.o
         0          0          0          0          0          0   entry11a.o
         8          4          0          0          0          0   entry2.o
         4          0          0          0          0          0   entry5.o
         0          0          0          0          0          0   entry7b.o
         0          0          0          0          0          0   entry8b.o
         8          4          0          0          0          0   entry9a.o
        30          0          0          0          0          0   handlers.o
        36          8          0          0          0         68   init.o
         0          0          0          0          0          0   iusefp.o
        30          0          0          0          0         68   llshl.o
        32          0          0          0          0         68   llushr.o
        36          0          0          0          0        108   memseta.o
        56          0          0          0          0         88   d2f.o
       186          0          0          0          0        176   depilogue.o
        34          0          0          0          0         76   dflti.o
       228          0          0          0          0         96   dmul.o
       110          0          0          0          0        168   fepilogue.o

    ----------------------------------------------------------------------
       802         16          0          0          0        916   Library Totals
         4          0          0          0          0          0   (incl. Padding)

    ----------------------------------------------------------------------

      Code (inc. data)   RO Data    RW Data    ZI Data      Debug   Library Name

       184         16          0          0          0        312   mc_w.l
       614          0          0          0          0        604   mf_w.l

    ----------------------------------------------------------------------
       802         16          0          0          0        916   Library Totals

    ----------------------------------------------------------------------

==============================================================================


      Code (inc. data)   RO Data    RW Data    ZI Data      Debug   

     14136        720        320        112       4656     423119   Grand Totals
     14136        720        320        112       4656     423119   ELF Image Totals
     14136        720        320        112          0          0   ROM Totals

==============================================================================

    Total RO  Size (Code + RO Data)                14456 (  14.12kB)
    Total RW  Size (RW Data + ZI Data)              4768 (   4.66kB)
    Total ROM Size (Code + RO Data + RW Data)      14568 (  14.23kB)

==============================================================================

