Component: ARM Compiler 5.05 update 1 (build 106) Tool: armlink [4d0efa]

==============================================================================

Section Cross References

    system_stm32f1xx.o(i.SystemCoreClockUpdate) refers to system_stm32f1xx.o(.data) for .data
    system_stm32f1xx.o(i.SystemCoreClockUpdate) refers to system_stm32f1xx.o(.constdata) for .constdata
    wenyu_tmp_ctl_bsp.o(i.BSP_BUZZER_Init) refers to stm32f1xx_hal_gpio.o(i.HAL_GPIO_Init) for HAL_GPIO_Init
    wenyu_tmp_ctl_bsp.o(i.BSP_BUZZER_Init) refers to stm32f1xx_hal_gpio.o(i.HAL_GPIO_WritePin) for HAL_GPIO_WritePin
    wenyu_tmp_ctl_bsp.o(i.BSP_BUZZER_Init) refers to wenyu_tmp_ctl_bsp.o(.constdata) for .constdata
    wenyu_tmp_ctl_bsp.o(i.BSP_BUZZER_Init) refers to wenyu_tmp_ctl_bsp.o(.data) for .data
    wenyu_tmp_ctl_bsp.o(i.BSP_BUZZER_Off) refers to stm32f1xx_hal_gpio.o(i.HAL_GPIO_WritePin) for HAL_GPIO_WritePin
    wenyu_tmp_ctl_bsp.o(i.BSP_BUZZER_Off) refers to wenyu_tmp_ctl_bsp.o(.constdata) for .constdata
    wenyu_tmp_ctl_bsp.o(i.BSP_BUZZER_Off) refers to wenyu_tmp_ctl_bsp.o(.data) for .data
    wenyu_tmp_ctl_bsp.o(i.BSP_BUZZER_On) refers to stm32f1xx_hal_gpio.o(i.HAL_GPIO_WritePin) for HAL_GPIO_WritePin
    wenyu_tmp_ctl_bsp.o(i.BSP_BUZZER_On) refers to wenyu_tmp_ctl_bsp.o(.constdata) for .constdata
    wenyu_tmp_ctl_bsp.o(i.BSP_BUZZER_On) refers to wenyu_tmp_ctl_bsp.o(.data) for .data
    wenyu_tmp_ctl_bsp.o(i.BSP_BUZZER_Toggle) refers to stm32f1xx_hal_gpio.o(i.HAL_GPIO_TogglePin) for HAL_GPIO_TogglePin
    wenyu_tmp_ctl_bsp.o(i.BSP_BUZZER_Toggle) refers to wenyu_tmp_ctl_bsp.o(.constdata) for .constdata
    wenyu_tmp_ctl_bsp.o(i.BSP_BUZZER_Toggle) refers to wenyu_tmp_ctl_bsp.o(.data) for .data
    wenyu_tmp_ctl_bsp.o(i.BSP_DS18B20_Get_Temp) refers to wenyu_tmp_ctl_bsp.o(i.BSP_DS18B20_Rst) for BSP_DS18B20_Rst
    wenyu_tmp_ctl_bsp.o(i.BSP_DS18B20_Get_Temp) refers to wenyu_tmp_ctl_bsp.o(i.BSP_DS18B20_Presence) for BSP_DS18B20_Presence
    wenyu_tmp_ctl_bsp.o(i.BSP_DS18B20_Get_Temp) refers to wenyu_tmp_ctl_bsp.o(i.BSP_DS18B20_Write_Byte) for BSP_DS18B20_Write_Byte
    wenyu_tmp_ctl_bsp.o(i.BSP_DS18B20_Get_Temp) refers to wenyu_tmp_ctl_bsp.o(i.BSP_udelay) for BSP_udelay
    wenyu_tmp_ctl_bsp.o(i.BSP_DS18B20_Get_Temp) refers to wenyu_tmp_ctl_bsp.o(i.BSP_DS18B20_Read_Byte) for BSP_DS18B20_Read_Byte
    wenyu_tmp_ctl_bsp.o(i.BSP_DS18B20_Get_Temp) refers to dflti.o(.text) for __aeabi_i2d
    wenyu_tmp_ctl_bsp.o(i.BSP_DS18B20_Get_Temp) refers to dscalb.o(.text) for __ARM_scalbn
    wenyu_tmp_ctl_bsp.o(i.BSP_DS18B20_Get_Temp) refers to d2f.o(.text) for __aeabi_d2f
    wenyu_tmp_ctl_bsp.o(i.BSP_DS18B20_Init) refers to wenyu_tmp_ctl_bsp.o(i.BSP_DS18B20_Rst) for BSP_DS18B20_Rst
    wenyu_tmp_ctl_bsp.o(i.BSP_DS18B20_Init) refers to wenyu_tmp_ctl_bsp.o(i.BSP_DS18B20_Presence) for BSP_DS18B20_Presence
    wenyu_tmp_ctl_bsp.o(i.BSP_DS18B20_Mode_IPU) refers to stm32f1xx_hal_gpio.o(i.HAL_GPIO_Init) for HAL_GPIO_Init
    wenyu_tmp_ctl_bsp.o(i.BSP_DS18B20_Mode_Out_PP) refers to stm32f1xx_hal_gpio.o(i.HAL_GPIO_Init) for HAL_GPIO_Init
    wenyu_tmp_ctl_bsp.o(i.BSP_DS18B20_Presence) refers to wenyu_tmp_ctl_bsp.o(i.BSP_DS18B20_Mode_IPU) for BSP_DS18B20_Mode_IPU
    wenyu_tmp_ctl_bsp.o(i.BSP_DS18B20_Presence) refers to wenyu_tmp_ctl_bsp.o(i.BSP_udelay) for BSP_udelay
    wenyu_tmp_ctl_bsp.o(i.BSP_DS18B20_Presence) refers to stm32f1xx_hal_gpio.o(i.HAL_GPIO_ReadPin) for HAL_GPIO_ReadPin
    wenyu_tmp_ctl_bsp.o(i.BSP_DS18B20_Read_Byte) refers to wenyu_tmp_ctl_bsp.o(i.BSP_DS18B20_Mode_Out_PP) for BSP_DS18B20_Mode_Out_PP
    wenyu_tmp_ctl_bsp.o(i.BSP_DS18B20_Read_Byte) refers to stm32f1xx_hal_gpio.o(i.HAL_GPIO_WritePin) for HAL_GPIO_WritePin
    wenyu_tmp_ctl_bsp.o(i.BSP_DS18B20_Read_Byte) refers to wenyu_tmp_ctl_bsp.o(i.BSP_udelay) for BSP_udelay
    wenyu_tmp_ctl_bsp.o(i.BSP_DS18B20_Read_Byte) refers to wenyu_tmp_ctl_bsp.o(i.BSP_DS18B20_Mode_IPU) for BSP_DS18B20_Mode_IPU
    wenyu_tmp_ctl_bsp.o(i.BSP_DS18B20_Read_Byte) refers to stm32f1xx_hal_gpio.o(i.HAL_GPIO_ReadPin) for HAL_GPIO_ReadPin
    wenyu_tmp_ctl_bsp.o(i.BSP_DS18B20_Rst) refers to wenyu_tmp_ctl_bsp.o(i.BSP_DS18B20_Mode_Out_PP) for BSP_DS18B20_Mode_Out_PP
    wenyu_tmp_ctl_bsp.o(i.BSP_DS18B20_Rst) refers to stm32f1xx_hal_gpio.o(i.HAL_GPIO_WritePin) for HAL_GPIO_WritePin
    wenyu_tmp_ctl_bsp.o(i.BSP_DS18B20_Rst) refers to wenyu_tmp_ctl_bsp.o(i.BSP_udelay) for BSP_udelay
    wenyu_tmp_ctl_bsp.o(i.BSP_DS18B20_Start) refers to wenyu_tmp_ctl_bsp.o(i.BSP_DS18B20_Rst) for BSP_DS18B20_Rst
    wenyu_tmp_ctl_bsp.o(i.BSP_DS18B20_Start) refers to wenyu_tmp_ctl_bsp.o(i.BSP_DS18B20_Presence) for BSP_DS18B20_Presence
    wenyu_tmp_ctl_bsp.o(i.BSP_DS18B20_Start) refers to wenyu_tmp_ctl_bsp.o(i.BSP_DS18B20_Write_Byte) for BSP_DS18B20_Write_Byte
    wenyu_tmp_ctl_bsp.o(i.BSP_DS18B20_Write_Byte) refers to wenyu_tmp_ctl_bsp.o(i.BSP_DS18B20_Mode_Out_PP) for BSP_DS18B20_Mode_Out_PP
    wenyu_tmp_ctl_bsp.o(i.BSP_DS18B20_Write_Byte) refers to stm32f1xx_hal_gpio.o(i.HAL_GPIO_WritePin) for HAL_GPIO_WritePin
[...]
    ../Drivers/STM32F1xx_HAL_Driver/Src/stm32f1xx_hal_iwdg.c 0x00000000   Number         0  stm32f1xx_hal_iwdg.o ABSOLUTE
    ../Drivers/STM32F1xx_HAL_Driver/Src/stm32f1xx_hal_pwr.c 0x00000000   Number         0  stm32f1xx_hal_pwr.o ABSOLUTE
    ../Drivers/STM32F1xx_HAL_Driver/Src/stm32f1xx_hal_rcc.c 0x00000000   Number         0  stm32f1xx_hal_rcc.o ABSOLUTE
    ../Drivers/STM32F1xx_HAL_Driver/Src/stm32f1xx_hal_rcc_ex.c 0x00000000   Number         0  stm32f1xx_hal_rcc_ex.o ABSOLUTE
    ../Drivers/STM32F1xx_HAL_Driver/Src/stm32f1xx_hal_rtc.c 0x00000000   Number         0  stm32f1xx_hal_rtc.o ABSOLUTE
    ../Drivers/STM32F1xx_HAL_Driver/Src/stm32f1xx_hal_rtc_ex.c 0x00000000   Number         0  stm32f1xx_hal_rtc_ex.o ABSOLUTE
    ../Drivers/STM32F1xx_HAL_Driver/Src/stm32f1xx_hal_spi_ex.c 0x00000000   Number         0  stm32f1xx_hal_spi_ex.o ABSOLUTE
    ../Drivers/STM32F1xx_HAL_Driver/Src/stm32f1xx_hal_tim.c 0x00000000   Number         0  stm32f1xx_hal_tim.o ABSOLUTE
    ../Drivers/STM32F1xx_HAL_Driver/Src/stm32f1xx_hal_tim_ex.c 0x00000000   Number         0  stm32f1xx_hal_tim_ex.o ABSOLUTE
    ../Drivers/STM32F1xx_HAL_Driver/Src/stm32f1xx_hal_uart.c 0x00000000   Number         0  stm32f1xx_hal_uart.o ABSOLUTE
    ../Drivers/STM32F1xx_HAL_Driver/Src/stm32f1xx_hal_wwdg.c 0x00000000   Number         0  stm32f1xx_hal_wwdg.o ABSOLUTE
    ../Src/main.c                            0x00000000   Number         0  main.o ABSOLUTE
    ../Src/stm32f1xx_hal_msp.c               0x00000000   Number         0  stm32f1xx_hal_msp.o ABSOLUTE
    ../Src/stm32f1xx_it.c                    0x00000000   Number         0  stm32f1xx_it.o ABSOLUTE
    ../clib/microlib/init/entry.s            0x00000000   Number         0  entry8a.o ABSOLUTE
    ../clib/microlib/init/entry.s            0x00000000   Number         0  entry11a.o ABSOLUTE
    ../clib/microlib/init/entry.s            0x00000000   Number         0  entry11b.o ABSOLUTE
    ../clib/microlib/init/entry.s            0x00000000   Number         0  entry2.o ABSOLUTE
    ../clib/microlib/init/entry.s            0x00000000   Number         0  entry7b.o ABSOLUTE
    ../clib/microlib/init/entry.s            0x00000000   Number         0  entry5.o ABSOLUTE
    ../clib/microlib/init/entry.s            0x00000000   Number         0  entry7a.o ABSOLUTE
    ../clib/microlib/init/entry.s            0x00000000   Number         0  entry8b.o ABSOLUTE
    ../clib/microlib/init/entry.s            0x00000000   Number         0  entry9a.o ABSOLUTE
    ../clib/microlib/init/entry.s            0x00000000   Number         0  entry.o ABSOLUTE
    ../clib/microlib/init/entry.s            0x00000000   Number         0  entry9b.o ABSOLUTE
    ../clib/microlib/init/entry.s            0x00000000   Number         0  entry10a.o ABSOLUTE
    ../clib/microlib/init/entry.s            0x00000000   Number         0  entry10b.o ABSOLUTE
    ../clib/microlib/longlong.c              0x00000000   Number         0  llshl.o ABSOLUTE
    ../clib/microlib/longlong.c              0x00000000   Number         0  llushr.o ABSOLUTE
    ../clib/microlib/string/memcpy.c         0x00000000   Number         0  memcpyb.o ABSOLUTE
    ../clib/microlib/string/memcpy.c         0x00000000   Number         0  memcpya.o ABSOLUTE
    ../clib/microlib/stubs.s                 0x00000000   Number         0  iusefp.o ABSOLUTE
    ../fplib/microlib/d2f.c                  0x00000000   Number         0  d2f.o ABSOLUTE
    ../fplib/microlib/fpadd.c                0x00000000   Number         0  fadd.o ABSOLUTE
    ../fplib/microlib/fpdiv.c                0x00000000   Number         0  fdiv.o ABSOLUTE
    ../fplib/microlib/fpepilogue.c           0x00000000   Number         0  fepilogue.o ABSOLUTE
    ../fplib/microlib/fpepilogue.c           0x00000000   Number         0  depilogue.o ABSOLUTE
    ../fplib/microlib/fpfix.c                0x00000000   Number         0  ffixi.o ABSOLUTE
    ../fplib/microlib/fpflt.c                0x00000000   Number         0  fflti.o ABSOLUTE
    ../fplib/microlib/fpflt.c                0x00000000   Number         0  dflti.o ABSOLUTE
    ../fplib/microlib/fpflt.c                0x00000000   Number         0  ffltui.o ABSOLUTE
    ../fplib/microlib/fpmul.c                0x00000000   Number         0  fmul.o ABSOLUTE
    ../fplib/microlib/fpscalb.c              0x00000000   Number         0  dscalb.o ABSOLUTE
    ../fplib/microlib/fpscalb.c              0x00000000   Number         0  fscalb.o ABSOLUTE
    ..\Drivers\BSP\wenyu_tmp_ctl_bsp.c       0x00000000   Number         0  wenyu_tmp_ctl_bsp.o ABSOLUTE
    ..\Drivers\CMSIS\Device\ST\STM32F1xx\Source\Templates\system_stm32f1xx.c 0x00000000   Number         0  system_stm32f1xx.o ABSOLUTE
    ..\Drivers\STM32F1xx_HAL_Driver\Src\stm32f1xx_hal.c 0x00000000   Number         0  stm32f1xx_hal.o ABSOLUTE
    ..\Drivers\STM32F1xx_HAL_Driver\Src\stm32f1xx_hal_adc.c 0x00000000   Number         0  stm32f1xx_hal_adc.o ABSOLUTE
    ..\Drivers\STM32F1xx_HAL_Driver\Src\stm32f1xx_hal_adc_ex.c 0x00000000   Number         0  stm32f1xx_hal_adc_ex.o ABSOLUTE
    ..\Drivers\STM32F1xx_HAL_Driver\Src\stm32f1xx_hal_cortex.c 0x00000000   Number         0  stm32f1xx_hal_cortex.o ABSOLUTE
    ..\Drivers\STM32F1xx_HAL_Driver\Src\stm32f1xx_hal_dma.c 0x00000000   Number         0  stm32f1xx_hal_dma.o ABSOLUTE
    ..\Drivers\STM32F1xx_HAL_Driver\Src\stm32f1xx_hal_flash.c 0x00000000   Number         0  stm32f1xx_hal_flash.o ABSOLUTE
    ..\Drivers\STM32F1xx_HAL_Driver\Src\stm32f1xx_hal_flash_ex.c 0x00000000   Number         0  stm32f1xx_hal_flash_ex.o ABSOLUTE
    ..\Drivers\STM32F1xx_HAL_Driver\Src\stm32f1xx_hal_gpio.c 0x00000000   Number         0  stm32f1xx_hal_gpio.o ABSOLUTE
    ..\Drivers\STM32F1xx_HAL_Driver\Src\stm32f1xx_hal_gpio_ex.c 0x00000000   Number         0  stm32f1xx_hal_gpio_ex.o ABSOLUTE
    ..\Drivers\STM32F1xx_HAL_Driver\Src\stm32f1xx_hal_iwdg.c 0x00000000   Number         0  stm32f1xx_hal_iwdg.o ABSOLUTE
    ..\Drivers\STM32F1xx_HAL_Driver\Src\stm32f1xx_hal_pwr.c 0x00000000   Number         0  stm32f1xx_hal_pwr.o ABSOLUTE
    ..\Drivers\STM32F1xx_HAL_Driver\Src\stm32f1xx_hal_rcc.c 0x00000000   Number         0  stm32f1xx_hal_rcc.o ABSOLUTE
    ..\Drivers\STM32F1xx_HAL_Driver\Src\stm32f1xx_hal_rcc_ex.c 0x00000000   Number         0  stm32f1xx_hal_rcc_ex.o ABSOLUTE
    ..\Drivers\STM32F1xx_HAL_Driver\Src\stm32f1xx_hal_rtc.c 0x00000000   Number         0  stm32f1xx_hal_rtc.o ABSOLUTE
    ..\Drivers\STM32F1xx_HAL_Driver\Src\stm32f1xx_hal_rtc_ex.c 0x00000000   Number         0  stm32f1xx_hal_rtc_ex.o ABSOLUTE
    ..\Drivers\STM32F1xx_HAL_Driver\Src\stm32f1xx_hal_spi_ex.c 0x00000000   Number         0  stm32f1xx_hal_spi_ex.o ABSOLUTE
    ..\Drivers\STM32F1xx_HAL_Driver\Src\stm32f1xx_hal_tim.c 0x00000000   Number         0  stm32f1xx_hal_tim.o ABSOLUTE
    ..\Drivers\STM32F1xx_HAL_Driver\Src\stm32f1xx_hal_tim_ex.c 0x00000000   Number         0  stm32f1xx_hal_tim_ex.o ABSOLUTE
    ..\Drivers\STM32F1xx_HAL_Driver\Src\stm32f1xx_hal_uart.c 0x00000000   Number         0  stm32f1xx_hal_uart.o ABSOLUTE
    ..\Drivers\STM32F1xx_HAL_Driver\Src\stm32f1xx_hal_wwdg.c 0x00000000   Number         0  stm32f1xx_hal_wwdg.o ABSOLUTE
    ..\Src\Queue.c                           0x00000000   Number         0  queue.o ABSOLUTE
    ..\Src\eeprom.c                          0x00000000   Number         0  eeprom.o ABSOLUTE
    ..\Src\main.c                            0x00000000   Number         0  main.o ABSOLUTE
    ..\Src\stm32f1xx_hal_msp.c               0x00000000   Number         0  stm32f1xx_hal_msp.o ABSOLUTE
    ..\Src\stm32f1xx_it.c                    0x00000000   Number         0  stm32f1xx_it.o ABSOLUTE
    ..\Src\tmp_ctl.c                         0x00000000   Number         0  tmp_ctl.o ABSOLUTE
    ..\\Drivers\\BSP\\wenyu_tmp_ctl_bsp.c    0x00000000   Number         0  wenyu_tmp_ctl_bsp.o ABSOLUTE
    ..\\Src\\eeprom.c                        0x00000000   Number         0  eeprom.o ABSOLUTE
    ..\\Src\\tmp_ctl.c                       0x00000000   Number         0  tmp_ctl.o ABSOLUTE
    cfcmple.s                                0x00000000   Number         0  cfcmple.o ABSOLUTE
    dc.s                                     0x00000000   Number         0  dc.o ABSOLUTE
    handlers.s                               0x00000000   Number         0  handlers.o ABSOLUTE
    init.s                                   0x00000000   Number         0  init.o ABSOLUTE
    RESET                                    0x08000000   Section      236  startup_stm32f103xb.o(RESET)
    .ARM.Collect$$$$00000000                 0x080000ec   Section        0  entry.o(.ARM.Collect$$$$00000000)
    .ARM.Collect$$$$00000001                 0x080000ec   Section        4  entry2.o(.ARM.Collect$$$$00000001)
    .ARM.Collect$$$$00000004                 0x080000f0   Section        4  entry5.o(.ARM.Collect$$$$00000004)
    .ARM.Collect$$$$00000008                 0x080000f4   Section        0  entry7b.o(.ARM.Collect$$$$00000008)
    .ARM.Collect$$$$0000000A                 0x080000f4   Section        0  entry8b.o(.ARM.Collect$$$$0000000A)
    .ARM.Collect$$$$0000000B                 0x080000f4   Section        8  entry9a.o(.ARM.Collect$$$$0000000B)
    .ARM.Collect$$$$0000000D                 0x080000fc   Section        0  entry10a.o(.ARM.Collect$$$$0000000D)
    .ARM.Collect$$$$0000000F                 0x080000fc   Section        0  entry11a.o(.ARM.Collect$$$$0000000F)
    .ARM.Collect$$$$00002712                 0x080000fc   Section        4  entry2.o(.ARM.Collect$$$$00002712)
    __lit__00000000                          0x080000fc   Data           4  entry2.o(.ARM.Collect$$$$00002712)
    .text                                    0x08000100   Section       36  startup_stm32f103xb.o(.text)
    .text                                    0x08000124   Section        0  llushr.o(.text)
    .text                                    0x08000144   Section        0  fadd.o(.text)
    .text                                    0x080001f4   Section        0  fmul.o(.text)
    .text                                    0x08000258   Section        0  fdiv.o(.text)
    .text                                    0x080002d4   Section        0  fscalb.o(.text)
    .text                                    0x080002ec   Section        0  dscalb.o(.text)
    .text                                    0x0800031a   Section        0  fflti.o(.text)
    .text                                    0x0800032c   Section        0  ffltui.o(.text)
    .text                                    0x08000336   Section        0  dflti.o(.text)
    .text                                    0x08000358   Section        0  ffixi.o(.text)
    .text                                    0x0800038a   Section        0  d2f.o(.text)
    .text                                    0x080003c4   Section       20  cfcmple.o(.text)
    .text                                    0x080003d8   Section        0  iusefp.o(.text)
    .text                                    0x080003d8   Section        0  fepilogue.o(.text)
    .text                                    0x08000446   Section        0  depilogue.o(.text)
    .text                                    0x08000500   Section       36  init.o(.text)
    .text                                    0x08000524   Section        0  llshl.o(.text)
    i.ADC_ConversionStop_Disable             0x08000542   Section        0  stm32f1xx_hal_adc.o(i.ADC_ConversionStop_Disable)
    i.BSP_BUZZER_Off                         0x08000594   Section        0  wenyu_tmp_ctl_bsp.o(i.BSP_BUZZER_Off)
    i.BSP_BUZZER_On                          0x080005b0   Section        0  wenyu_tmp_ctl_bsp.o(i.BSP_BUZZER_On)
    i.BSP_DS18B20_Get_Temp                   0x080005cc   Section        0  wenyu_tmp_ctl_bsp.o(i.BSP_DS18B20_Get_Temp)
    i.BSP_DS18B20_Mode_IPU                   0x08000638   Section        0  wenyu_tmp_ctl_bsp.o(i.BSP_DS18B20_Mode_IPU)
    BSP_DS18B20_Mode_IPU                     0x08000639   Thumb Code    24  wenyu_tmp_ctl_bsp.o(i.BSP_DS18B20_Mode_IPU)
    i.BSP_DS18B20_Mode_Out_PP                0x08000654   Section        0  wenyu_tmp_ctl_bsp.o(i.BSP_DS18B20_Mode_Out_PP)
    BSP_DS18B20_Mode_Out_PP                  0x08000655   Thumb Code    28  wenyu_tmp_ctl_bsp.o(i.BSP_DS18B20_Mode_Out_PP)
    i.BSP_DS18B20_Presence                   0x08000674   Section        0  wenyu_tmp_ctl_bsp.o(i.BSP_DS18B20_Presence)
    BSP_DS18B20_Presence                     0x08000675   Thumb Code    84  wenyu_tmp_ctl_bsp.o(i.BSP_DS18B20_Presence)
    i.BSP_DS18B20_Read_Byte                  0x080006cc   Section        0  wenyu_tmp_ctl_bsp.o(i.BSP_DS18B20_Read_Byte)
    i.BSP_DS18B20_Rst                        0x08000720   Section        0  wenyu_tmp_ctl_bsp.o(i.BSP_DS18B20_Rst)
    BSP_DS18B20_Rst                          0x08000721   Thumb Code    46  wenyu_tmp_ctl_bsp.o(i.BSP_DS18B20_Rst)
    i.BSP_DS18B20_Write_Byte                 0x08000754   Section        0  wenyu_tmp_ctl_bsp.o(i.BSP_DS18B20_Write_Byte)
    i.BSP_udelay                             0x080007b4   Section        0  wenyu_tmp_ctl_bsp.o(i.BSP_udelay)
    i.BuzzerOFF                              0x080007f0   Section        0  tmp_ctl.o(i.BuzzerOFF)
    i.BuzzerON                               0x080007f6   Section        0  tmp_ctl.o(i.BuzzerON)
    i.BuzzerOutPut                           0x080007fc   Section        0  tmp_ctl.o(i.BuzzerOutPut)
    i.DMA1_Channel4_IRQHandler               0x08000810   Section        0  stm32f1xx_it.o(i.DMA1_Channel4_IRQHandler)
    i.DMA1_Channel5_IRQHandler               0x0800081c   Section        0  stm32f1xx_it.o(i.DMA1_Channel5_IRQHandler)
    i.DMA_SetConfig                          0x08000828   Section        0  stm32f1xx_hal_dma.o(i.DMA_SetConfig)
    DMA_SetConfig                            0x08000829   Thumb Code    34  stm32f1xx_hal_dma.o(i.DMA_SetConfig)
    i.EE_FindValidPage                       0x0800084c   Section        0  eeprom.o(i.EE_FindValidPage)
    EE_FindValidPage                         0x0800084d   Thumb Code    72  eeprom.o(i.EE_FindValidPage)
    i.EE_Format                              0x0800089c   Section        0  eeprom.o(i.EE_Format)
    EE_Format                                0x0800089d   Thumb Code    82  eeprom.o(i.EE_Format)
    i.EE_Init                                0x080008f8   Section        0  eeprom.o(i.EE_Init)
    i.EE_PageTransfer                        0x08000af4   Section        0  eeprom.o(i.EE_PageTransfer)
    EE_PageTransfer                          0x08000af5   Thumb Code   168  eeprom.o(i.EE_PageTransfer)
    i.EE_ReadVariable                        0x08000bac   Section        0  eeprom.o(i.EE_ReadVariable)
    i.EE_VerifyPageFullWriteVariable         0x08000bfc   Section        0  eeprom.o(i.EE_VerifyPageFullWriteVariable)
    EE_VerifyPageFullWriteVariable           0x08000bfd   Thumb Code    88  eeprom.o(i.EE_VerifyPageFullWriteVariable)
    i.EE_VerifyPageFullyErased               0x08000c5c   Section        0  eeprom.o(i.EE_VerifyPageFullyErased)
    EE_VerifyPageFullyErased                 0x08000c5d   Thumb Code    38  eeprom.o(i.EE_VerifyPageFullyErased)
    i.EE_WriteVariable                       0x08000c88   Section        0  eeprom.o(i.EE_WriteVariable)
    i.FLASH_MassErase                        0x08000ca8   Section        0  stm32f1xx_hal_flash_ex.o(i.FLASH_MassErase)
    FLASH_MassErase                          0x08000ca9   Thumb Code    26  stm32f1xx_hal_flash_ex.o(i.FLASH_MassErase)
    i.FLASH_PageErase                        0x08000ccc   Section        0  stm32f1xx_hal_flash_ex.o(i.FLASH_PageErase)
    i.FLASH_Program_HalfWord                 0x08000cf0   Section        0  stm32f1xx_hal_flash.o(i.FLASH_Program_HalfWord)
    FLASH_Program_HalfWord                   0x08000cf1   Thumb Code    20  stm32f1xx_hal_flash.o(i.FLASH_Program_HalfWord)
    i.FLASH_SetErrorCode                     0x08000d0c   Section        0  stm32f1xx_hal_flash.o(i.FLASH_SetErrorCode)
    FLASH_SetErrorCode                       0x08000d0d   Thumb Code    66  stm32f1xx_hal_flash.o(i.FLASH_SetErrorCode)
    i.FLASH_WaitForLastOperation             0x08000d58   Section        0  stm32f1xx_hal_flash.o(i.FLASH_WaitForLastOperation)
    i.GetChannel                             0x08000dc0   Section        0  tmp_ctl.o(i.GetChannel)
    i.GetCurrentTemp                         0x08000dc4   Section        0  tmp_ctl.o(i.GetCurrentTemp)
    i.GetTemp                                0x08000dd0   Section        0  tmp_ctl.o(i.GetTemp)
    i.GetTimer                               0x08000ddc   Section        0  tmp_ctl.o(i.GetTimer)
    i.HAL_ADC_ConfigChannel                  0x08000de0   Section        0  stm32f1xx_hal_adc.o(i.HAL_ADC_ConfigChannel)
    i.HAL_ADC_Init                           0x08000f78   Section        0  stm32f1xx_hal_adc.o(i.HAL_ADC_Init)
    i.HAL_ADC_MspInit                        0x080010b4   Section        0  stm32f1xx_hal_msp.o(i.HAL_ADC_MspInit)
    i.HAL_DMA_IRQHandler                     0x080010f0   Section        0  stm32f1xx_hal_dma.o(i.HAL_DMA_IRQHandler)
    i.HAL_DMA_Init                           0x0800134c   Section        0  stm32f1xx_hal_dma.o(i.HAL_DMA_Init)
    i.HAL_DMA_Start_IT                       0x080013ae   Section        0  stm32f1xx_hal_dma.o(i.HAL_DMA_Start_IT)
    i.HAL_Delay                              0x0800140a   Section        0  stm32f1xx_hal.o(i.HAL_Delay)
    i.HAL_FLASHEx_Erase                      0x08001420   Section        0  stm32f1xx_hal_flash_ex.o(i.HAL_FLASHEx_Erase)
    i.HAL_FLASH_Lock                         0x080014d4   Section        0  stm32f1xx_hal_flash.o(i.HAL_FLASH_Lock)
    i.HAL_FLASH_Program                      0x080014e8   Section        0  stm32f1xx_hal_flash.o(i.HAL_FLASH_Program)
    i.HAL_FLASH_Unlock                       0x0800157c   Section        0  stm32f1xx_hal_flash.o(i.HAL_FLASH_Unlock)
    i.HAL_GPIO_Init                          0x080015a4   Section        0  stm32f1xx_hal_gpio.o(i.HAL_GPIO_Init)
    i.HAL_GPIO_ReadPin                       0x08001788   Section        0  stm32f1xx_hal_gpio.o(i.HAL_GPIO_ReadPin)
    i.HAL_GPIO_WritePin                      0x08001796   Section        0  stm32f1xx_hal_gpio.o(i.HAL_GPIO_WritePin)
    i.HAL_GetTick                            0x080017a4   Section        0  stm32f1xx_hal.o(i.HAL_GetTick)
    i.HAL_IWDG_Init                          0x080017b0   Section        0  stm32f1xx_hal_iwdg.o(i.HAL_IWDG_Init)
    i.HAL_IWDG_MspInit                       0x08001810   Section        0  stm32f1xx_hal_msp.o(i.HAL_IWDG_MspInit)
    i.HAL_IWDG_Refresh                       0x08001812   Section        0  stm32f1xx_hal_iwdg.o(i.HAL_IWDG_Refresh)
    i.HAL_IWDG_Start                         0x08001872   Section        0  stm32f1xx_hal_iwdg.o(i.HAL_IWDG_Start)
    i.HAL_IncTick                            0x080018a0   Section        0  stm32f1xx_hal.o(i.HAL_IncTick)
    i.HAL_Init                               0x080018b0   Section        0  stm32f1xx_hal.o(i.HAL_Init)
    i.HAL_InitTick                           0x080018d4   Section        0  stm32f1xx_hal.o(i.HAL_InitTick)
    i.HAL_MspInit                            0x080018f8   Section        0  stm32f1xx_hal_msp.o(i.HAL_MspInit)
    i.HAL_NVIC_EnableIRQ                     0x08001930   Section        0  stm32f1xx_hal_cortex.o(i.HAL_NVIC_EnableIRQ)
    i.HAL_NVIC_SetPriority                   0x08001948   Section        0  stm32f1xx_hal_cortex.o(i.HAL_NVIC_SetPriority)
    i.HAL_NVIC_SetPriorityGrouping           0x080019b0   Section        0  stm32f1xx_hal_cortex.o(i.HAL_NVIC_SetPriorityGrouping)
    i.HAL_PWR_EnableBkUpAccess               0x080019d4   Section        0  stm32f1xx_hal_pwr.o(i.HAL_PWR_EnableBkUpAccess)
    i.HAL_RCCEx_GetPeriphCLKFreq             0x080019f0   Section        0  stm32f1xx_hal_rcc_ex.o(i.HAL_RCCEx_GetPeriphCLKFreq)
    i.HAL_RCCEx_PeriphCLKConfig              0x08001b18   Section        0  stm32f1xx_hal_rcc_ex.o(i.HAL_RCCEx_PeriphCLKConfig)
    i.HAL_RCC_ClockConfig                    0x08001ca0   Section        0  stm32f1xx_hal_rcc.o(i.HAL_RCC_ClockConfig)
    i.HAL_RCC_GetHCLKFreq                    0x08001fc0   Section        0  stm32f1xx_hal_rcc.o(i.HAL_RCC_GetHCLKFreq)
    i.HAL_RCC_GetPCLK1Freq                   0x08001ff4   Section        0  stm32f1xx_hal_rcc.o(i.HAL_RCC_GetPCLK1Freq)
    i.HAL_RCC_GetPCLK2Freq                   0x08002020   Section        0  stm32f1xx_hal_rcc.o(i.HAL_RCC_GetPCLK2Freq)
    i.HAL_RCC_GetSysClockFreq                0x0800204c   Section        0  stm32f1xx_hal_rcc.o(i.HAL_RCC_GetSysClockFreq)
    i.HAL_RCC_OscConfig                      0x080020e4   Section        0  stm32f1xx_hal_rcc.o(i.HAL_RCC_OscConfig)
    i.HAL_RTCEx_SetTamper                    0x08002a80   Section        0  stm32f1xx_hal_rtc_ex.o(i.HAL_RTCEx_SetTamper)
    i.HAL_RTC_Init                           0x08002ae8   Section        0  stm32f1xx_hal_rtc.o(i.HAL_RTC_Init)
    i.HAL_RTC_MspInit                        0x08002ba0   Section        0  stm32f1xx_hal_msp.o(i.HAL_RTC_MspInit)
    i.HAL_RTC_SetDate                        0x08002be4   Section        0  stm32f1xx_hal_rtc.o(i.HAL_RTC_SetDate)
    i.HAL_RTC_SetTime                        0x08002cc4   Section        0  stm32f1xx_hal_rtc.o(i.HAL_RTC_SetTime)
    i.HAL_RTC_WaitForSynchro                 0x08002d86   Section        0  stm32f1xx_hal_rtc.o(i.HAL_RTC_WaitForSynchro)
    i.HAL_SYSTICK_CLKSourceConfig            0x08002dcc   Section        0  stm32f1xx_hal_cortex.o(i.HAL_SYSTICK_CLKSourceConfig)
    i.HAL_SYSTICK_Callback                   0x08002de8   Section        0  stm32f1xx_hal_cortex.o(i.HAL_SYSTICK_Callback)
    i.HAL_SYSTICK_Config                     0x08002dec   Section        0  stm32f1xx_hal_cortex.o(i.HAL_SYSTICK_Config)
    i.HAL_SYSTICK_IRQHandler                 0x08002e14   Section        0  stm32f1xx_hal_cortex.o(i.HAL_SYSTICK_IRQHandler)
    i.HAL_TIMEx_BreakCallback                0x08002e1c   Section        0  stm32f1xx_hal_tim_ex.o(i.HAL_TIMEx_BreakCallback)
    i.HAL_TIMEx_CommutationCallback          0x08002e1e   Section        0  stm32f1xx_hal_tim_ex.o(i.HAL_TIMEx_CommutationCallback)
    i.HAL_TIMEx_MasterConfigSynchronization  0x08002e20   Section        0  stm32f1xx_hal_tim_ex.o(i.HAL_TIMEx_MasterConfigSynchronization)
    i.HAL_TIM_Base_Init                      0x08002e86   Section        0  stm32f1xx_hal_tim.o(i.HAL_TIM_Base_Init)
    i.HAL_TIM_Base_MspInit                   0x08002ec0   Section        0  stm32f1xx_hal_msp.o(i.HAL_TIM_Base_MspInit)
    i.HAL_TIM_ConfigClockSource              0x08002f3c   Section        0  stm32f1xx_hal_tim.o(i.HAL_TIM_ConfigClockSource)
    i.HAL_TIM_IC_CaptureCallback             0x0800304c   Section        0  stm32f1xx_hal_tim.o(i.HAL_TIM_IC_CaptureCallback)
    i.HAL_TIM_IRQHandler                     0x0800304e   Section        0  stm32f1xx_hal_tim.o(i.HAL_TIM_IRQHandler)
    i.HAL_TIM_OC_ConfigChannel               0x080031c2   Section        0  stm32f1xx_hal_tim.o(i.HAL_TIM_OC_ConfigChannel)
    i.HAL_TIM_OC_DelayElapsedCallback        0x08003218   Section        0  stm32f1xx_hal_tim.o(i.HAL_TIM_OC_DelayElapsedCallback)
    i.HAL_TIM_OC_Init                        0x0800321a   Section        0  stm32f1xx_hal_tim.o(i.HAL_TIM_OC_Init)
    i.HAL_TIM_OC_MspInit                     0x08003252   Section        0  stm32f1xx_hal_tim.o(i.HAL_TIM_OC_MspInit)
    i.HAL_TIM_OnePulse_Init                  0x08003254   Section        0  stm32f1xx_hal_tim.o(i.HAL_TIM_OnePulse_Init)
    i.HAL_TIM_OnePulse_MspInit               0x080032a0   Section        0  stm32f1xx_hal_tim.o(i.HAL_TIM_OnePulse_MspInit)
    i.HAL_TIM_OnePulse_Start                 0x080032a2   Section        0  stm32f1xx_hal_tim.o(i.HAL_TIM_OnePulse_Start)
    i.HAL_TIM_PWM_ConfigChannel              0x080032d2   Section        0  stm32f1xx_hal_tim.o(i.HAL_TIM_PWM_ConfigChannel)
    i.HAL_TIM_PWM_Init                       0x080033ae   Section        0  stm32f1xx_hal_tim.o(i.HAL_TIM_PWM_Init)
    i.HAL_TIM_PWM_MspInit                    0x080033e6   Section        0  stm32f1xx_hal_tim.o(i.HAL_TIM_PWM_MspInit)
    i.HAL_TIM_PWM_PulseFinishedCallback      0x080033e8   Section        0  stm32f1xx_hal_tim.o(i.HAL_TIM_PWM_PulseFinishedCallback)
    i.HAL_TIM_PWM_Start                      0x080033ea   Section        0  stm32f1xx_hal_tim.o(i.HAL_TIM_PWM_Start)
    i.HAL_TIM_PWM_Stop                       0x08003418   Section        0  stm32f1xx_hal_tim.o(i.HAL_TIM_PWM_Stop)
    i.HAL_TIM_PeriodElapsedCallback          0x0800346a   Section        0  stm32f1xx_hal_tim.o(i.HAL_TIM_PeriodElapsedCallback)
    i.HAL_TIM_SlaveConfigSynchronization     0x0800346c   Section        0  stm32f1xx_hal_tim.o(i.HAL_TIM_SlaveConfigSynchronization)
    i.HAL_TIM_TriggerCallback                0x080034ae   Section        0  stm32f1xx_hal_tim.o(i.HAL_TIM_TriggerCallback)
    i.HAL_UART_ErrorCallback                 0x080034b0   Section        0  stm32f1xx_hal_uart.o(i.HAL_UART_ErrorCallback)
    i.HAL_UART_IRQHandler                    0x080034b2   Section        0  stm32f1xx_hal_uart.o(i.HAL_UART_IRQHandler)
    i.HAL_UART_Init                          0x08003580   Section        0  stm32f1xx_hal_uart.o(i.HAL_UART_Init)
    i.HAL_UART_MspInit                       0x080035e0   Section        0  stm32f1xx_hal_msp.o(i.HAL_UART_MspInit)
    i.HAL_UART_Receive_DMA                   0x0800369c   Section        0  stm32f1xx_hal_uart.o(i.HAL_UART_Receive_DMA)
    i.HAL_UART_RxCpltCallback                0x08003730   Section        0  stm32f1xx_hal_msp.o(i.HAL_UART_RxCpltCallback)
    i.HAL_UART_RxHalfCpltCallback            0x08003768   Section        0  stm32f1xx_hal_uart.o(i.HAL_UART_RxHalfCpltCallback)
    i.HAL_UART_Transmit_DMA                  0x0800376c   Section        0  stm32f1xx_hal_uart.o(i.HAL_UART_Transmit_DMA)
    i.HAL_UART_TxCpltCallback                0x08003810   Section        0  stm32f1xx_hal_uart.o(i.HAL_UART_TxCpltCallback)
    i.HAL_UART_TxHalfCpltCallback            0x08003812   Section        0  stm32f1xx_hal_uart.o(i.HAL_UART_TxHalfCpltCallback)
    i.Init                                   0x08003814   Section        0  tmp_ctl.o(i.Init)
    i.InserAver                              0x08003870   Section        0  tmp_ctl.o(i.InserAver)
    i.InsertSort                             0x0800389c   Section        0  tmp_ctl.o(i.InsertSort)
    i.MX_ADC1_Init                           0x080038f8   Section        0  main.o(i.MX_ADC1_Init)
    MX_ADC1_Init                             0x080038f9   Thumb Code    52  main.o(i.MX_ADC1_Init)
    i.MX_DMA_Init                            0x08003934   Section        0  main.o(i.MX_DMA_Init)
    MX_DMA_Init                              0x08003935   Thumb Code    56  main.o(i.MX_DMA_Init)
    i.MX_GPIO_Init                           0x08003970   Section        0  main.o(i.MX_GPIO_Init)
    MX_GPIO_Init                             0x08003971   Thumb Code   148  main.o(i.MX_GPIO_Init)
    i.MX_IWDG_Init                           0x08003a14   Section        0  main.o(i.MX_IWDG_Init)
    MX_IWDG_Init                             0x08003a15   Thumb Code    20  main.o(i.MX_IWDG_Init)
    i.MX_RTC_Init                            0x08003a30   Section        0  main.o(i.MX_RTC_Init)
    MX_RTC_Init                              0x08003a31   Thumb Code    92  main.o(i.MX_RTC_Init)
    i.MX_TIM2_Init                           0x08003a94   Section        0  main.o(i.MX_TIM2_Init)
    MX_TIM2_Init                             0x08003a95   Thumb Code    80  main.o(i.MX_TIM2_Init)
    i.MX_TIM3_Init                           0x08003ae8   Section        0  main.o(i.MX_TIM3_Init)
    MX_TIM3_Init                             0x08003ae9   Thumb Code   104  main.o(i.MX_TIM3_Init)
    i.MX_USART1_UART_Init                    0x08003b58   Section        0  main.o(i.MX_USART1_UART_Init)
    MX_USART1_UART_Init                      0x08003b59   Thumb Code    32  main.o(i.MX_USART1_UART_Init)
    i.PID_Algorithm                          0x08003b80   Section        0  tmp_ctl.o(i.PID_Algorithm)
    i.PWMOutPut                              0x08003c54   Section        0  tmp_ctl.o(i.PWMOutPut)
    i.QUEUE_PacketCreate                     0x08003d40   Section        0  queue.o(i.QUEUE_PacketCreate)
    i.QUEUE_PacketIn                         0x08003d4c   Section        0  queue.o(i.QUEUE_PacketIn)
    i.QUEUE_PacketStartEndCharSplit          0x08003d84   Section        0  queue.o(i.QUEUE_PacketStartEndCharSplit)
    i.RTC_Bcd2ToByte                         0x08003e76   Section        0  stm32f1xx_hal_rtc.o(i.RTC_Bcd2ToByte)
    RTC_Bcd2ToByte                           0x08003e77   Thumb Code    18  stm32f1xx_hal_rtc.o(i.RTC_Bcd2ToByte)
    i.RTC_EnterInitMode                      0x08003e88   Section        0  stm32f1xx_hal_rtc.o(i.RTC_EnterInitMode)
    RTC_EnterInitMode                        0x08003e89   Thumb Code    60  stm32f1xx_hal_rtc.o(i.RTC_EnterInitMode)
    i.RTC_ExitInitMode                       0x08003ec4   Section        0  stm32f1xx_hal_rtc.o(i.RTC_ExitInitMode)
    RTC_ExitInitMode                         0x08003ec5   Thumb Code    60  stm32f1xx_hal_rtc.o(i.RTC_ExitInitMode)
    i.RTC_ReadAlarmCounter                   0x08003f00   Section        0  stm32f1xx_hal_rtc.o(i.RTC_ReadAlarmCounter)
    RTC_ReadAlarmCounter                     0x08003f01   Thumb Code    14  stm32f1xx_hal_rtc.o(i.RTC_ReadAlarmCounter)
    i.RTC_ReadTimeCounter                    0x08003f0e   Section        0  stm32f1xx_hal_rtc.o(i.RTC_ReadTimeCounter)
    RTC_ReadTimeCounter                      0x08003f0f   Thumb Code    32  stm32f1xx_hal_rtc.o(i.RTC_ReadTimeCounter)
    i.RTC_WeekDayNum                         0x08003f30   Section        0  stm32f1xx_hal_rtc.o(i.RTC_WeekDayNum)
    RTC_WeekDayNum                           0x08003f31   Thumb Code   126  stm32f1xx_hal_rtc.o(i.RTC_WeekDayNum)
    i.RTC_WriteAlarmCounter                  0x08003fb8   Section        0  stm32f1xx_hal_rtc.o(i.RTC_WriteAlarmCounter)
    RTC_WriteAlarmCounter                    0x08003fb9   Thumb Code    46  stm32f1xx_hal_rtc.o(i.RTC_WriteAlarmCounter)
    i.RTC_WriteTimeCounter                   0x08003fe6   Section        0  stm32f1xx_hal_rtc.o(i.RTC_WriteTimeCounter)
    RTC_WriteTimeCounter                     0x08003fe7   Thumb Code    46  stm32f1xx_hal_rtc.o(i.RTC_WriteTimeCounter)
    i.ReadCurrentTemp                        0x08004014   Section        0  tmp_ctl.o(i.ReadCurrentTemp)
    i.RxRead                                 0x08004048   Section        0  tmp_ctl.o(i.RxRead)
    i.RxTxProcessing                         0x08004058   Section        0  main.o(i.RxTxProcessing)
    i.RxWrite                                0x080040e4   Section        0  tmp_ctl.o(i.RxWrite)
    i.SetBuzzer                              0x080040f4   Section        0  tmp_ctl.o(i.SetBuzzer)
    i.SetTemp                                0x08004100   Section        0  tmp_ctl.o(i.SetTemp)
    i.SetTimer                               0x08004134   Section        0  tmp_ctl.o(i.SetTimer)
    i.SwitchOnOff                            0x08004138   Section        0  tmp_ctl.o(i.SwitchOnOff)
    i.SysTick_Handler                        0x08004168   Section        0  stm32f1xx_it.o(i.SysTick_Handler)
    i.SystemClock_Config                     0x08004176   Section        0  main.o(i.SystemClock_Config)
    i.SystemInit                             0x080041ec   Section        0  system_stm32f1xx.o(i.SystemInit)
    i.TIM2_IRQHandler                        0x08004234   Section        0  stm32f1xx_it.o(i.TIM2_IRQHandler)
    i.TIM_Base_SetConfig                     0x08004240   Section        0  stm32f1xx_hal_tim.o(i.TIM_Base_SetConfig)
    i.TIM_CCxChannelCmd                      0x080042a8   Section        0  stm32f1xx_hal_tim.o(i.TIM_CCxChannelCmd)
    i.TIM_ETR_SetConfig                      0x080042c2   Section        0  stm32f1xx_hal_tim.o(i.TIM_ETR_SetConfig)
    TIM_ETR_SetConfig                        0x080042c3   Thumb Code    22  stm32f1xx_hal_tim.o(i.TIM_ETR_SetConfig)
    i.TIM_ITRx_SetConfig                     0x080042d8   Section        0  stm32f1xx_hal_tim.o(i.TIM_ITRx_SetConfig)
    TIM_ITRx_SetConfig                       0x080042d9   Thumb Code    16  stm32f1xx_hal_tim.o(i.TIM_ITRx_SetConfig)
    i.TIM_OC1_SetConfig                      0x080042e8   Section        0  stm32f1xx_hal_tim.o(i.TIM_OC1_SetConfig)
    TIM_OC1_SetConfig                        0x080042e9   Thumb Code    98  stm32f1xx_hal_tim.o(i.TIM_OC1_SetConfig)
    i.TIM_OC2_SetConfig                      0x08004350   Section        0  stm32f1xx_hal_tim.o(i.TIM_OC2_SetConfig)
    i.TIM_OC3_SetConfig                      0x080043b8   Section        0  stm32f1xx_hal_tim.o(i.TIM_OC3_SetConfig)
    TIM_OC3_SetConfig                        0x080043b9   Thumb Code   100  stm32f1xx_hal_tim.o(i.TIM_OC3_SetConfig)
    i.TIM_OC4_SetConfig                      0x08004420   Section        0  stm32f1xx_hal_tim.o(i.TIM_OC4_SetConfig)
    TIM_OC4_SetConfig                        0x08004421   Thumb Code    78  stm32f1xx_hal_tim.o(i.TIM_OC4_SetConfig)
    i.TIM_SlaveTimer_SetConfig               0x0800446e   Section        0  stm32f1xx_hal_tim.o(i.TIM_SlaveTimer_SetConfig)
    TIM_SlaveTimer_SetConfig                 0x0800446f   Thumb Code   128  stm32f1xx_hal_tim.o(i.TIM_SlaveTimer_SetConfig)
    i.TIM_TI1_ConfigInputStage               0x080044ee   Section        0  stm32f1xx_hal_tim.o(i.TIM_TI1_ConfigInputStage)
    TIM_TI1_ConfigInputStage                 0x080044ef   Thumb Code    38  stm32f1xx_hal_tim.o(i.TIM_TI1_ConfigInputStage)
    i.TIM_TI2_ConfigInputStage               0x08004514   Section        0  stm32f1xx_hal_tim.o(i.TIM_TI2_ConfigInputStage)
    TIM_TI2_ConfigInputStage                 0x08004515   Thumb Code    36  stm32f1xx_hal_tim.o(i.TIM_TI2_ConfigInputStage)
    i.UART_DMAError                          0x08004538   Section        0  stm32f1xx_hal_uart.o(i.UART_DMAError)
    UART_DMAError                            0x08004539   Thumb Code    30  stm32f1xx_hal_uart.o(i.UART_DMAError)
    i.UART_DMAReceiveCplt                    0x08004556   Section        0  stm32f1xx_hal_uart.o(i.UART_DMAReceiveCplt)
    UART_DMAReceiveCplt                      0x08004557   Thumb Code    58  stm32f1xx_hal_uart.o(i.UART_DMAReceiveCplt)
    i.UART_DMARxHalfCplt                     0x08004590   Section        0  stm32f1xx_hal_uart.o(i.UART_DMARxHalfCplt)
    UART_DMARxHalfCplt                       0x08004591   Thumb Code    10  stm32f1xx_hal_uart.o(i.UART_DMARxHalfCplt)
    i.UART_DMATransmitCplt                   0x0800459a   Section        0  stm32f1xx_hal_uart.o(i.UART_DMATransmitCplt)
    UART_DMATransmitCplt                     0x0800459b   Thumb Code    48  stm32f1xx_hal_uart.o(i.UART_DMATransmitCplt)
    i.UART_DMATxHalfCplt                     0x080045ca   Section        0  stm32f1xx_hal_uart.o(i.UART_DMATxHalfCplt)
    UART_DMATxHalfCplt                       0x080045cb   Thumb Code    10  stm32f1xx_hal_uart.o(i.UART_DMATxHalfCplt)
    i.UART_EndTransmit_IT                    0x080045d4   Section        0  stm32f1xx_hal_uart.o(i.UART_EndTransmit_IT)
    UART_EndTransmit_IT                      0x080045d5   Thumb Code    52  stm32f1xx_hal_uart.o(i.UART_EndTransmit_IT)
    i.UART_Receive_IT                        0x08004608   Section        0  stm32f1xx_hal_uart.o(i.UART_Receive_IT)
    UART_Receive_IT                          0x08004609   Thumb Code   176  stm32f1xx_hal_uart.o(i.UART_Receive_IT)
    i.UART_SetConfig                         0x080046b8   Section        0  stm32f1xx_hal_uart.o(i.UART_SetConfig)
    UART_SetConfig                           0x080046b9   Thumb Code   284  stm32f1xx_hal_uart.o(i.UART_SetConfig)
    i.UART_Transmit_IT                       0x080047d8   Section        0  stm32f1xx_hal_uart.o(i.UART_Transmit_IT)
    UART_Transmit_IT                         0x080047d9   Thumb Code   106  stm32f1xx_hal_uart.o(i.UART_Transmit_IT)
    i.USART1_IRQHandler                      0x08004844   Section        0  stm32f1xx_it.o(i.USART1_IRQHandler)
    i.UartReceive                            0x08004850   Section        0  tmp_ctl.o(i.UartReceive)
    i.UartTransmit                           0x08004860   Section        0  tmp_ctl.o(i.UartTransmit)
    i.__scatterload_copy                     0x08004870   Section       14  handlers.o(i.__scatterload_copy)
    i.__scatterload_null                     0x0800487e   Section        2  handlers.o(i.__scatterload_null)
    i.__scatterload_zeroinit                 0x08004880   Section       14  handlers.o(i.__scatterload_zeroinit)
    i.getCrc8                                0x0800488e   Section        0  tmp_ctl.o(i.getCrc8)
    i.main                                   0x080048c4   Section        0  main.o(i.main)
    .constdata                               0x0800495c   Section        2  wenyu_tmp_ctl_bsp.o(.constdata)
    .constdata                               0x0800495e   Section       16  stm32f1xx_hal_rcc.o(.constdata)
    .data                                    0x20000000   Section        4  system_stm32f1xx.o(.data)
    .data                                    0x20000004   Section        4  wenyu_tmp_ctl_bsp.o(.data)
    .data                                    0x20000008   Section        4  stm32f1xx_hal.o(.data)
    uwTick                                   0x20000008   Data           4  stm32f1xx_hal.o(.data)
    .data                                    0x2000000c   Section        6  main.o(.data)
    .data                                    0x20000014   Section       64  tmp_ctl.o(.data)
    switchOnOff                              0x20000014   Data           1  tmp_ctl.o(.data)
    buzzer_interval                          0x20000016   Data           2  tmp_ctl.o(.data)
    set_temp_value                           0x20000018   Data           4  tmp_ctl.o(.data)
    current_temp                             0x2000001c   Data           4  tmp_ctl.o(.data)
    pid                                      0x2000002c   Data          40  tmp_ctl.o(.data)
    .data                                    0x20000054   Section       84  tmp_ctl.o(.data)
    .data                                    0x200000a8   Section        2  eeprom.o(.data)
    .bss                                     0x200000b0   Section       32  stm32f1xx_hal_flash.o(.bss)
    .bss                                     0x200000d0   Section      268  main.o(.bss)
    .bss                                     0x200001dc   Section       56  main.o(.bss)
    .bss                                     0x20000214   Section       56  main.o(.bss)
    .bss                                     0x2000024c   Section       64  tmp_ctl.o(.bss)
    m_QueueComRx                             0x2000024c   Data          16  tmp_ctl.o(.bss)
    m_QueueComTx                             0x2000025c   Data          16  tmp_ctl.o(.bss)
    m_ComRxBuf                               0x2000026c   Data          16  tmp_ctl.o(.bss)
    m_ComTxBuf                               0x2000027c   Data          16  tmp_ctl.o(.bss)
    STACK                                    0x20000290   Section     1024  startup_stm32f103xb.o(STACK)

    Global Symbols

    Symbol Name                              Value     Ov Type        Size  Object(Section)

    BuildAttributes$$THM_ISAv4$P$D$K$B$S$PE$A:L22UL41UL21$X:L11$S22US41US21$IEEE1$IW$USESV6$~STKCKD$USESV7$~SHL$OTIME$ROPI$EBA8$MICROLIB$REQ8$PRES8$EABIv2 0x00000000   Number         0  anon$$obj.o ABSOLUTE
    __ARM_use_no_argv                        0x00000000   Number         0  main.o ABSOLUTE
    __cpp_initialize__aeabi_                  - Undefined Weak Reference
    __cxa_finalize                            - Undefined Weak Reference
    __decompress                              - Undefined Weak Reference
    _clock_init                               - Undefined Weak Reference
    _microlib_exit                            - Undefined Weak Reference
    __Vectors_Size                           0x000000ec   Number         0  startup_stm32f103xb.o ABSOLUTE
    __Vectors                                0x08000000   Data           4  startup_stm32f103xb.o(RESET)
    __Vectors_End                            0x080000ec   Data           0  startup_stm32f103xb.o(RESET)
    __main                                   0x080000ed   Thumb Code     0  entry.o(.ARM.Collect$$$$00000000)
    _main_stk                                0x080000ed   Thumb Code     0  entry2.o(.ARM.Collect$$$$00000001)
    _main_scatterload                        0x080000f1   Thumb Code     0  entry5.o(.ARM.Collect$$$$00000004)
    __main_after_scatterload                 0x080000f5   Thumb Code     0  entry5.o(.ARM.Collect$$$$00000004)
    _main_clock                              0x080000f5   Thumb Code     0  entry7b.o(.ARM.Collect$$$$00000008)
    _main_cpp_init                           0x080000f5   Thumb Code     0  entry8b.o(.ARM.Collect$$$$0000000A)
    _main_init                               0x080000f5   Thumb Code     0  entry9a.o(.ARM.Collect$$$$0000000B)
    __rt_final_cpp                           0x080000fd   Thumb Code     0  entry10a.o(.ARM.Collect$$$$0000000D)
    __rt_final_exit                          0x080000fd   Thumb Code     0  entry11a.o(.ARM.Collect$$$$0000000F)
    Reset_Handler                            0x08000101   Thumb Code     8  startup_stm32f103xb.o(.text)
    NMI_Handler                              0x08000109   Thumb Code     2  startup_stm32f103xb.o(.text)
    HardFault_Handler                        0x0800010b   Thumb Code     2  startup_stm32f103xb.o(.text)
    MemManage_Handler                        0x0800010d   Thumb Code     2  startup_stm32f103xb.o(.text)
    BusFault_Handler                         0x0800010f   Thumb Code     2  startup_stm32f103xb.o(.text)
    UsageFault_Handler                       0x08000111   Thumb Code     2  startup_stm32f103xb.o(.text)
    SVC_Handler                              0x08000113   Thumb Code     2  startup_stm32f103xb.o(.text)
    DebugMon_Handler                         0x08000115   Thumb Code     2  startup_stm32f103xb.o(.text)
    PendSV_Handler                           0x08000117   Thumb Code     2  startup_stm32f103xb.o(.text)
    ADC1_2_IRQHandler                        0x0800011b   Thumb Code     0  startup_stm32f103xb.o(.text)
    CAN1_RX1_IRQHandler                      0x0800011b   Thumb Code     0  startup_stm32f103xb.o(.text)
    CAN1_SCE_IRQHandler                      0x0800011b   Thumb Code     0  startup_stm32f103xb.o(.text)
    DMA1_Channel1_IRQHandler                 0x0800011b   Thumb Code     0  startup_stm32f103xb.o(.text)
    DMA1_Channel2_IRQHandler                 0x0800011b   Thumb Code     0  startup_stm32f103xb.o(.text)
    DMA1_Channel3_IRQHandler                 0x0800011b   Thumb Code     0  startup_stm32f103xb.o(.text)
    DMA1_Channel6_IRQHandler                 0x0800011b   Thumb Code     0  startup_stm32f103xb.o(.text)
    DMA1_Channel7_IRQHandler                 0x0800011b   Thumb Code     0  startup_stm32f103xb.o(.text)
    EXTI0_IRQHandler                         0x0800011b   Thumb Code     0  startup_stm32f103xb.o(.text)
    EXTI15_10_IRQHandler                     0x0800011b   Thumb Code     0  startup_stm32f103xb.o(.text)
    EXTI1_IRQHandler                         0x0800011b   Thumb Code     0  startup_stm32f103xb.o(.text)
    EXTI2_IRQHandler                         0x0800011b   Thumb Code     0  startup_stm32f103xb.o(.text)
    EXTI3_IRQHandler                         0x0800011b   Thumb Code     0  startup_stm32f103xb.o(.text)
    EXTI4_IRQHandler                         0x0800011b   Thumb Code     0  startup_stm32f103xb.o(.text)
    EXTI9_5_IRQHandler                       0x0800011b   Thumb Code     0  startup_stm32f103xb.o(.text)
    FLASH_IRQHandler                         0x0800011b   Thumb Code     0  startup_stm32f103xb.o(.text)
    I2C1_ER_IRQHandler                       0x0800011b   Thumb Code     0  startup_stm32f103xb.o(.text)
    I2C1_EV_IRQHandler                       0x0800011b   Thumb Code     0  startup_stm32f103xb.o(.text)
    I2C2_ER_IRQHandler                       0x0800011b   Thumb Code     0  startup_stm32f103xb.o(.text)
    I2C2_EV_IRQHandler                       0x0800011b   Thumb Code     0  startup_stm32f103xb.o(.text)
    PVD_IRQHandler                           0x0800011b   Thumb Code     0  startup_stm32f103xb.o(.text)
    RCC_IRQHandler                           0x0800011b   Thumb Code     0  startup_stm32f103xb.o(.text)
    RTC_Alarm_IRQHandler                     0x0800011b   Thumb Code     0  startup_stm32f103xb.o(.text)
    RTC_IRQHandler                           0x0800011b   Thumb Code     0  startup_stm32f103xb.o(.text)
    SPI1_IRQHandler                          0x0800011b   Thumb Code     0  startup_stm32f103xb.o(.text)
    SPI2_IRQHandler                          0x0800011b   Thumb Code     0  startup_stm32f103xb.o(.text)
    TAMPER_IRQHandler                        0x0800011b   Thumb Code     0  startup_stm32f103xb.o(.text)
    TIM1_BRK_IRQHandler                      0x0800011b   Thumb Code     0  startup_stm32f103xb.o(.text)
    TIM1_CC_IRQHandler                       0x0800011b   Thumb Code     0  startup_stm32f103xb.o(.text)
    TIM1_TRG_COM_IRQHandler                  0x0800011b   Thumb Code     0  startup_stm32f103xb.o(.text)
    TIM1_UP_IRQHandler                       0x0800011b   Thumb Code     0  startup_stm32f103xb.o(.text)
    TIM3_IRQHandler                          0x0800011b   Thumb Code     0  startup_stm32f103xb.o(.text)
    TIM4_IRQHandler                          0x0800011b   Thumb Code     0  startup_stm32f103xb.o(.text)
    USART2_IRQHandler                        0x0800011b   Thumb Code     0  startup_stm32f103xb.o(.text)
    USART3_IRQHandler                        0x0800011b   Thumb Code     0  startup_stm32f103xb.o(.text)
    USBWakeUp_IRQHandler                     0x0800011b   Thumb Code     0  startup_stm32f103xb.o(.text)
    USB_HP_CAN1_TX_IRQHandler                0x0800011b   Thumb Code     0  startup_stm32f103xb.o(.text)
    USB_LP_CAN1_RX0_IRQHandler               0x0800011b   Thumb Code     0  startup_stm32f103xb.o(.text)
    WWDG_IRQHandler                          0x0800011b   Thumb Code     0  startup_stm32f103xb.o(.text)
    __aeabi_llsr                             0x08000125   Thumb Code    32  llushr.o(.text)
    _ll_ushift_r                             0x08000125   Thumb Code     0  llushr.o(.text)
    __aeabi_fadd                             0x08000145   Thumb Code   164  fadd.o(.text)
    __aeabi_fsub                             0x080001e9   Thumb Code     6  fadd.o(.text)
    __aeabi_frsub                            0x080001ef   Thumb Code     6  fadd.o(.text)
    __aeabi_fmul                             0x080001f5   Thumb Code   100  fmul.o(.text)
    __aeabi_fdiv                             0x08000259   Thumb Code   124  fdiv.o(.text)
    __ARM_scalbnf                            0x080002d5   Thumb Code    24  fscalb.o(.text)
    scalbnf                                  0x080002d5   Thumb Code     0  fscalb.o(.text)
    __ARM_scalbn                             0x080002ed   Thumb Code    46  dscalb.o(.text)
    scalbn                                   0x080002ed   Thumb Code     0  dscalb.o(.text)
    __aeabi_i2f                              0x0800031b   Thumb Code    18  fflti.o(.text)
    __aeabi_ui2f                             0x0800032d   Thumb Code    10  ffltui.o(.text)
    __aeabi_i2d                              0x08000337   Thumb Code    34  dflti.o(.text)
    __aeabi_f2iz                             0x08000359   Thumb Code    50  ffixi.o(.text)
    __aeabi_d2f                              0x0800038b   Thumb Code    56  d2f.o(.text)
    __aeabi_cfcmpeq                          0x080003c5   Thumb Code     0  cfcmple.o(.text)
    __aeabi_cfcmple                          0x080003c5   Thumb Code    20  cfcmple.o(.text)
    __I$use$fp                               0x080003d9   Thumb Code     0  iusefp.o(.text)
    _float_round                             0x080003d9   Thumb Code    18  fepilogue.o(.text)
    _float_epilogue                          0x080003eb   Thumb Code    92  fepilogue.o(.text)
    _double_round                            0x08000447   Thumb Code    30  depilogue.o(.text)
    _double_epilogue                         0x08000465   Thumb Code   156  depilogue.o(.text)
    __scatterload                            0x08000501   Thumb Code    28  init.o(.text)
    __scatterload_rt2                        0x08000501   Thumb Code     0  init.o(.text)
    __aeabi_llsl                             0x08000525   Thumb Code    30  llshl.o(.text)
    _ll_shift_l                              0x08000525   Thumb Code     0  llshl.o(.text)
    ADC_ConversionStop_Disable               0x08000543   Thumb Code    82  stm32f1xx_hal_adc.o(i.ADC_ConversionStop_Disable)
    BSP_BUZZER_Off                           0x08000595   Thumb Code    18  wenyu_tmp_ctl_bsp.o(i.BSP_BUZZER_Off)
    BSP_BUZZER_On                            0x080005b1   Thumb Code    18  wenyu_tmp_ctl_bsp.o(i.BSP_BUZZER_On)
    BSP_DS18B20_Get_Temp                     0x080005cd   Thumb Code   108  wenyu_tmp_ctl_bsp.o(i.BSP_DS18B20_Get_Temp)
    BSP_DS18B20_Read_Byte                    0x080006cd   Thumb Code    80  wenyu_tmp_ctl_bsp.o(i.BSP_DS18B20_Read_Byte)
    BSP_DS18B20_Write_Byte                   0x08000755   Thumb Code    92  wenyu_tmp_ctl_bsp.o(i.BSP_DS18B20_Write_Byte)
    BSP_udelay                               0x080007b5   Thumb Code    56  wenyu_tmp_ctl_bsp.o(i.BSP_udelay)
    BuzzerOFF                                0x080007f1   Thumb Code     6  tmp_ctl.o(i.BuzzerOFF)
    BuzzerON                                 0x080007f7   Thumb Code     6  tmp_ctl.o(i.BuzzerON)
    BuzzerOutPut                             0x080007fd   Thumb Code    14  tmp_ctl.o(i.BuzzerOutPut)
    DMA1_Channel4_IRQHandler                 0x08000811   Thumb Code     6  stm32f1xx_it.o(i.DMA1_Channel4_IRQHandler)
    DMA1_Channel5_IRQHandler                 0x0800081d   Thumb Code     6  stm32f1xx_it.o(i.DMA1_Channel5_IRQHandler)
    EE_Init                                  0x080008f9   Thumb Code   490  eeprom.o(i.EE_Init)
    EE_ReadVariable                          0x08000bad   Thumb Code    74  eeprom.o(i.EE_ReadVariable)
    EE_WriteVariable                         0x08000c89   Thumb Code    32  eeprom.o(i.EE_WriteVariable)
    FLASH_PageErase                          0x08000ccd   Thumb Code    28  stm32f1xx_hal_flash_ex.o(i.FLASH_PageErase)
    FLASH_WaitForLastOperation               0x08000d59   Thumb Code    98  stm32f1xx_hal_flash.o(i.FLASH_WaitForLastOperation)
    GetChannel                               0x08000dc1   Thumb Code     4  tmp_ctl.o(i.GetChannel)
    GetCurrentTemp                           0x08000dc5   Thumb Code     6  tmp_ctl.o(i.GetCurrentTemp)
    GetTemp                                  0x08000dd1   Thumb Code     6  tmp_ctl.o(i.GetTemp)
    GetTimer                                 0x08000ddd   Thumb Code     4  tmp_ctl.o(i.GetTimer)
    HAL_ADC_ConfigChannel                    0x08000de1   Thumb Code   400  stm32f1xx_hal_adc.o(i.HAL_ADC_ConfigChannel)
    HAL_ADC_Init                             0x08000f79   Thumb Code   308  stm32f1xx_hal_adc.o(i.HAL_ADC_Init)
    HAL_ADC_MspInit                          0x080010b5   Thumb Code    52  stm32f1xx_hal_msp.o(i.HAL_ADC_MspInit)
    HAL_DMA_IRQHandler                       0x080010f1   Thumb Code   576  stm32f1xx_hal_dma.o(i.HAL_DMA_IRQHandler)
    HAL_DMA_Init                             0x0800134d   Thumb Code    98  stm32f1xx_hal_dma.o(i.HAL_DMA_Init)
    HAL_DMA_Start_IT                         0x080013af   Thumb Code    92  stm32f1xx_hal_dma.o(i.HAL_DMA_Start_IT)
    HAL_Delay                                0x0800140b   Thumb Code    22  stm32f1xx_hal.o(i.HAL_Delay)
    HAL_FLASHEx_Erase                        0x08001421   Thumb Code   172  stm32f1xx_hal_flash_ex.o(i.HAL_FLASHEx_Erase)
    HAL_FLASH_Lock                           0x080014d5   Thumb Code    14  stm32f1xx_hal_flash.o(i.HAL_FLASH_Lock)
    HAL_FLASH_Program                        0x080014e9   Thumb Code   138  stm32f1xx_hal_flash.o(i.HAL_FLASH_Program)
    HAL_FLASH_Unlock                         0x0800157d   Thumb Code    26  stm32f1xx_hal_flash.o(i.HAL_FLASH_Unlock)
    HAL_GPIO_Init                            0x080015a5   Thumb Code   472  stm32f1xx_hal_gpio.o(i.HAL_GPIO_Init)
    HAL_GPIO_ReadPin                         0x08001789   Thumb Code    14  stm32f1xx_hal_gpio.o(i.HAL_GPIO_ReadPin)
    HAL_GPIO_WritePin                        0x08001797   Thumb Code    14  stm32f1xx_hal_gpio.o(i.HAL_GPIO_WritePin)
    HAL_GetTick                              0x080017a5   Thumb Code     6  stm32f1xx_hal.o(i.HAL_GetTick)
    HAL_IWDG_Init                            0x080017b1   Thumb Code    96  stm32f1xx_hal_iwdg.o(i.HAL_IWDG_Init)
    HAL_IWDG_MspInit                         0x08001811   Thumb Code     2  stm32f1xx_hal_msp.o(i.HAL_IWDG_MspInit)
    HAL_IWDG_Refresh                         0x08001813   Thumb Code    96  stm32f1xx_hal_iwdg.o(i.HAL_IWDG_Refresh)
    HAL_IWDG_Start                           0x08001873   Thumb Code    44  stm32f1xx_hal_iwdg.o(i.HAL_IWDG_Start)
    HAL_IncTick                              0x080018a1   Thumb Code    10  stm32f1xx_hal.o(i.HAL_IncTick)
    HAL_Init                                 0x080018b1   Thumb Code    32  stm32f1xx_hal.o(i.HAL_Init)
    HAL_InitTick                             0x080018d5   Thumb Code    34  stm32f1xx_hal.o(i.HAL_InitTick)
    HAL_MspInit                              0x080018f9   Thumb Code    48  stm32f1xx_hal_msp.o(i.HAL_MspInit)
    HAL_NVIC_EnableIRQ                       0x08001931   Thumb Code    24  stm32f1xx_hal_cortex.o(i.HAL_NVIC_EnableIRQ)
    HAL_NVIC_SetPriority                     0x08001949   Thumb Code    98  stm32f1xx_hal_cortex.o(i.HAL_NVIC_SetPriority)
    HAL_NVIC_SetPriorityGrouping             0x080019b1   Thumb Code    30  stm32f1xx_hal_cortex.o(i.HAL_NVIC_SetPriorityGrouping)
    HAL_PWR_EnableBkUpAccess                 0x080019d5   Thumb Code    26  stm32f1xx_hal_pwr.o(i.HAL_PWR_EnableBkUpAccess)
    HAL_RCCEx_GetPeriphCLKFreq               0x080019f1   Thumb Code   258  stm32f1xx_hal_rcc_ex.o(i.HAL_RCCEx_GetPeriphCLKFreq)
    HAL_RCCEx_PeriphCLKConfig                0x08001b19   Thumb Code   384  stm32f1xx_hal_rcc_ex.o(i.HAL_RCCEx_PeriphCLKConfig)
    HAL_RCC_ClockConfig                      0x08001ca1   Thumb Code   790  stm32f1xx_hal_rcc.o(i.HAL_RCC_ClockConfig)
    HAL_RCC_GetHCLKFreq                      0x08001fc1   Thumb Code    38  stm32f1xx_hal_rcc.o(i.HAL_RCC_GetHCLKFreq)
    HAL_RCC_GetPCLK1Freq                     0x08001ff5   Thumb Code    36  stm32f1xx_hal_rcc.o(i.HAL_RCC_GetPCLK1Freq)
    HAL_RCC_GetPCLK2Freq                     0x08002021   Thumb Code    36  stm32f1xx_hal_rcc.o(i.HAL_RCC_GetPCLK2Freq)
    HAL_RCC_GetSysClockFreq                  0x0800204d   Thumb Code   120  stm32f1xx_hal_rcc.o(i.HAL_RCC_GetSysClockFreq)
    HAL_RCC_OscConfig                        0x080020e5   Thumb Code  2456  stm32f1xx_hal_rcc.o(i.HAL_RCC_OscConfig)
    HAL_RTCEx_SetTamper                      0x08002a81   Thumb Code    96  stm32f1xx_hal_rtc_ex.o(i.HAL_RTCEx_SetTamper)
    HAL_RTC_Init                             0x08002ae9   Thumb Code   176  stm32f1xx_hal_rtc.o(i.HAL_RTC_Init)
    HAL_RTC_MspInit                          0x08002ba1   Thumb Code    64  stm32f1xx_hal_msp.o(i.HAL_RTC_MspInit)
    HAL_RTC_SetDate                          0x08002be5   Thumb Code   216  stm32f1xx_hal_rtc.o(i.HAL_RTC_SetDate)
    HAL_RTC_SetTime                          0x08002cc5   Thumb Code   194  stm32f1xx_hal_rtc.o(i.HAL_RTC_SetTime)
    HAL_RTC_WaitForSynchro                   0x08002d87   Thumb Code    70  stm32f1xx_hal_rtc.o(i.HAL_RTC_WaitForSynchro)
    HAL_SYSTICK_CLKSourceConfig              0x08002dcd   Thumb Code    28  stm32f1xx_hal_cortex.o(i.HAL_SYSTICK_CLKSourceConfig)
    HAL_SYSTICK_Callback                     0x08002de9   Thumb Code     2  stm32f1xx_hal_cortex.o(i.HAL_SYSTICK_Callback)
    HAL_SYSTICK_Config                       0x08002ded   Thumb Code    36  stm32f1xx_hal_cortex.o(i.HAL_SYSTICK_Config)
    HAL_SYSTICK_IRQHandler                   0x08002e15   Thumb Code     8  stm32f1xx_hal_cortex.o(i.HAL_SYSTICK_IRQHandler)
    HAL_TIMEx_BreakCallback                  0x08002e1d   Thumb Code     2  stm32f1xx_hal_tim_ex.o(i.HAL_TIMEx_BreakCallback)
    HAL_TIMEx_CommutationCallback            0x08002e1f   Thumb Code     2  stm32f1xx_hal_tim_ex.o(i.HAL_TIMEx_CommutationCallback)
    HAL_TIMEx_MasterConfigSynchronization    0x08002e21   Thumb Code   102  stm32f1xx_hal_tim_ex.o(i.HAL_TIMEx_MasterConfigSynchronization)
    HAL_TIM_Base_Init                        0x08002e87   Thumb Code    56  stm32f1xx_hal_tim.o(i.HAL_TIM_Base_Init)
    HAL_TIM_Base_MspInit                     0x08002ec1   Thumb Code   112  stm32f1xx_hal_msp.o(i.HAL_TIM_Base_MspInit)
    HAL_TIM_ConfigClockSource                0x08002f3d   Thumb Code   272  stm32f1xx_hal_tim.o(i.HAL_TIM_ConfigClockSource)
    HAL_TIM_IC_CaptureCallback               0x0800304d   Thumb Code     2  stm32f1xx_hal_tim.o(i.HAL_TIM_IC_CaptureCallback)
    HAL_TIM_IRQHandler                       0x0800304f   Thumb Code   372  stm32f1xx_hal_tim.o(i.HAL_TIM_IRQHandler)
    HAL_TIM_OC_ConfigChannel                 0x080031c3   Thumb Code    86  stm32f1xx_hal_tim.o(i.HAL_TIM_OC_ConfigChannel)
    HAL_TIM_OC_DelayElapsedCallback          0x08003219   Thumb Code     2  stm32f1xx_hal_tim.o(i.HAL_TIM_OC_DelayElapsedCallback)
    HAL_TIM_OC_Init                          0x0800321b   Thumb Code    56  stm32f1xx_hal_tim.o(i.HAL_TIM_OC_Init)
    HAL_TIM_OC_MspInit                       0x08003253   Thumb Code     2  stm32f1xx_hal_tim.o(i.HAL_TIM_OC_MspInit)
    HAL_TIM_OnePulse_Init                    0x08003255   Thumb Code    76  stm32f1xx_hal_tim.o(i.HAL_TIM_OnePulse_Init)
    HAL_TIM_OnePulse_MspInit                 0x080032a1   Thumb Code     2  stm32f1xx_hal_tim.o(i.HAL_TIM_OnePulse_MspInit)
    HAL_TIM_OnePulse_Start                   0x080032a3   Thumb Code    48  stm32f1xx_hal_tim.o(i.HAL_TIM_OnePulse_Start)
    HAL_TIM_PWM_ConfigChannel                0x080032d3   Thumb Code   220  stm32f1xx_hal_tim.o(i.HAL_TIM_PWM_ConfigChannel)
    HAL_TIM_PWM_Init                         0x080033af   Thumb Code    56  stm32f1xx_hal_tim.o(i.HAL_TIM_PWM_Init)
    HAL_TIM_PWM_MspInit                      0x080033e7   Thumb Code     2  stm32f1xx_hal_tim.o(i.HAL_TIM_PWM_MspInit)
    HAL_TIM_PWM_PulseFinishedCallback        0x080033e9   Thumb Code     2  stm32f1xx_hal_tim.o(i.HAL_TIM_PWM_PulseFinishedCallback)
    HAL_TIM_PWM_Start                        0x080033eb   Thumb Code    46  stm32f1xx_hal_tim.o(i.HAL_TIM_PWM_Start)
    HAL_TIM_PWM_Stop                         0x08003419   Thumb Code    82  stm32f1xx_hal_tim.o(i.HAL_TIM_PWM_Stop)
    HAL_TIM_PeriodElapsedCallback            0x0800346b   Thumb Code     2  stm32f1xx_hal_tim.o(i.HAL_TIM_PeriodElapsedCallback)
    HAL_TIM_SlaveConfigSynchronization       0x0800346d   Thumb Code    66  stm32f1xx_hal_tim.o(i.HAL_TIM_SlaveConfigSynchronization)
    HAL_TIM_TriggerCallback                  0x080034af   Thumb Code     2  stm32f1xx_hal_tim.o(i.HAL_TIM_TriggerCallback)
    HAL_UART_ErrorCallback                   0x080034b1   Thumb Code     2  stm32f1xx_hal_uart.o(i.HAL_UART_ErrorCallback)
    HAL_UART_IRQHandler                      0x080034b3   Thumb Code   206  stm32f1xx_hal_uart.o(i.HAL_UART_IRQHandler)
    HAL_UART_Init                            0x08003581   Thumb Code    96  stm32f1xx_hal_uart.o(i.HAL_UART_Init)
    HAL_UART_MspInit                         0x080035e1   Thumb Code   162  stm32f1xx_hal_msp.o(i.HAL_UART_MspInit)
    HAL_UART_Receive_DMA                     0x0800369d   Thumb Code   134  stm32f1xx_hal_uart.o(i.HAL_UART_Receive_DMA)
    HAL_UART_RxCpltCallback                  0x08003731   Thumb Code    44  stm32f1xx_hal_msp.o(i.HAL_UART_RxCpltCallback)
    HAL_UART_RxHalfCpltCallback              0x08003769   Thumb Code     2  stm32f1xx_hal_uart.o(i.HAL_UART_RxHalfCpltCallback)
    HAL_UART_Transmit_DMA                    0x0800376d   Thumb Code   152  stm32f1xx_hal_uart.o(i.HAL_UART_Transmit_DMA)
    HAL_UART_TxCpltCallback                  0x08003811   Thumb Code     2  stm32f1xx_hal_uart.o(i.HAL_UART_TxCpltCallback)
    HAL_UART_TxHalfCpltCallback              0x08003813   Thumb Code     2  stm32f1xx_hal_uart.o(i.HAL_UART_TxHalfCpltCallback)
    Init                                     0x08003815   Thumb Code    68  tmp_ctl.o(i.Init)
    InserAver                                0x08003871   Thumb Code    38  tmp_ctl.o(i.InserAver)
    InsertSort                               0x0800389d   Thumb Code    90  tmp_ctl.o(i.InsertSort)
    PID_Algorithm                            0x08003b81   Thumb Code   200  tmp_ctl.o(i.PID_Algorithm)
    PWMOutPut                                0x08003c55   Thumb Code   222  tmp_ctl.o(i.PWMOutPut)
    QUEUE_PacketCreate                       0x08003d41   Thumb Code    12  queue.o(i.QUEUE_PacketCreate)
    QUEUE_PacketIn                           0x08003d4d   Thumb Code    56  queue.o(i.QUEUE_PacketIn)
    QUEUE_PacketStartEndCharSplit            0x08003d85   Thumb Code   242  queue.o(i.QUEUE_PacketStartEndCharSplit)
    ReadCurrentTemp                          0x08004015   Thumb Code    46  tmp_ctl.o(i.ReadCurrentTemp)
    RxRead                                   0x08004049   Thumb Code    12  tmp_ctl.o(i.RxRead)
    RxTxProcessing                           0x08004059   Thumb Code   126  main.o(i.RxTxProcessing)
    RxWrite                                  0x080040e5   Thumb Code    10  tmp_ctl.o(i.RxWrite)
    SetBuzzer                                0x080040f5   Thumb Code     6  tmp_ctl.o(i.SetBuzzer)
    SetTemp                                  0x08004101   Thumb Code    40  tmp_ctl.o(i.SetTemp)
    SetTimer                                 0x08004135   Thumb Code     2  tmp_ctl.o(i.SetTimer)
    SwitchOnOff                              0x08004139   Thumb Code    40  tmp_ctl.o(i.SwitchOnOff)
    SysTick_Handler                          0x08004169   Thumb Code    14  stm32f1xx_it.o(i.SysTick_Handler)
    SystemClock_Config                       0x08004177   Thumb Code   118  main.o(i.SystemClock_Config)
    SystemInit                               0x080041ed   Thumb Code    60  system_stm32f1xx.o(i.SystemInit)
    TIM2_IRQHandler                          0x08004235   Thumb Code     6  stm32f1xx_it.o(i.TIM2_IRQHandler)
    TIM_Base_SetConfig                       0x08004241   Thumb Code    90  stm32f1xx_hal_tim.o(i.TIM_Base_SetConfig)
    TIM_CCxChannelCmd                        0x080042a9   Thumb Code    26  stm32f1xx_hal_tim.o(i.TIM_CCxChannelCmd)
    TIM_OC2_SetConfig                        0x08004351   Thumb Code   100  stm32f1xx_hal_tim.o(i.TIM_OC2_SetConfig)
    USART1_IRQHandler                        0x08004845   Thumb Code     6  stm32f1xx_it.o(i.USART1_IRQHandler)
    UartReceive                              0x08004851   Thumb Code    10  tmp_ctl.o(i.UartReceive)
    UartTransmit                             0x08004861   Thumb Code    10  tmp_ctl.o(i.UartTransmit)
    __scatterload_copy                       0x08004871   Thumb Code    14  handlers.o(i.__scatterload_copy)
    __scatterload_null                       0x0800487f   Thumb Code     2  handlers.o(i.__scatterload_null)
    __scatterload_zeroinit                   0x08004881   Thumb Code    14  handlers.o(i.__scatterload_zeroinit)
    getCrc8                                  0x0800488f   Thumb Code    54  tmp_ctl.o(i.getCrc8)
    main                                     0x080048c5   Thumb Code   130  main.o(i.main)
    GPIO_PIN                                 0x0800495c   Data           2  wenyu_tmp_ctl_bsp.o(.constdata)
    aAPBAHBPrescTable                        0x0800495e   Data          16  stm32f1xx_hal_rcc.o(.constdata)
    Region$$Table$$Base                      0x08004970   Number         0  anon$$obj.o(Region$$Table)
    Region$$Table$$Limit                     0x08004990   Number         0  anon$$obj.o(Region$$Table)
    SystemCoreClock                          0x20000000   Data           4  system_stm32f1xx.o(.data)
    GPIO_PORT                                0x20000004   Data           4  wenyu_tmp_ctl_bsp.o(.data)
    Uart1ReadyRead                           0x2000000c   Data           1  main.o(.data)
    Uart1ReadyWrite                          0x2000000d   Data           1  main.o(.data)
    aRxBuffer                                0x2000000e   Data           1  main.o(.data)
    duty_cycle                               0x20000010   Data           2  main.o(.data)
    VirtAddVarTab                            0x20000020   Data           6  tmp_ctl.o(.data)
    VarDataTab                               0x20000026   Data           6  tmp_ctl.o(.data)
    weiyu_tmp_ctr                            0x20000054   Data          84  tmp_ctl.o(.data)
    DataVar                                  0x200000a8   Data           2  eeprom.o(.data)
    pFlash                                   0x200000b0   Data          32  stm32f1xx_hal_flash.o(.bss)
    hadc1                                    0x200000d0   Data          48  main.o(.bss)
    hiwdg                                    0x20000100   Data          16  main.o(.bss)
    hrtc                                     0x20000110   Data          20  main.o(.bss)
    htim2                                    0x20000124   Data          60  main.o(.bss)
    htim3                                    0x20000160   Data          60  main.o(.bss)
    huart1                                   0x2000019c   Data          64  main.o(.bss)
    hdma_usart1_tx                           0x200001dc   Data          56  main.o(.bss)
    hdma_usart1_rx                           0x20000214   Data          56  main.o(.bss)
    __initial_sp                             0x20000690   Data           0  startup_stm32f103xb.o(STACK)



==============================================================================

Memory Map of the image

  Image Entry point : 0x080000ed

  Load Region LR_IROM1 (Base: 0x08000000, Size: 0x00004a3c, Max: 0x00010000, ABSOLUTE)

    Execution Region ER_IROM1 (Base: 0x08000000, Size: 0x00004990, Max: 0x00010000, ABSOLUTE)

    Base Addr    Size         Type   Attr      Idx    E Section Name        Object

    0x08000000   0x000000ec   Data   RO         3442    RESET               startup_stm32f103xb.o
    0x080000ec   0x00000000   Code   RO         3447  * .ARM.Collect$$$$00000000  mc_w.l(entry.o)
    0x080000ec   0x00000004   Code   RO         3478    .ARM.Collect$$$$00000001  mc_w.l(entry2.o)
    0x080000f0   0x00000004   Code   RO         3481    .ARM.Collect$$$$00000004  mc_w.l(entry5.o)
    0x080000f4   0x00000000   Code   RO         3483    .ARM.Collect$$$$00000008  mc_w.l(entry7b.o)
    0x080000f4   0x00000000   Code   RO         3485    .ARM.Collect$$$$0000000A  mc_w.l(entry8b.o)
    0x080000f4   0x00000008   Code   RO         3486    .ARM.Collect$$$$0000000B  mc_w.l(entry9a.o)
    0x080000fc   0x00000000   Code   RO         3488    .ARM.Collect$$$$0000000D  mc_w.l(entry10a.o)
    0x080000fc   0x00000000   Code   RO         3490    .ARM.Collect$$$$0000000F  mc_w.l(entry11a.o)
    0x080000fc   0x00000004   Code   RO         3479    .ARM.Collect$$$$00002712  mc_w.l(entry2.o)
    0x08000100   0x00000024   Code   RO         3443    .text               startup_stm32f103xb.o
    0x08000124   0x00000020   Code   RO         3450    .text               mc_w.l(llushr.o)
    0x08000144   0x000000b0   Code   RO         3456    .text               mf_w.l(fadd.o)
    0x080001f4   0x00000064   Code   RO         3458    .text               mf_w.l(fmul.o)
    0x08000258   0x0000007c   Code   RO         3460    .text               mf_w.l(fdiv.o)
    0x080002d4   0x00000018   Code   RO         3462    .text               mf_w.l(fscalb.o)
    0x080002ec   0x0000002e   Code   RO         3464    .text               mf_w.l(dscalb.o)
    0x0800031a   0x00000012   Code   RO         3466    .text               mf_w.l(fflti.o)
    0x0800032c   0x0000000a   Code   RO         3468    .text               mf_w.l(ffltui.o)
    0x08000336   0x00000022   Code   RO         3470    .text               mf_w.l(dflti.o)
    0x08000358   0x00000032   Code   RO         3472    .text               mf_w.l(ffixi.o)
    0x0800038a   0x00000038   Code   RO         3474    .text               mf_w.l(d2f.o)
    0x080003c2   0x00000002   PAD
    0x080003c4   0x00000014   Code   RO         3476    .text               mf_w.l(cfcmple.o)
    0x080003d8   0x00000000   Code   RO         3492    .text               mc_w.l(iusefp.o)
    0x080003d8   0x0000006e   Code   RO         3493    .text               mf_w.l(fepilogue.o)
    0x08000446   0x000000ba   Code   RO         3495    .text               mf_w.l(depilogue.o)
    0x08000500   0x00000024   Code   RO         3497    .text               mc_w.l(init.o)
    0x08000524   0x0000001e   Code   RO         3499    .text               mc_w.l(llshl.o)
    0x08000542   0x00000052   Code   RO         1414    i.ADC_ConversionStop_Disable  stm32f1xx_hal_adc.o
    0x08000594   0x0000001c   Code   RO          134    i.BSP_BUZZER_Off    wenyu_tmp_ctl_bsp.o
    0x080005b0   0x0000001c   Code   RO          135    i.BSP_BUZZER_On     wenyu_tmp_ctl_bsp.o
    0x080005cc   0x0000006c   Code   RO          137    i.BSP_DS18B20_Get_Temp  wenyu_tmp_ctl_bsp.o
    0x08000638   0x0000001c   Code   RO          139    i.BSP_DS18B20_Mode_IPU  wenyu_tmp_ctl_bsp.o
    0x08000654   0x00000020   Code   RO          140    i.BSP_DS18B20_Mode_Out_PP  wenyu_tmp_ctl_bsp.o
    0x08000674   0x00000058   Code   RO          141    i.BSP_DS18B20_Presence  wenyu_tmp_ctl_bsp.o
    0x080006cc   0x00000054   Code   RO          142    i.BSP_DS18B20_Read_Byte  wenyu_tmp_ctl_bsp.o
    0x08000720   0x00000034   Code   RO          143    i.BSP_DS18B20_Rst   wenyu_tmp_ctl_bsp.o
    0x08000754   0x00000060   Code   RO          145    i.BSP_DS18B20_Write_Byte  wenyu_tmp_ctl_bsp.o
    0x080007b4   0x0000003c   Code   RO          146    i.BSP_udelay        wenyu_tmp_ctl_bsp.o
    0x080007f0   0x00000006   Code   RO         3122    i.BuzzerOFF         tmp_ctl.o
    0x080007f6   0x00000006   Code   RO         3123    i.BuzzerON          tmp_ctl.o
    0x080007fc   0x00000014   Code   RO         3124    i.BuzzerOutPut      tmp_ctl.o
    0x08000810   0x0000000c   Code   RO         2981    i.DMA1_Channel4_IRQHandler  stm32f1xx_it.o
    0x0800081c   0x0000000c   Code   RO         2982    i.DMA1_Channel5_IRQHandler  stm32f1xx_it.o
    0x08000828   0x00000022   Code   RO          456    i.DMA_SetConfig     stm32f1xx_hal_dma.o
    0x0800084a   0x00000002   PAD
    0x0800084c   0x00000050   Code   RO         3378    i.EE_FindValidPage  eeprom.o
    0x0800089c   0x0000005c   Code   RO         3379    i.EE_Format         eeprom.o
    0x080008f8   0x000001fc   Code   RO         3380    i.EE_Init           eeprom.o
    0x08000af4   0x000000b8   Code   RO         3381    i.EE_PageTransfer   eeprom.o
    0x08000bac   0x00000050   Code   RO         3382    i.EE_ReadVariable   eeprom.o
    0x08000bfc   0x00000060   Code   RO         3383    i.EE_VerifyPageFullWriteVariable  eeprom.o
    0x08000c5c   0x0000002c   Code   RO         3384    i.EE_VerifyPageFullyErased  eeprom.o
    0x08000c88   0x00000020   Code   RO         3385    i.EE_WriteVariable  eeprom.o
    0x08000ca8   0x00000024   Code   RO         1072    i.FLASH_MassErase   stm32f1xx_hal_flash_ex.o
    0x08000ccc   0x00000024   Code   RO         1081    i.FLASH_PageErase   stm32f1xx_hal_flash_ex.o
    0x08000cf0   0x0000001c   Code   RO          969    i.FLASH_Program_HalfWord  stm32f1xx_hal_flash.o
    0x08000d0c   0x0000004c   Code   RO          970    i.FLASH_SetErrorCode  stm32f1xx_hal_flash.o
    0x08000d58   0x00000068   Code   RO          971    i.FLASH_WaitForLastOperation  stm32f1xx_hal_flash.o
    0x08000dc0   0x00000004   Code   RO         3125    i.GetChannel        tmp_ctl.o
    0x08000dc4   0x0000000c   Code   RO         3126    i.GetCurrentTemp    tmp_ctl.o
    0x08000dd0   0x0000000c   Code   RO         3127    i.GetTemp           tmp_ctl.o
    0x08000ddc   0x00000004   Code   RO         3128    i.GetTimer          tmp_ctl.o
    0x08000de0   0x00000198   Code   RO         1420    i.HAL_ADC_ConfigChannel  stm32f1xx_hal_adc.o
    0x08000f78   0x0000013c   Code   RO         1429    i.HAL_ADC_Init      stm32f1xx_hal_adc.o
    0x080010b4   0x0000003c   Code   RO         3034    i.HAL_ADC_MspInit   stm32f1xx_hal_msp.o
    0x080010f0   0x0000025c   Code   RO          461    i.HAL_DMA_IRQHandler  stm32f1xx_hal_dma.o
    0x0800134c   0x00000062   Code   RO          462    i.HAL_DMA_Init      stm32f1xx_hal_dma.o
    0x080013ae   0x0000005c   Code   RO          465    i.HAL_DMA_Start_IT  stm32f1xx_hal_dma.o
    0x0800140a   0x00000016   Code   RO         1840    i.HAL_Delay         stm32f1xx_hal.o
    0x08001420   0x000000b4   Code   RO         1082    i.HAL_FLASHEx_Erase  stm32f1xx_hal_flash_ex.o
    0x080014d4   0x00000014   Code   RO          975    i.HAL_FLASH_Lock    stm32f1xx_hal_flash.o
    0x080014e8   0x00000094   Code   RO          980    i.HAL_FLASH_Program  stm32f1xx_hal_flash.o
    0x0800157c   0x00000028   Code   RO          982    i.HAL_FLASH_Unlock  stm32f1xx_hal_flash.o
    0x080015a4   0x000001e4   Code   RO          393    i.HAL_GPIO_Init     stm32f1xx_hal_gpio.o
    0x08001788   0x0000000e   Code   RO          395    i.HAL_GPIO_ReadPin  stm32f1xx_hal_gpio.o
    0x08001796   0x0000000e   Code   RO          397    i.HAL_GPIO_WritePin  stm32f1xx_hal_gpio.o
    0x080017a4   0x0000000c   Code   RO         1844    i.HAL_GetTick       stm32f1xx_hal.o
    0x080017b0   0x00000060   Code   RO         2842    i.HAL_IWDG_Init     stm32f1xx_hal_iwdg.o
    0x08001810   0x00000002   Code   RO         3035    i.HAL_IWDG_MspInit  stm32f1xx_hal_msp.o
    0x08001812   0x00000060   Code   RO         2844    i.HAL_IWDG_Refresh  stm32f1xx_hal_iwdg.o
    0x08001872   0x0000002c   Code   RO         2845    i.HAL_IWDG_Start    stm32f1xx_hal_iwdg.o
    0x0800189e   0x00000002   PAD
    0x080018a0   0x00000010   Code   RO         1845    i.HAL_IncTick       stm32f1xx_hal.o
    0x080018b0   0x00000024   Code   RO         1846    i.HAL_Init          stm32f1xx_hal.o
    0x080018d4   0x00000022   Code   RO         1847    i.HAL_InitTick      stm32f1xx_hal.o
    0x080018f6   0x00000002   PAD
    0x080018f8   0x00000038   Code   RO         3036    i.HAL_MspInit       stm32f1xx_hal_msp.o
    0x08001930   0x00000018   Code   RO          244    i.HAL_NVIC_EnableIRQ  stm32f1xx_hal_cortex.o
    0x08001948   0x00000068   Code   RO          250    i.HAL_NVIC_SetPriority  stm32f1xx_hal_cortex.o
    0x080019b0   0x00000024   Code   RO          251    i.HAL_NVIC_SetPriorityGrouping  stm32f1xx_hal_cortex.o
    0x080019d4   0x0000001a   Code   RO         1619    i.HAL_PWR_EnableBkUpAccess  stm32f1xx_hal_pwr.o
    0x080019ee   0x00000002   PAD
    0x080019f0   0x00000128   Code   RO          355    i.HAL_RCCEx_GetPeriphCLKFreq  stm32f1xx_hal_rcc_ex.o
    0x08001b18   0x00000188   Code   RO          356    i.HAL_RCCEx_PeriphCLKConfig  stm32f1xx_hal_rcc_ex.o
    0x08001ca0   0x00000320   Code   RO          829    i.HAL_RCC_ClockConfig  stm32f1xx_hal_rcc.o
    0x08001fc0   0x00000034   Code   RO          834    i.HAL_RCC_GetHCLKFreq  stm32f1xx_hal_rcc.o
    0x08001ff4   0x0000002c   Code   RO          836    i.HAL_RCC_GetPCLK1Freq  stm32f1xx_hal_rcc.o
    0x08002020   0x0000002c   Code   RO          837    i.HAL_RCC_GetPCLK2Freq  stm32f1xx_hal_rcc.o
    0x0800204c   0x00000098   Code   RO          838    i.HAL_RCC_GetSysClockFreq  stm32f1xx_hal_rcc.o
    0x080020e4   0x0000099c   Code   RO          841    i.HAL_RCC_OscConfig  stm32f1xx_hal_rcc.o
    0x08002a80   0x00000068   Code   RO          561    i.HAL_RTCEx_SetTamper  stm32f1xx_hal_rtc_ex.o
    0x08002ae8   0x000000b8   Code   RO          661    i.HAL_RTC_Init      stm32f1xx_hal_rtc.o
    0x08002ba0   0x00000044   Code   RO         3038    i.HAL_RTC_MspInit   stm32f1xx_hal_msp.o
    0x08002be4   0x000000e0   Code   RO          667    i.HAL_RTC_SetDate   stm32f1xx_hal_rtc.o
    0x08002cc4   0x000000c2   Code   RO          668    i.HAL_RTC_SetTime   stm32f1xx_hal_rtc.o
    0x08002d86   0x00000046   Code   RO          669    i.HAL_RTC_WaitForSynchro  stm32f1xx_hal_rtc.o
    0x08002dcc   0x0000001c   Code   RO          253    i.HAL_SYSTICK_CLKSourceConfig  stm32f1xx_hal_cortex.o
    0x08002de8   0x00000002   Code   RO          254    i.HAL_SYSTICK_Callback  stm32f1xx_hal_cortex.o
    0x08002dea   0x00000002   PAD
    0x08002dec   0x00000028   Code   RO          255    i.HAL_SYSTICK_Config  stm32f1xx_hal_cortex.o
    0x08002e14   0x00000008   Code   RO          256    i.HAL_SYSTICK_IRQHandler  stm32f1xx_hal_cortex.o
    0x08002e1c   0x00000002   Code   RO         1967    i.HAL_TIMEx_BreakCallback  stm32f1xx_hal_tim_ex.o
    0x08002e1e   0x00000002   Code   RO         1968    i.HAL_TIMEx_CommutationCallback  stm32f1xx_hal_tim_ex.o
    0x08002e20   0x00000066   Code   RO         1984    i.HAL_TIMEx_MasterConfigSynchronization  stm32f1xx_hal_tim_ex.o
    0x08002e86   0x00000038   Code   RO         2202    i.HAL_TIM_Base_Init  stm32f1xx_hal_tim.o
    0x08002ebe   0x00000002   PAD
    0x08002ec0   0x0000007c   Code   RO         3040    i.HAL_TIM_Base_MspInit  stm32f1xx_hal_msp.o
    0x08002f3c   0x00000110   Code   RO         2211    i.HAL_TIM_ConfigClockSource  stm32f1xx_hal_tim.o
    0x0800304c   0x00000002   Code   RO         2231    i.HAL_TIM_IC_CaptureCallback  stm32f1xx_hal_tim.o
    0x0800304e   0x00000174   Code   RO         2244    i.HAL_TIM_IRQHandler  stm32f1xx_hal_tim.o
    0x080031c2   0x00000056   Code   RO         2245    i.HAL_TIM_OC_ConfigChannel  stm32f1xx_hal_tim.o
    0x08003218   0x00000002   Code   RO         2247    i.HAL_TIM_OC_DelayElapsedCallback  stm32f1xx_hal_tim.o
    0x0800321a   0x00000038   Code   RO         2249    i.HAL_TIM_OC_Init   stm32f1xx_hal_tim.o
    0x08003252   0x00000002   Code   RO         2251    i.HAL_TIM_OC_MspInit  stm32f1xx_hal_tim.o
    0x08003254   0x0000004c   Code   RO         2261    i.HAL_TIM_OnePulse_Init  stm32f1xx_hal_tim.o
    0x080032a0   0x00000002   Code   RO         2263    i.HAL_TIM_OnePulse_MspInit  stm32f1xx_hal_tim.o
    0x080032a2   0x00000030   Code   RO         2264    i.HAL_TIM_OnePulse_Start  stm32f1xx_hal_tim.o
    0x080032d2   0x000000dc   Code   RO         2268    i.HAL_TIM_PWM_ConfigChannel  stm32f1xx_hal_tim.o
    0x080033ae   0x00000038   Code   RO         2271    i.HAL_TIM_PWM_Init  stm32f1xx_hal_tim.o
    0x080033e6   0x00000002   Code   RO         2273    i.HAL_TIM_PWM_MspInit  stm32f1xx_hal_tim.o
    0x080033e8   0x00000002   Code   RO         2274    i.HAL_TIM_PWM_PulseFinishedCallback  stm32f1xx_hal_tim.o
    0x080033ea   0x0000002e   Code   RO         2275    i.HAL_TIM_PWM_Start  stm32f1xx_hal_tim.o
    0x08003418   0x00000052   Code   RO         2278    i.HAL_TIM_PWM_Stop  stm32f1xx_hal_tim.o
    0x0800346a   0x00000002   Code   RO         2281    i.HAL_TIM_PeriodElapsedCallback  stm32f1xx_hal_tim.o
    0x0800346c   0x00000042   Code   RO         2283    i.HAL_TIM_SlaveConfigSynchronization  stm32f1xx_hal_tim.o
    0x080034ae   0x00000002   Code   RO         2285    i.HAL_TIM_TriggerCallback  stm32f1xx_hal_tim.o
    0x080034b0   0x00000002   Code   RO         1184    i.HAL_UART_ErrorCallback  stm32f1xx_hal_uart.o
    0x080034b2   0x000000ce   Code   RO         1187    i.HAL_UART_IRQHandler  stm32f1xx_hal_uart.o
    0x08003580   0x00000060   Code   RO         1188    i.HAL_UART_Init     stm32f1xx_hal_uart.o
    0x080035e0   0x000000bc   Code   RO         3042    i.HAL_UART_MspInit  stm32f1xx_hal_msp.o
    0x0800369c   0x00000094   Code   RO         1192    i.HAL_UART_Receive_DMA  stm32f1xx_hal_uart.o
    0x08003730   0x00000038   Code   RO         3043    i.HAL_UART_RxCpltCallback  stm32f1xx_hal_msp.o
    0x08003768   0x00000002   Code   RO         1195    i.HAL_UART_RxHalfCpltCallback  stm32f1xx_hal_uart.o
    0x0800376a   0x00000002   PAD
    0x0800376c   0x000000a4   Code   RO         1197    i.HAL_UART_Transmit_DMA  stm32f1xx_hal_uart.o
    0x08003810   0x00000002   Code   RO         1199    i.HAL_UART_TxCpltCallback  stm32f1xx_hal_uart.o
    0x08003812   0x00000002   Code   RO         1200    i.HAL_UART_TxHalfCpltCallback  stm32f1xx_hal_uart.o
    0x08003814   0x0000005c   Code   RO         3129    i.Init              tmp_ctl.o
    0x08003870   0x0000002c   Code   RO         3130    i.InserAver         tmp_ctl.o
    0x0800389c   0x0000005a   Code   RO         3131    i.InsertSort        tmp_ctl.o
    0x080038f6   0x00000002   PAD
    0x080038f8   0x0000003c   Code   RO         2889    i.MX_ADC1_Init      main.o
    0x08003934   0x0000003c   Code   RO         2890    i.MX_DMA_Init       main.o
    0x08003970   0x000000a4   Code   RO         2891    i.MX_GPIO_Init      main.o
    0x08003a14   0x0000001c   Code   RO         2892    i.MX_IWDG_Init      main.o
    0x08003a30   0x00000064   Code   RO         2893    i.MX_RTC_Init       main.o
    0x08003a94   0x00000054   Code   RO         2894    i.MX_TIM2_Init      main.o
    0x08003ae8   0x00000070   Code   RO         2895    i.MX_TIM3_Init      main.o
    0x08003b58   0x00000028   Code   RO         2896    i.MX_USART1_UART_Init  main.o
    0x08003b80   0x000000d4   Code   RO         3132    i.PID_Algorithm     tmp_ctl.o
    0x08003c54   0x000000ec   Code   RO         3133    i.PWMOutPut         tmp_ctl.o
    0x08003d40   0x0000000c   Code   RO         3298    i.QUEUE_PacketCreate  queue.o
    0x08003d4c   0x00000038   Code   RO         3300    i.QUEUE_PacketIn    queue.o
    0x08003d84   0x000000f2   Code   RO         3303    i.QUEUE_PacketStartEndCharSplit  queue.o
    0x08003e76   0x00000012   Code   RO          670    i.RTC_Bcd2ToByte    stm32f1xx_hal_rtc.o
    0x08003e88   0x0000003c   Code   RO          673    i.RTC_EnterInitMode  stm32f1xx_hal_rtc.o
    0x08003ec4   0x0000003c   Code   RO          674    i.RTC_ExitInitMode  stm32f1xx_hal_rtc.o
    0x08003f00   0x0000000e   Code   RO          676    i.RTC_ReadAlarmCounter  stm32f1xx_hal_rtc.o
    0x08003f0e   0x00000020   Code   RO          677    i.RTC_ReadTimeCounter  stm32f1xx_hal_rtc.o
    0x08003f2e   0x00000002   PAD
    0x08003f30   0x00000088   Code   RO          678    i.RTC_WeekDayNum    stm32f1xx_hal_rtc.o
    0x08003fb8   0x0000002e   Code   RO          679    i.RTC_WriteAlarmCounter  stm32f1xx_hal_rtc.o
    0x08003fe6   0x0000002e   Code   RO          680    i.RTC_WriteTimeCounter  stm32f1xx_hal_rtc.o
    0x08004014   0x00000034   Code   RO         3134    i.ReadCurrentTemp   tmp_ctl.o
    0x08004048   0x00000010   Code   RO         3135    i.RxRead            tmp_ctl.o
    0x08004058   0x0000008c   Code   RO         2897    i.RxTxProcessing    main.o
    0x080040e4   0x00000010   Code   RO         3136    i.RxWrite           tmp_ctl.o
    0x080040f4   0x0000000c   Code   RO         3137    i.SetBuzzer         tmp_ctl.o
    0x08004100   0x00000034   Code   RO         3138    i.SetTemp           tmp_ctl.o
    0x08004134   0x00000002   Code   RO         3139    i.SetTimer          tmp_ctl.o
    0x08004136   0x00000002   PAD
    0x08004138   0x00000030   Code   RO         3140    i.SwitchOnOff       tmp_ctl.o
    0x08004168   0x0000000e   Code   RO         2983    i.SysTick_Handler   stm32f1xx_it.o
    0x08004176   0x00000076   Code   RO         2898    i.SystemClock_Config  main.o
    0x080041ec   0x00000048   Code   RO            5    i.SystemInit        system_stm32f1xx.o
    0x08004234   0x0000000c   Code   RO         2984    i.TIM2_IRQHandler   stm32f1xx_it.o
    0x08004240   0x00000068   Code   RO         2286    i.TIM_Base_SetConfig  stm32f1xx_hal_tim.o
    0x080042a8   0x0000001a   Code   RO         2287    i.TIM_CCxChannelCmd  stm32f1xx_hal_tim.o
    0x080042c2   0x00000016   Code   RO         2293    i.TIM_ETR_SetConfig  stm32f1xx_hal_tim.o
    0x080042d8   0x00000010   Code   RO         2294    i.TIM_ITRx_SetConfig  stm32f1xx_hal_tim.o
    0x080042e8   0x00000068   Code   RO         2295    i.TIM_OC1_SetConfig  stm32f1xx_hal_tim.o
    0x08004350   0x00000068   Code   RO         2296    i.TIM_OC2_SetConfig  stm32f1xx_hal_tim.o
    0x080043b8   0x00000068   Code   RO         2297    i.TIM_OC3_SetConfig  stm32f1xx_hal_tim.o
    0x08004420   0x0000004e   Code   RO         2298    i.TIM_OC4_SetConfig  stm32f1xx_hal_tim.o
    0x0800446e   0x00000080   Code   RO         2299    i.TIM_SlaveTimer_SetConfig  stm32f1xx_hal_tim.o
    0x080044ee   0x00000026   Code   RO         2300    i.TIM_TI1_ConfigInputStage  stm32f1xx_hal_tim.o
    0x08004514   0x00000024   Code   RO         2302    i.TIM_TI2_ConfigInputStage  stm32f1xx_hal_tim.o
    0x08004538   0x0000001e   Code   RO         1201    i.UART_DMAError     stm32f1xx_hal_uart.o
    0x08004556   0x0000003a   Code   RO         1202    i.UART_DMAReceiveCplt  stm32f1xx_hal_uart.o
    0x08004590   0x0000000a   Code   RO         1203    i.UART_DMARxHalfCplt  stm32f1xx_hal_uart.o
    0x0800459a   0x00000030   Code   RO         1204    i.UART_DMATransmitCplt  stm32f1xx_hal_uart.o
    0x080045ca   0x0000000a   Code   RO         1205    i.UART_DMATxHalfCplt  stm32f1xx_hal_uart.o
    0x080045d4   0x00000034   Code   RO         1206    i.UART_EndTransmit_IT  stm32f1xx_hal_uart.o
    0x08004608   0x000000b0   Code   RO         1207    i.UART_Receive_IT   stm32f1xx_hal_uart.o
    0x080046b8   0x00000120   Code   RO         1208    i.UART_SetConfig    stm32f1xx_hal_uart.o
    0x080047d8   0x0000006a   Code   RO         1209    i.UART_Transmit_IT  stm32f1xx_hal_uart.o
    0x08004842   0x00000002   PAD
    0x08004844   0x0000000c   Code   RO         2985    i.USART1_IRQHandler  stm32f1xx_it.o
    0x08004850   0x00000010   Code   RO         3143    i.UartReceive       tmp_ctl.o
    0x08004860   0x00000010   Code   RO         3144    i.UartTransmit      tmp_ctl.o
    0x08004870   0x0000000e   Code   RO         3503    i.__scatterload_copy  mc_w.l(handlers.o)
    0x0800487e   0x00000002   Code   RO         3504    i.__scatterload_null  mc_w.l(handlers.o)
    0x08004880   0x0000000e   Code   RO         3505    i.__scatterload_zeroinit  mc_w.l(handlers.o)
    0x0800488e   0x00000036   Code   RO         3145    i.getCrc8           tmp_ctl.o
    0x080048c4   0x00000098   Code   RO         2899    i.main              main.o
    0x0800495c   0x00000002   Data   RO          147    .constdata          wenyu_tmp_ctl_bsp.o
    0x0800495e   0x00000010   Data   RO          842    .constdata          stm32f1xx_hal_rcc.o
    0x0800496e   0x00000002   PAD
    0x08004970   0x00000020   Data   RO         3501    Region$$Table       anon$$obj.o


    Execution Region RW_IRAM1 (Base: 0x20000000, Size: 0x00000690, Max: 0x00005000, ABSOLUTE)

    Base Addr    Size         Type   Attr      Idx    E Section Name        Object

    0x20000000   0x00000004   Data   RW            7    .data               system_stm32f1xx.o
    0x20000004   0x00000004   Data   RW          148    .data               wenyu_tmp_ctl_bsp.o
    0x20000008   0x00000004   Data   RW         1852    .data               stm32f1xx_hal.o
    0x2000000c   0x00000006   Data   RW         2903    .data               main.o
    0x20000012   0x00000002   PAD
    0x20000014   0x00000040   Data   RW         3147    .data               tmp_ctl.o
    0x20000054   0x00000054   Data   RW         3149    .data               tmp_ctl.o
    0x200000a8   0x00000002   Data   RW         3386    .data               eeprom.o
    0x200000aa   0x00000006   PAD
    0x200000b0   0x00000020   Zero   RW          983    .bss                stm32f1xx_hal_flash.o
    0x200000d0   0x0000010c   Zero   RW         2900    .bss                main.o
    0x200001dc   0x00000038   Zero   RW         2901    .bss                main.o
    0x20000214   0x00000038   Zero   RW         2902    .bss                main.o
    0x2000024c   0x00000040   Zero   RW         3146    .bss                tmp_ctl.o
    0x2000028c   0x00000004   PAD
    0x20000290   0x00000400   Zero   RW         3440    STACK               startup_stm32f103xb.o


==============================================================================

Image component sizes


      Code (inc. data)   RO Data    RW Data    ZI Data      Debug   Object Name

      1116         72          0          2          0       7217   eeprom.o
      1058        104          0          6        380       6653   main.o
       310          0          0          0          0       2854   queue.o
        36          8        236          0       1024        860   startup_stm32f103xb.o
       120         16          0          4          0       3406   stm32f1xx_hal.o
       806         16          0          0          0       3200   stm32f1xx_hal_adc.o
       242         16          0          0          0      26517   stm32f1xx_hal_cortex.o
       828         28          0          0          0       3559   stm32f1xx_hal_dma.o
       416         54          0          0         32       4026   stm32f1xx_hal_flash.o
       252         26          0          0          0       2359   stm32f1xx_hal_flash_ex.o
       512         12          0          0          0       3575   stm32f1xx_hal_gpio.o
       236          0          0          0          0       2404   stm32f1xx_hal_iwdg.o
       554         70          0          0          0       4485   stm32f1xx_hal_msp.o
        26          0          0          0          0        487   stm32f1xx_hal_pwr.o
      3552         82         16          0          0       7216   stm32f1xx_hal_rcc.o
       688         46          0          0          0       2673   stm32f1xx_hal_rcc_ex.o
      1084         26          0          0          0       8988   stm32f1xx_hal_rtc.o
       104          8          0          0          0       1238   stm32f1xx_hal_rtc_ex.o
      2212         36          0          0          0      20374   stm32f1xx_hal_tim.o
       106          0          0          0          0       2190   stm32f1xx_hal_tim_ex.o
      1400         30          0          0          0      11404   stm32f1xx_hal_uart.o
        62         24          0          0          0       2050   stm32f1xx_it.o
        72         12          0          4          0     282649   system_stm32f1xx.o
      1022        128          0        148         64      13991   tmp_ctl.o
       604         50          2          4          0       7255   wenyu_tmp_ctl_bsp.o

    ----------------------------------------------------------------------
     17440        864        288        172       1508     431630   Object Totals
         0          0         32          0          0          0   (incl. Generated)
        22          0          2          4          8          0   (incl. Padding)

    ----------------------------------------------------------------------

      Code (inc. data)   RO Data    RW Data    ZI Data      Debug   Library Member Name

         0          0          0          0          0          0   entry.o
         0          0          0          0          0          0   entry10a.o
         0          0          0          0          0          0   entry11a.o
         8          4          0          0          0          0   entry2.o
         4          0          0          0          0          0   entry5.o
         0          0          0          0          0          0   entry7b.o
         0          0          0          0          0          0   entry8b.o
         8          4          0          0          0          0   entry9a.o
        30          0          0          0          0          0   handlers.o
        36          8          0          0          0         68   init.o
         0          0          0          0          0          0   iusefp.o
        30          0          0          0          0         68   llshl.o
        32          0          0          0          0         68   llushr.o
        20          0          0          0          0         68   cfcmple.o
        56          0          0          0          0         88   d2f.o
       186          0          0          0          0        176   depilogue.o
        34          0          0          0          0         76   dflti.o
        46          0          0          0          0         80   dscalb.o
       176          0          0          0          0        140   fadd.o
       124          0          0          0          0         88   fdiv.o
       110          0          0          0          0        168   fepilogue.o
        50          0          0          0          0         68   ffixi.o
        18          0          0          0          0         68   fflti.o
        10          0          0          0          0         68   ffltui.o
       100          0          0          0          0         76   fmul.o
        24          0          0          0          0         68   fscalb.o

    ----------------------------------------------------------------------
      1104         16          0          0          0       1436   Library Totals
         2          0          0          0          0          0   (incl. Padding)

    ----------------------------------------------------------------------

      Code (inc. data)   RO Data    RW Data    ZI Data      Debug   Library Name

       148         16          0          0          0        204   mc_w.l
       954          0          0          0          0       1232   mf_w.l

    ----------------------------------------------------------------------
      1104         16          0          0          0       1436   Library Totals

    ----------------------------------------------------------------------

==============================================================================


      Code (inc. data)   RO Data    RW Data    ZI Data      Debug   

     18544        880        288        172       1508     423650   Grand Totals
     18544        880        288        172       1508     423650   ELF Image Totals
     18544        880        288        172          0          0   ROM Totals

==============================================================================

    Total RO  Size (Code + RO Data)                18832 (  18.39kB)
    Total RW  Size (RW Data + ZI Data)              1680 (   1.64kB)
    Total ROM Size (Code + RO Data + RW Data)      19004 (  18.56kB)

==============================================================================

